 mpc_tmpdemo_2014b_sfun

 Timestamp is 5624df0d (Mon Oct 19 14:16:13 2015)

 Preferred load address is 0000000180000000

 Start         Length     Name                   Class
 0001:00000000 00063de2H .text                   CODE
 0001:00063df0 00000092H .text$x                 CODE
 0002:00000000 00000490H .idata$5                DATA
 0002:00000490 00000008H .CRT$XCA                DATA
 0002:00000498 00000008H .CRT$XCZ                DATA
 0002:000004a0 00000008H .CRT$XIA                DATA
 0002:000004a8 00000008H .CRT$XIAA               DATA
 0002:000004b0 00000008H .CRT$XIZ                DATA
 0002:000004c0 000007ccH .rdata                  DATA
 0002:00000c90 00000008H .rtc$IAA                DATA
 0002:00000c98 00000008H .rtc$IZZ                DATA
 0002:00000ca0 00000008H .rtc$TAA                DATA
 0002:00000ca8 00000008H .rtc$TZZ                DATA
 0002:00000cb0 0000173cH .xdata                  DATA
 0002:000023ec 0000008cH .idata$2                DATA
 0002:00002478 00000014H .idata$3                DATA
 0002:00002490 00000490H .idata$4                DATA
 0002:00002920 00000c96H .idata$6                DATA
 0002:000035c0 0000005cH .edata                  DATA
 0003:00000000 0002bbb8H .data                   DATA
 0003:0002bbc0 00000700H .bss                    DATA
 0004:00000000 0000177cH .pdata                  DATA

  Address         Publics by Value              Rva+Base               Lib:Object

 0000:00000000       ___safe_se_handler_table   0000000000000000     <absolute>
 0000:00000000       ___safe_se_handler_count   0000000000000000     <absolute>
 0000:00000000       __ImageBase                0000000180000000     <linker-defined>
 0001:00000000       mpc_tmpdemo_2014b_initializer 0000000180001000 f   mpc_tmpdemo_2014b_sfun.obj
 0001:00000010       mpc_tmpdemo_2014b_terminator 0000000180001010 f   mpc_tmpdemo_2014b_sfun.obj
 0001:00000020       sf_mpc_tmpdemo_2014b_method_dispatcher 0000000180001020 f   mpc_tmpdemo_2014b_sfun.obj
 0001:000000b0       sf_mpc_tmpdemo_2014b_uses_exported_functions 00000001800010b0 f   mpc_tmpdemo_2014b_sfun.obj
 0001:000000f0       sf_mpc_tmpdemo_2014b_process_check_sum_call 00000001800010f0 f   mpc_tmpdemo_2014b_sfun.obj
 0001:00000530       sf_mpc_tmpdemo_2014b_autoinheritance_info 0000000180001530 f   mpc_tmpdemo_2014b_sfun.obj
 0001:00000740       sf_mpc_tmpdemo_2014b_get_eml_resolved_functions_info 0000000180001740 f   mpc_tmpdemo_2014b_sfun.obj
 0001:000008f0       sf_mpc_tmpdemo_2014b_third_party_uses_info 00000001800018f0 f   mpc_tmpdemo_2014b_sfun.obj
 0001:00000aa0       sf_mpc_tmpdemo_2014b_jit_fallback_info 0000000180001aa0 f   mpc_tmpdemo_2014b_sfun.obj
 0001:00000c50       sf_mpc_tmpdemo_2014b_updateBuildInfo_args_info 0000000180001c50 f   mpc_tmpdemo_2014b_sfun.obj
 0001:00000e00       sf_mpc_tmpdemo_2014b_get_post_codegen_info 0000000180001e00 f   mpc_tmpdemo_2014b_sfun.obj
 0001:00000f30       mpc_tmpdemo_2014b_debug_initialize 0000000180001f30 f   mpc_tmpdemo_2014b_sfun.obj
 0001:00000fb0       mpc_tmpdemo_2014b_register_exported_symbols 0000000180001fb0 f   mpc_tmpdemo_2014b_sfun.obj
 0001:00000fc0       load_mpc_tmpdemo_2014b_optimization_info 0000000180001fc0 f   mpc_tmpdemo_2014b_sfun.obj
 0001:00001010       unload_mpc_tmpdemo_2014b_optimization_info 0000000180002010 f   mpc_tmpdemo_2014b_sfun.obj
 0001:00001040       sf_c1_mpc_tmpdemo_2014b_get_eml_resolved_functions_info 0000000180002040 f   c1_mpc_tmpdemo_2014b.obj
 0001:00003b00       sf_c1_mpc_tmpdemo_2014b_get_check_sum 0000000180004b00 f   c1_mpc_tmpdemo_2014b.obj
 0001:00003b80       sf_c1_mpc_tmpdemo_2014b_get_autoinheritance_info 0000000180004b80 f   c1_mpc_tmpdemo_2014b.obj
 0001:000051b0       sf_c1_mpc_tmpdemo_2014b_third_party_uses_info 00000001800061b0 f   c1_mpc_tmpdemo_2014b.obj
 0001:000051e0       sf_c1_mpc_tmpdemo_2014b_jit_fallback_info 00000001800061e0 f   c1_mpc_tmpdemo_2014b.obj
 0001:000052b0       sf_c1_mpc_tmpdemo_2014b_updateBuildInfo_args_info 00000001800062b0 f   c1_mpc_tmpdemo_2014b.obj
 0001:000052e0       sf_c1_mpc_tmpdemo_2014b_get_post_codegen_info 00000001800062e0 f   c1_mpc_tmpdemo_2014b.obj
 0001:000053b0       c1_mpc_tmpdemo_2014b_method_dispatcher 00000001800063b0 f   c1_mpc_tmpdemo_2014b.obj
 0001:0000fef0       sf_c2_mpc_tmpdemo_2014b_get_eml_resolved_functions_info 0000000180010ef0 f   c2_mpc_tmpdemo_2014b.obj
 0001:000129b0       sf_c2_mpc_tmpdemo_2014b_get_check_sum 00000001800139b0 f   c2_mpc_tmpdemo_2014b.obj
 0001:00012a30       sf_c2_mpc_tmpdemo_2014b_get_autoinheritance_info 0000000180013a30 f   c2_mpc_tmpdemo_2014b.obj
 0001:00014060       sf_c2_mpc_tmpdemo_2014b_third_party_uses_info 0000000180015060 f   c2_mpc_tmpdemo_2014b.obj
 0001:00014090       sf_c2_mpc_tmpdemo_2014b_jit_fallback_info 0000000180015090 f   c2_mpc_tmpdemo_2014b.obj
 0001:00014160       sf_c2_mpc_tmpdemo_2014b_updateBuildInfo_args_info 0000000180015160 f   c2_mpc_tmpdemo_2014b.obj
 0001:00014190       sf_c2_mpc_tmpdemo_2014b_get_post_codegen_info 0000000180015190 f   c2_mpc_tmpdemo_2014b.obj
 0001:00014260       c2_mpc_tmpdemo_2014b_method_dispatcher 0000000180015260 f   c2_mpc_tmpdemo_2014b.obj
 0001:0001ecf0       sf_c4_mpc_tmpdemo_2014b_get_eml_resolved_functions_info 000000018001fcf0 f   c4_mpc_tmpdemo_2014b.obj
 0001:000217b0       sf_c4_mpc_tmpdemo_2014b_get_check_sum 00000001800227b0 f   c4_mpc_tmpdemo_2014b.obj
 0001:00021830       sf_c4_mpc_tmpdemo_2014b_get_autoinheritance_info 0000000180022830 f   c4_mpc_tmpdemo_2014b.obj
 0001:00022e60       sf_c4_mpc_tmpdemo_2014b_third_party_uses_info 0000000180023e60 f   c4_mpc_tmpdemo_2014b.obj
 0001:00022e90       sf_c4_mpc_tmpdemo_2014b_jit_fallback_info 0000000180023e90 f   c4_mpc_tmpdemo_2014b.obj
 0001:00022f60       sf_c4_mpc_tmpdemo_2014b_updateBuildInfo_args_info 0000000180023f60 f   c4_mpc_tmpdemo_2014b.obj
 0001:00022f90       sf_c4_mpc_tmpdemo_2014b_get_post_codegen_info 0000000180023f90 f   c4_mpc_tmpdemo_2014b.obj
 0001:00023060       c4_mpc_tmpdemo_2014b_method_dispatcher 0000000180024060 f   c4_mpc_tmpdemo_2014b.obj
 0001:0002e1e0       sf_process_check_sum_call  000000018002f1e0 f   mpc_tmpdemo_2014b_sfun_registry.obj
 0001:0002e250       sf_process_machine_uses_exported_functions_call 000000018002f250 f   mpc_tmpdemo_2014b_sfun_registry.obj
 0001:0002e3f0       sf_process_autoinheritance_call 000000018002f3f0 f   mpc_tmpdemo_2014b_sfun_registry.obj
 0001:0002e630       sf_process_get_third_party_uses_info_call 000000018002f630 f   mpc_tmpdemo_2014b_sfun_registry.obj
 0001:0002e870       sf_process_get_jit_fallback_info_call 000000018002f870 f   mpc_tmpdemo_2014b_sfun_registry.obj
 0001:0002eab0       sf_process_get_updateBuildInfo_args_info_call 000000018002fab0 f   mpc_tmpdemo_2014b_sfun_registry.obj
 0001:0002ecf0       sf_process_get_eml_resolved_functions_info_call 000000018002fcf0 f   mpc_tmpdemo_2014b_sfun_registry.obj
 0001:0002eee0       sf_process_get_post_codegen_info 000000018002fee0 f   mpc_tmpdemo_2014b_sfun_registry.obj
 0001:0002f080       sf_mex_unlock_call         0000000180030080 f   mpc_tmpdemo_2014b_sfun_registry.obj
 0001:0002f130       sf_machine_global_initializer_called 0000000180030130 f   mpc_tmpdemo_2014b_sfun_registry.obj
 0001:0002f160       sf_machine_global_method_dispatcher 0000000180030160 f   mpc_tmpdemo_2014b_sfun_registry.obj
 0001:0002f200       sf_machine_global_terminator 0000000180030200 f   mpc_tmpdemo_2014b_sfun_registry.obj
 0001:0002f250       sf_register_machine_exported_symbols 0000000180030250 f   mpc_tmpdemo_2014b_sfun_registry.obj
 0001:0002f280       callCustomFcn              0000000180030280 f   mpc_tmpdemo_2014b_sfun_registry.obj
 0001:0002f290       sf_machine_global_initializer 0000000180030290 f   mpc_tmpdemo_2014b_sfun_registry.obj
 0001:0002f320       mdlGetSimState             0000000180030320 f   mpc_tmpdemo_2014b_sfun_registry.obj
 0001:0002f3a0       mdlSetSimState             00000001800303a0 f   mpc_tmpdemo_2014b_sfun_registry.obj
 0001:0002f3e0       _ssSetStateAbsTol          00000001800303e0 f   mpc_tmpdemo_2014b_sfun_registry.obj
 0001:0002f4c0       _ssGetAbsTol               00000001800304c0 f   mpc_tmpdemo_2014b_sfun_registry.obj
 0001:0002f530       _ssSetInputPortMatrixDimensions 0000000180030530 f   mpc_tmpdemo_2014b_sfun_registry.obj
 0001:0002f640       _ssSetOutputPortMatrixDimensions 0000000180030640 f   mpc_tmpdemo_2014b_sfun_registry.obj
 0001:0002f750       _ssSetInputPortVectorDimension 0000000180030750 f   mpc_tmpdemo_2014b_sfun_registry.obj
 0001:0002f820       _ssSetOutputPortVectorDimension 0000000180030820 f   mpc_tmpdemo_2014b_sfun_registry.obj
 0001:0002f8f0       ssIsRunTimeParamTunable    00000001800308f0 f   mpc_tmpdemo_2014b_sfun_registry.obj
 0001:0002f960       ssGetSFuncBlockHandle      0000000180030960 f   mpc_tmpdemo_2014b_sfun_registry.obj
 0001:0002f9d0       _ssGetCurrentInputPortWidth 00000001800309d0 f   mpc_tmpdemo_2014b_sfun_registry.obj
 0001:0002faf0       _ssGetCurrentOutputPortWidth 0000000180030af0 f   mpc_tmpdemo_2014b_sfun_registry.obj
 0001:0002fc10       _ssGetCallSystemNumFcnCallDestinations 0000000180030c10 f   mpc_tmpdemo_2014b_sfun_registry.obj
 0001:0002fc80       ssWarning                  0000000180030c80 f   mpc_tmpdemo_2014b_sfun_registry.obj
 0001:0002fd90       ssGetIsZeroCrossControlDisabled 0000000180030d90 f   mpc_tmpdemo_2014b_sfun_registry.obj
 0001:0002fe00       ssSetIsInputPortUsedForContZcSignal 0000000180030e00 f   mpc_tmpdemo_2014b_sfun_registry.obj
 0001:0002fe70       ssSetZcSignalIsZcElementDisc 0000000180030e70 f   mpc_tmpdemo_2014b_sfun_registry.obj
 0001:0002ff20       ssSetZcSignalName          0000000180030f20 f   mpc_tmpdemo_2014b_sfun_registry.obj
 0001:0002ff90       ssSetZcSignalWidth         0000000180030f90 f   mpc_tmpdemo_2014b_sfun_registry.obj
 0001:00030000       ssSetZcSignalZcEventType   0000000180031000 f   mpc_tmpdemo_2014b_sfun_registry.obj
 0001:00030070       ssSetZcSignalType          0000000180031070 f   mpc_tmpdemo_2014b_sfun_registry.obj
 0001:000300e0       ssSetZcSignalZcTol         00000001800310e0 f   mpc_tmpdemo_2014b_sfun_registry.obj
 0001:00030150       ssSetZcSignalNeedsEventNotification 0000000180031150 f   mpc_tmpdemo_2014b_sfun_registry.obj
 0001:000301c0       ssCreateAndAddZcSignalInfo 00000001800311c0 f   mpc_tmpdemo_2014b_sfun_registry.obj
 0001:00030230       ssCloneAndAddZcSignalInfo  0000000180031230 f   mpc_tmpdemo_2014b_sfun_registry.obj
 0001:000302a0       ssGetNumZcSignals          00000001800312a0 f   mpc_tmpdemo_2014b_sfun_registry.obj
 0001:00030310       ssGetZcSignalVector        0000000180031310 f   mpc_tmpdemo_2014b_sfun_registry.obj
 0001:00030380       ssGetZcSignalZcEvents      0000000180031380 f   mpc_tmpdemo_2014b_sfun_registry.obj
 0001:000303f0       ssGetZcSignalName          00000001800313f0 f   mpc_tmpdemo_2014b_sfun_registry.obj
 0001:00030460       ssGetZcSignalWidth         0000000180031460 f   mpc_tmpdemo_2014b_sfun_registry.obj
 0001:000304d0       ssGetZcSignalZcEventType   00000001800314d0 f   mpc_tmpdemo_2014b_sfun_registry.obj
 0001:00030540       ssGetZcSignalType          0000000180031540 f   mpc_tmpdemo_2014b_sfun_registry.obj
 0001:000305b0       ssGetZcSignalZcTol         00000001800315b0 f   mpc_tmpdemo_2014b_sfun_registry.obj
 0001:00030630       ssGetZcSignalNeedsEventNotification 0000000180031630 f   mpc_tmpdemo_2014b_sfun_registry.obj
 0001:000306a0       ssGetZcSignalIsZcElementDisc 00000001800316a0 f   mpc_tmpdemo_2014b_sfun_registry.obj
 0001:00030740       ssGetIsInputPortElementContinuous 0000000180031740 f   mpc_tmpdemo_2014b_sfun_registry.obj
 0001:000307e0       _ssGetInputPortSignalPtrsFcn 00000001800317e0 f   mpc_tmpdemo_2014b_sfun_registry.obj
 0001:00030aa0       _ssGetInputPortSignalFcn   0000000180031aa0 f   mpc_tmpdemo_2014b_sfun_registry.obj
 0001:00030cc0       _ssSetInputPortDirectFeedThroughFcn 0000000180031cc0 f   mpc_tmpdemo_2014b_sfun_registry.obj
 0001:00030e20       _ssSetInputPortReusableFcn 0000000180031e20 f   mpc_tmpdemo_2014b_sfun_registry.obj
 0001:00030f10       _ssSetOutputPortReusableFcn 0000000180031f10 f   mpc_tmpdemo_2014b_sfun_registry.obj
 0001:00030ff0       ssGetDTypeIdFromMxArray    0000000180031ff0 f   mpc_tmpdemo_2014b_sfun_registry.obj
 0001:00031110       ssWriteRTWStr              0000000180032110 f   mpc_tmpdemo_2014b_sfun_registry.obj
 0001:00031170       ssWriteRTWMxVectParam      0000000180032170 f   mpc_tmpdemo_2014b_sfun_registry.obj
 0001:000311d0       ssWriteRTWMx2dMatParam     00000001800321d0 f   mpc_tmpdemo_2014b_sfun_registry.obj
 0001:00031250       ssWriteRTWNameValuePair    0000000180032250 f   mpc_tmpdemo_2014b_sfun_registry.obj
 0001:00031740       ssWriteRTWParameters       0000000180032740 f   mpc_tmpdemo_2014b_sfun_registry.obj
 0001:00031d40       ssWriteRTWParamSettings    0000000180032d40 f   mpc_tmpdemo_2014b_sfun_registry.obj
 0001:00032410       ssWriteRTWWorkVect         0000000180033410 f   mpc_tmpdemo_2014b_sfun_registry.obj
 0001:00032910       mexFunction                0000000180033910 f   mpc_tmpdemo_2014b_sfun_registry.obj
 0001:00034e30       ProcessMexSfunctionEveryCall 0000000180035e30 f   mpc_tmpdemo_2014b_sfun_registry.obj
 0001:00034fb2       sf_debug_set_machine_data_thresholds 0000000180035fb2 f   sf_runtime:sf_runtime.dll
 0001:00034fb8       sf_debug_set_machine_event_thresholds 0000000180035fb8 f   sf_runtime:sf_runtime.dll
 0001:00034fbe       sf_debug_initialize_machine 0000000180035fbe f   sf_runtime:sf_runtime.dll
 0001:00034fc4       sf_load_rtw_optimization_info 0000000180035fc4 f   sf_runtime:sf_runtime.dll
 0001:00034fca       sf_mex_emlrtNameCapturePostProcessR2012a 0000000180035fca f   sf_runtime:sf_runtime.dll
 0001:00034fd0       sf_mex_assign              0000000180035fd0 f   sf_runtime:sf_runtime.dll
 0001:00034fd6       sf_mex_createstruct        0000000180035fd6 f   sf_runtime:sf_runtime.dll
 0001:00034fdc       sf_mex_destroy             0000000180035fdc f   sf_runtime:sf_runtime.dll
 0001:00034fe2       sf_mex_duplicatearraysafe  0000000180035fe2 f   sf_runtime:sf_runtime.dll
 0001:00034fe8       sf_mex_createcellmatrix    0000000180035fe8 f   sf_runtime:sf_runtime.dll
 0001:00034fee       sf_mex_addfield            0000000180035fee f   sf_runtime:sf_runtime.dll
 0001:00034ff4       sf_mex_create              0000000180035ff4 f   sf_runtime:sf_runtime.dll
 0001:00034ffa       sf_mex_error_message       0000000180035ffa f   sf_runtime:sf_runtime.dll
 0001:00035000       sf_set_rtw_dwork_info      0000000180036000 f   sf_runtime:sf_runtime.dll
 0001:00035006       sf_mark_chart_reusable_outputs 0000000180036006 f   sf_runtime:sf_runtime.dll
 0001:0003500c       sf_mark_chart_expressionable_inputs 000000018003600c f   sf_runtime:sf_runtime.dll
 0001:00035012       sf_update_buildInfo        0000000180036012 f   sf_runtime:sf_runtime.dll
 0001:00035018       sf_rtw_info_uint_prop      0000000180036018 f   sf_runtime:sf_runtime.dll
 0001:0003501e       sf_is_chart_inlinable      000000018003601e f   sf_runtime:sf_runtime.dll
 0001:00035024       sim_mode_is_external       0000000180036024 f   sf_runtime:sf_runtime.dll
 0001:0003502a       sim_mode_is_rtw_gen        000000018003602a f   sf_runtime:sf_runtime.dll
 0001:00035030       ssGetOutputPortSignal_wrapper 0000000180036030 f   sf_runtime:sf_runtime.dll
 0001:00035036       ssGetInputPortSignal_wrapper 0000000180036036 f   sf_runtime:sf_runtime.dll
 0001:0003503c       sf_mex_decode_encoded_mx_struct_array 000000018003603c f   sf_runtime:sf_runtime.dll
 0001:00035042       sf_debug_reset_current_state_configuration 0000000180036042 f   sf_runtime:sf_runtime.dll
 0001:00035048       sf_debug_set_instance_data_value_ptr 0000000180036048 f   sf_runtime:sf_runtime.dll
 0001:0003504e       sf_debug_set_chart_data_compiled_props 000000018003604e f   sf_runtime:sf_runtime.dll
 0001:00035054       cv_eml_init_fcn            0000000180036054 f   sf_runtime:sf_runtime.dll
 0001:0003505a       cv_eml_init_script         000000018003605a f   sf_runtime:sf_runtime.dll
 0001:00035060       sf_debug_cv_init_trans     0000000180036060 f   sf_runtime:sf_runtime.dll
 0001:00035066       sf_debug_cv_init_state     0000000180036066 f   sf_runtime:sf_runtime.dll
 0001:0003506c       sf_debug_cv_init_chart     000000018003606c f   sf_runtime:sf_runtime.dll
 0001:00035072       sf_debug_set_chart_decomposition 0000000180036072 f   sf_runtime:sf_runtime.dll
 0001:00035078       sf_debug_set_chart_substate_count 0000000180036078 f   sf_runtime:sf_runtime.dll
 0001:0003507e       sf_debug_set_chart_state_info 000000018003607e f   sf_runtime:sf_runtime.dll
 0001:00035084       sf_debug_set_chart_data_props 0000000180036084 f   sf_runtime:sf_runtime.dll
 0001:0003508a       sf_debug_set_chart_event_thresholds 000000018003608a f   sf_runtime:sf_runtime.dll
 0001:00035090       sf_debug_set_chart_disable_implicit_casting 0000000180036090 f   sf_runtime:sf_runtime.dll
 0001:00035096       sf_debug_initialize_chart  0000000180036096 f   sf_runtime:sf_runtime.dll
 0001:0003509c       sf_mex_dup                 000000018003609c f   sf_runtime:sf_runtime.dll
 0001:000350a2       sf_mex_import              00000001800360a2 f   sf_runtime:sf_runtime.dll
 0001:000350a8       sf_get_time                00000001800360a8 f   sf_runtime:sf_runtime.dll
 0001:000350ae       sf_debug_check_for_state_inconsistency 00000001800360ae f   sf_runtime:sf_runtime.dll
 0001:000350b4       sf_debug_symbol_scope_pop  00000001800360b4 f   sf_runtime:sf_runtime.dll
 0001:000350ba       sf_debug_data_range_wrapper 00000001800360ba f   sf_runtime:sf_runtime.dll
 0001:000350c0       sf_debug_call              00000001800360c0 f   sf_runtime:sf_runtime.dll
 0001:000350c6       sf_debug_symbol_scope_push 00000001800360c6 f   sf_runtime:sf_runtime.dll
 0001:000350cc       sf_mex_call_debug          00000001800360cc f   sf_runtime:sf_runtime.dll
 0001:000350d2       eml_debug_line_call        00000001800360d2 f   sf_runtime:sf_runtime.dll
 0001:000350d8       cv_eml_eval                00000001800360d8 f   sf_runtime:sf_runtime.dll
 0001:000350de       sf_debug_symbol_scope_add_eml 00000001800360de f   sf_runtime:sf_runtime.dll
 0001:000350e4       sf_debug_symbol_scope_add_eml_importable 00000001800360e4 f   sf_runtime:sf_runtime.dll
 0001:000350ea       sf_debug_symbol_scope_push_eml 00000001800360ea f   sf_runtime:sf_runtime.dll
 0001:000350f0       sf_mex_getfield            00000001800360f0 f   sf_runtime:sf_runtime.dll
 0001:000350f6       sf_mex_check_struct        00000001800360f6 f   sf_runtime:sf_runtime.dll
 0001:000350fc       sf_mex_setcell             00000001800360fc f   sf_runtime:sf_runtime.dll
 0001:00035102       sf_mex_getcell             0000000180036102 f   sf_runtime:sf_runtime.dll
 0001:00035108       sf_clear_rtw_identifier    0000000180036108 f   sf_runtime:sf_runtime.dll
 0001:0003510e       sf_debug_terminate         000000018003610e f   sf_runtime:sf_runtime.dll
 0001:00035114       sf_debug_create_debug_instance_struct 0000000180036114 f   sf_runtime:sf_runtime.dll
 0001:0003511a       sf_debug_api               000000018003611a f   sf_runtime:sf_runtime.dll
 0001:00035120       callMdlMethodAndReportError 0000000180036120 f   sf_runtime:sf_runtime.dll
 0001:00035126       call_sf_machine_global_method_dispatcher 0000000180036126 f   sf_runtime:sf_runtime.dll
 0001:0003512c       sf_clear_error_manager_info 000000018003612c f   sf_runtime:sf_runtime.dll
 0001:00035132       sf_mex_error_direct_call   0000000180036132 f   sf_runtime:sf_runtime.dll
 0001:00035138       mxCreateLogicalScalar      0000000180036138 f   libmx:libmx.dll
 0001:0003513e       mxGetScalar                000000018003613e f   libmx:libmx.dll
 0001:00035144       mxGetPr                    0000000180036144 f   libmx:libmx.dll
 0001:0003514a       mxCreateDoubleMatrix_730   000000018003614a f   libmx:libmx.dll
 0001:00035150       mxGetString_730            0000000180036150 f   libmx:libmx.dll
 0001:00035156       mxIsChar                   0000000180036156 f   libmx:libmx.dll
 0001:0003515c       mxDestroyArray             000000018003615c f   libmx:libmx.dll
 0001:00035162       mxDuplicateArray           0000000180036162 f   libmx:libmx.dll
 0001:00035168       mxCreateDoubleScalar       0000000180036168 f   libmx:libmx.dll
 0001:0003516e       mxSetField_730             000000018003616e f   libmx:libmx.dll
 0001:00035174       mxCreateString             0000000180036174 f   libmx:libmx.dll
 0001:0003517a       mxCreateStructMatrix_730   000000018003617a f   libmx:libmx.dll
 0001:00035180       mxCreateCellMatrix_730     0000000180036180 f   libmx:libmx.dll
 0001:00035186       mxCreateCellArray_730      0000000180036186 f   libmx:libmx.dll
 0001:0003518c       mxCreateStructArray_730    000000018003618c f   libmx:libmx.dll
 0001:00035192       mxGetClassID               0000000180036192 f   libmx:libmx.dll
 0001:00035198       mxIsNumeric                0000000180036198 f   libmx:libmx.dll
 0001:0003519e       mxIsComplex                000000018003619e f   libmx:libmx.dll
 0001:000351a4       mxGetN                     00000001800361a4 f   libmx:libmx.dll
 0001:000351aa       mxGetM                     00000001800361aa f   libmx:libmx.dll
 0001:000351b0       mxCalloc                   00000001800361b0 f   libmx:libmx.dll
 0001:000351b6       mexMakeArrayPersistent     00000001800361b6 f   libmex:libmex.dll
 0001:000351bc       mexUnlock                  00000001800361bc f   libmex:libmex.dll
 0001:000351c2       mexIsLocked                00000001800361c2 f   libmex:libmex.dll
 0001:000351c8       mexWarnMsgTxt              00000001800361c8 f   libmex:libmex.dll
 0001:000351ce       mexCallMATLABWithObject    00000001800361ce f   libmex:libmex.dll
 0001:000351d4       mexErrMsgTxt               00000001800361d4 f   libmex:libmex.dll
 0001:000351da       mexLock                    00000001800361da f   libmex:libmex.dll
 0001:000351e0       utMalloc                   00000001800361e0 f   libut:libut.dll
 0001:000351e6       utFree                     00000001800361e6 f   libut:libut.dll
 0001:000351f0       mpclib_initializer         00000001800361f0 f   mpclib_sfun:mpclib_sfun.obj
 0001:00035200       mpclib_terminator          0000000180036200 f   mpclib_sfun:mpclib_sfun.obj
 0001:00035210       sf_mpclib_method_dispatcher 0000000180036210 f   mpclib_sfun:mpclib_sfun.obj
 0001:00035260       sf_mpclib_uses_exported_functions 0000000180036260 f   mpclib_sfun:mpclib_sfun.obj
 0001:000352a0       sf_mpclib_process_check_sum_call 00000001800362a0 f   mpclib_sfun:mpclib_sfun.obj
 0001:00035570       sf_mpclib_autoinheritance_info 0000000180036570 f   mpclib_sfun:mpclib_sfun.obj
 0001:000356e0       sf_mpclib_get_eml_resolved_functions_info 00000001800366e0 f   mpclib_sfun:mpclib_sfun.obj
 0001:00035810       sf_mpclib_third_party_uses_info 0000000180036810 f   mpclib_sfun:mpclib_sfun.obj
 0001:00035960       sf_mpclib_jit_fallback_info 0000000180036960 f   mpclib_sfun:mpclib_sfun.obj
 0001:00035ab0       sf_mpclib_updateBuildInfo_args_info 0000000180036ab0 f   mpclib_sfun:mpclib_sfun.obj
 0001:00035c00       sf_mpclib_get_post_codegen_info 0000000180036c00 f   mpclib_sfun:mpclib_sfun.obj
 0001:00035cd0       mpclib_debug_initialize    0000000180036cd0 f   mpclib_sfun:mpclib_sfun.obj
 0001:00035d60       mpclib_register_exported_symbols 0000000180036d60 f   mpclib_sfun:mpclib_sfun.obj
 0001:00035d70       load_mpclib_optimization_info 0000000180036d70 f   mpclib_sfun:mpclib_sfun.obj
 0001:00035dc0       unload_mpclib_optimization_info 0000000180036dc0 f   mpclib_sfun:mpclib_sfun.obj
 0001:00035df0       sf_c3_mpclib_get_eml_resolved_functions_info 0000000180036df0 f   mpclib_sfun:c3_mpclib.obj
 0001:00037ee0       sf_c3_mpclib_get_check_sum 0000000180038ee0 f   mpclib_sfun:c3_mpclib.obj
 0001:00037f60       sf_c3_mpclib_get_autoinheritance_info 0000000180038f60 f   mpclib_sfun:c3_mpclib.obj
 0001:00040060       sf_c3_mpclib_third_party_uses_info 0000000180041060 f   mpclib_sfun:c3_mpclib.obj
 0001:00040090       sf_c3_mpclib_jit_fallback_info 0000000180041090 f   mpclib_sfun:c3_mpclib.obj
 0001:00040160       sf_c3_mpclib_updateBuildInfo_args_info 0000000180041160 f   mpclib_sfun:c3_mpclib.obj
 0001:00040190       sf_c3_mpclib_get_post_codegen_info 0000000180041190 f   mpclib_sfun:c3_mpclib.obj
 0001:00040260       c3_mpclib_method_dispatcher 0000000180041260 f   mpclib_sfun:c3_mpclib.obj
 0001:0006334a       dgemm                      000000018006434a f   libmwblas:libmwblas.dll
 0001:00063350       __GSHandlerCheckCommon     0000000180064350 f   MSVCRT:gshandler.obj
 0001:000633b4       __GSHandlerCheck           00000001800643b4 f   MSVCRT:gshandler.obj
 0001:000633d2       strcmp                     00000001800643d2 f   MSVCRT:MSVCR100.dll
 0001:000633f0       __security_check_cookie    00000001800643f0 f   MSVCRT:amdsecgs.obj
 0001:00063410       strlen                     0000000180064410 f   MSVCRT:MSVCR100.dll
 0001:00063416       memset                     0000000180064416 f   MSVCRT:MSVCR100.dll
 0001:00063430       _alloca_probe              0000000180064430     MSVCRT:chkstk.obj
 0001:00063430       __chkstk                   0000000180064430 f   MSVCRT:chkstk.obj
 0001:0006347e       free                       000000018006447e f   MSVCRT:MSVCR100.dll
 0001:00063484       sprintf                    0000000180064484 f   MSVCRT:MSVCR100.dll
 0001:0006348a       malloc                     000000018006448a f   MSVCRT:MSVCR100.dll
 0001:00063490       strcat                     0000000180064490 f   MSVCRT:MSVCR100.dll
 0001:00063496       memcpy                     0000000180064496 f   MSVCRT:MSVCR100.dll
 0001:0006349c       NtCurrentTeb               000000018006449c f i MSVCRT:crtdll.obj
 0001:00063508       _CRT_INIT                  0000000180064508 f   MSVCRT:crtdll.obj
 0001:000638a0       _DllMainCRTStartup         00000001800648a0 f   MSVCRT:crtdll.obj
 0001:000638e0       __report_gsfailure         00000001800648e0 f   MSVCRT:gs_report.obj
 0001:00063a2c       __clean_type_info_names    0000000180064a2c f   MSVCRT:tncleanup.obj
 0001:00063a38       _onexit                    0000000180064a38 f   MSVCRT:atonexit.obj
 0001:00063ae8       atexit                     0000000180064ae8 f   MSVCRT:atonexit.obj
 0001:00063b00       _RTC_Initialize            0000000180064b00 f   MSVCRT:_initsect_.obj
 0001:00063b38       _RTC_Terminate             0000000180064b38 f   MSVCRT:_initsect_.obj
 0001:00063b70       _malloc_crt                0000000180064b70 f   MSVCRT:MSVCR100.dll
 0001:00063b80       _ValidateImageBase         0000000180064b80 f   MSVCRT:pesect.obj
 0001:00063bb0       _FindPESection             0000000180064bb0 f   MSVCRT:pesect.obj
 0001:00063c00       _IsNonwritableInCurrentImage 0000000180064c00 f   MSVCRT:pesect.obj
 0001:00063c42       _initterm                  0000000180064c42 f   MSVCRT:MSVCR100.dll
 0001:00063c48       _initterm_e                0000000180064c48 f   MSVCRT:MSVCR100.dll
 0001:00063c4e       _encoded_null              0000000180064c4e f   MSVCRT:MSVCR100.dll
 0001:00063c54       _amsg_exit                 0000000180064c54 f   MSVCRT:MSVCR100.dll
 0001:00063c5a       __C_specific_handler       0000000180064c5a f   MSVCRT:MSVCR100.dll
 0001:00063c60       __CppXcptFilter            0000000180064c60 f   MSVCRT:MSVCR100.dll
 0001:00063c68       DllMain                    0000000180064c68 f   MSVCRT:dllmain.obj
 0001:00063c8c       __security_init_cookie     0000000180064c8c f   MSVCRT:gs_support.obj
 0001:00063d40       __crt_debugger_hook        0000000180064d40 f   MSVCRT:MSVCR100.dll
 0001:00063d46       __clean_type_info_names_internal 0000000180064d46 f   MSVCRT:MSVCR100.dll
 0001:00063d4c       _unlock                    0000000180064d4c f   MSVCRT:MSVCR100.dll
 0001:00063d52       __dllonexit                0000000180064d52 f   MSVCRT:MSVCR100.dll
 0001:00063d58       _lock                      0000000180064d58 f   MSVCRT:MSVCR100.dll
 0001:00063d5e       EncodePointer              0000000180064d5e f   kernel32:KERNEL32.dll
 0001:00063d64       DecodePointer              0000000180064d64 f   kernel32:KERNEL32.dll
 0001:00063d6a       Sleep                      0000000180064d6a f   kernel32:KERNEL32.dll
 0001:00063d70       TerminateProcess           0000000180064d70 f   kernel32:KERNEL32.dll
 0001:00063d76       GetCurrentProcess          0000000180064d76 f   kernel32:KERNEL32.dll
 0001:00063d7c       UnhandledExceptionFilter   0000000180064d7c f   kernel32:KERNEL32.dll
 0001:00063d82       SetUnhandledExceptionFilter 0000000180064d82 f   kernel32:KERNEL32.dll
 0001:00063d88       IsDebuggerPresent          0000000180064d88 f   kernel32:KERNEL32.dll
 0001:00063d8e       RtlVirtualUnwind           0000000180064d8e f   kernel32:KERNEL32.dll
 0001:00063d94       RtlLookupFunctionEntry     0000000180064d94 f   kernel32:KERNEL32.dll
 0001:00063d9a       RtlCaptureContext          0000000180064d9a f   kernel32:KERNEL32.dll
 0001:00063da0       DisableThreadLibraryCalls  0000000180064da0 f   kernel32:KERNEL32.dll
 0001:00063da6       QueryPerformanceCounter    0000000180064da6 f   kernel32:KERNEL32.dll
 0001:00063dac       GetTickCount               0000000180064dac f   kernel32:KERNEL32.dll
 0001:00063db2       GetCurrentThreadId         0000000180064db2 f   kernel32:KERNEL32.dll
 0001:00063db8       GetCurrentProcessId        0000000180064db8 f   kernel32:KERNEL32.dll
 0001:00063dbe       GetSystemTimeAsFileTime    0000000180064dbe f   kernel32:KERNEL32.dll
 0001:00063dc4       sf_mex_import_named        0000000180064dc4 f   sf_runtime:sf_runtime.dll
 0001:00063dca       sf_mex_get_sfun_param      0000000180064dca f   sf_runtime:sf_runtime.dll
 0001:00063dd0       cv_eml_init_relational     0000000180064dd0 f   sf_runtime:sf_runtime.dll
 0001:00063dd6       cv_eml_init_if             0000000180064dd6 f   sf_runtime:sf_runtime.dll
 0001:00063ddc       cv_eval_relational         0000000180064ddc f   sf_runtime:sf_runtime.dll
 0002:00000000       __imp_GetSystemTimeAsFileTime 0000000180065000     kernel32:KERNEL32.dll
 0002:00000008       __imp_GetCurrentProcessId  0000000180065008     kernel32:KERNEL32.dll
 0002:00000010       __imp_GetCurrentThreadId   0000000180065010     kernel32:KERNEL32.dll
 0002:00000018       __imp_GetTickCount         0000000180065018     kernel32:KERNEL32.dll
 0002:00000020       __imp_QueryPerformanceCounter 0000000180065020     kernel32:KERNEL32.dll
 0002:00000028       __imp_DisableThreadLibraryCalls 0000000180065028     kernel32:KERNEL32.dll
 0002:00000030       __imp_RtlCaptureContext    0000000180065030     kernel32:KERNEL32.dll
 0002:00000038       __imp_RtlLookupFunctionEntry 0000000180065038     kernel32:KERNEL32.dll
 0002:00000040       __imp_RtlVirtualUnwind     0000000180065040     kernel32:KERNEL32.dll
 0002:00000048       __imp_IsDebuggerPresent    0000000180065048     kernel32:KERNEL32.dll
 0002:00000050       __imp_SetUnhandledExceptionFilter 0000000180065050     kernel32:KERNEL32.dll
 0002:00000058       __imp_UnhandledExceptionFilter 0000000180065058     kernel32:KERNEL32.dll
 0002:00000060       __imp_GetCurrentProcess    0000000180065060     kernel32:KERNEL32.dll
 0002:00000068       __imp_TerminateProcess     0000000180065068     kernel32:KERNEL32.dll
 0002:00000070       __imp_Sleep                0000000180065070     kernel32:KERNEL32.dll
 0002:00000078       __imp_DecodePointer        0000000180065078     kernel32:KERNEL32.dll
 0002:00000080       __imp_EncodePointer        0000000180065080     kernel32:KERNEL32.dll
 0002:00000088       \177KERNEL32_NULL_THUNK_DATA 0000000180065088     kernel32:KERNEL32.dll
 0002:00000090       __imp__onexit              0000000180065090     MSVCRT:MSVCR100.dll
 0002:00000098       __imp__lock                0000000180065098     MSVCRT:MSVCR100.dll
 0002:000000a0       __imp___dllonexit          00000001800650a0     MSVCRT:MSVCR100.dll
 0002:000000a8       __imp__unlock              00000001800650a8     MSVCRT:MSVCR100.dll
 0002:000000b0       __imp___clean_type_info_names_internal 00000001800650b0     MSVCRT:MSVCR100.dll
 0002:000000b8       __imp___crt_debugger_hook  00000001800650b8     MSVCRT:MSVCR100.dll
 0002:000000c0       __imp___CppXcptFilter      00000001800650c0     MSVCRT:MSVCR100.dll
 0002:000000c8       __imp___C_specific_handler 00000001800650c8     MSVCRT:MSVCR100.dll
 0002:000000d0       __imp__amsg_exit           00000001800650d0     MSVCRT:MSVCR100.dll
 0002:000000d8       __imp__encoded_null        00000001800650d8     MSVCRT:MSVCR100.dll
 0002:000000e0       __imp__initterm_e          00000001800650e0     MSVCRT:MSVCR100.dll
 0002:000000e8       __imp__initterm            00000001800650e8     MSVCRT:MSVCR100.dll
 0002:000000f0       __imp__malloc_crt          00000001800650f0     MSVCRT:MSVCR100.dll
 0002:000000f8       __imp_memcpy               00000001800650f8     MSVCRT:MSVCR100.dll
 0002:00000100       __imp_strcat               0000000180065100     MSVCRT:MSVCR100.dll
 0002:00000108       __imp_malloc               0000000180065108     MSVCRT:MSVCR100.dll
 0002:00000110       __imp_sprintf              0000000180065110     MSVCRT:MSVCR100.dll
 0002:00000118       __imp_free                 0000000180065118     MSVCRT:MSVCR100.dll
 0002:00000120       __imp_memset               0000000180065120     MSVCRT:MSVCR100.dll
 0002:00000128       __imp_strlen               0000000180065128     MSVCRT:MSVCR100.dll
 0002:00000130       __imp_strcmp               0000000180065130     MSVCRT:MSVCR100.dll
 0002:00000138       \177MSVCR100_NULL_THUNK_DATA 0000000180065138     MSVCRT:MSVCR100.dll
 0002:00000140       __imp_mexCallMATLABWithObject 0000000180065140     libmex:libmex.dll
 0002:00000148       __imp_mexUnlock            0000000180065148     libmex:libmex.dll
 0002:00000150       __imp_mexLock              0000000180065150     libmex:libmex.dll
 0002:00000158       __imp_mexErrMsgTxt         0000000180065158     libmex:libmex.dll
 0002:00000160       __imp_mexMakeArrayPersistent 0000000180065160     libmex:libmex.dll
 0002:00000168       __imp_mexWarnMsgTxt        0000000180065168     libmex:libmex.dll
 0002:00000170       __imp_mexIsLocked          0000000180065170     libmex:libmex.dll
 0002:00000178       \177libmex_NULL_THUNK_DATA 0000000180065178     libmex:libmex.dll
 0002:00000180       __imp_dgemm                0000000180065180     libmwblas:libmwblas.dll
 0002:00000188       \177libmwblas_NULL_THUNK_DATA 0000000180065188     libmwblas:libmwblas.dll
 0002:00000190       __imp_mxCalloc             0000000180065190     libmx:libmx.dll
 0002:00000198       __imp_mxGetM               0000000180065198     libmx:libmx.dll
 0002:000001a0       __imp_mxGetN               00000001800651a0     libmx:libmx.dll
 0002:000001a8       __imp_mxIsComplex          00000001800651a8     libmx:libmx.dll
 0002:000001b0       __imp_mxIsNumeric          00000001800651b0     libmx:libmx.dll
 0002:000001b8       __imp_mxGetClassID         00000001800651b8     libmx:libmx.dll
 0002:000001c0       __imp_mxCreateStructArray_730 00000001800651c0     libmx:libmx.dll
 0002:000001c8       __imp_mxCreateCellArray_730 00000001800651c8     libmx:libmx.dll
 0002:000001d0       __imp_mxCreateCellMatrix_730 00000001800651d0     libmx:libmx.dll
 0002:000001d8       __imp_mxCreateStructMatrix_730 00000001800651d8     libmx:libmx.dll
 0002:000001e0       __imp_mxCreateString       00000001800651e0     libmx:libmx.dll
 0002:000001e8       __imp_mxSetField_730       00000001800651e8     libmx:libmx.dll
 0002:000001f0       __imp_mxCreateDoubleScalar 00000001800651f0     libmx:libmx.dll
 0002:000001f8       __imp_mxDestroyArray       00000001800651f8     libmx:libmx.dll
 0002:00000200       __imp_mxIsChar             0000000180065200     libmx:libmx.dll
 0002:00000208       __imp_mxCreateLogicalScalar 0000000180065208     libmx:libmx.dll
 0002:00000210       __imp_mxGetScalar          0000000180065210     libmx:libmx.dll
 0002:00000218       __imp_mxGetPr              0000000180065218     libmx:libmx.dll
 0002:00000220       __imp_mxCreateDoubleMatrix_730 0000000180065220     libmx:libmx.dll
 0002:00000228       __imp_mxGetString_730      0000000180065228     libmx:libmx.dll
 0002:00000230       __imp_mxDuplicateArray     0000000180065230     libmx:libmx.dll
 0002:00000238       \177libmx_NULL_THUNK_DATA  0000000180065238     libmx:libmx.dll
 0002:00000240       __imp_utFree               0000000180065240     libut:libut.dll
 0002:00000248       __imp_utMalloc             0000000180065248     libut:libut.dll
 0002:00000250       \177libut_NULL_THUNK_DATA  0000000180065250     libut:libut.dll
 0002:00000258       __imp_call_sf_machine_global_method_dispatcher 0000000180065258     sf_runtime:sf_runtime.dll
 0002:00000260       __imp_callMdlMethodAndReportError 0000000180065260     sf_runtime:sf_runtime.dll
 0002:00000268       __imp_sf_debug_api         0000000180065268     sf_runtime:sf_runtime.dll
 0002:00000270       __imp_sf_debug_create_debug_instance_struct 0000000180065270     sf_runtime:sf_runtime.dll
 0002:00000278       __imp_sf_debug_terminate   0000000180065278     sf_runtime:sf_runtime.dll
 0002:00000280       __imp_sf_clear_rtw_identifier 0000000180065280     sf_runtime:sf_runtime.dll
 0002:00000288       __imp_sf_mex_getcell       0000000180065288     sf_runtime:sf_runtime.dll
 0002:00000290       __imp_sf_mex_setcell       0000000180065290     sf_runtime:sf_runtime.dll
 0002:00000298       __imp_sf_mex_check_struct  0000000180065298     sf_runtime:sf_runtime.dll
 0002:000002a0       __imp_sf_mex_getfield      00000001800652a0     sf_runtime:sf_runtime.dll
 0002:000002a8       __imp_sf_clear_error_manager_info 00000001800652a8     sf_runtime:sf_runtime.dll
 0002:000002b0       __imp_sf_debug_symbol_scope_add_eml_importable 00000001800652b0     sf_runtime:sf_runtime.dll
 0002:000002b8       __imp_sf_debug_symbol_scope_add_eml 00000001800652b8     sf_runtime:sf_runtime.dll
 0002:000002c0       __imp_cv_eml_eval          00000001800652c0     sf_runtime:sf_runtime.dll
 0002:000002c8       __imp_eml_debug_line_call  00000001800652c8     sf_runtime:sf_runtime.dll
 0002:000002d0       __imp_sf_mex_call_debug    00000001800652d0     sf_runtime:sf_runtime.dll
 0002:000002d8       __imp_sf_debug_symbol_scope_push 00000001800652d8     sf_runtime:sf_runtime.dll
 0002:000002e0       __imp_sf_debug_call        00000001800652e0     sf_runtime:sf_runtime.dll
 0002:000002e8       __imp_sf_debug_data_range_wrapper 00000001800652e8     sf_runtime:sf_runtime.dll
 0002:000002f0       __imp_sf_debug_symbol_scope_pop 00000001800652f0     sf_runtime:sf_runtime.dll
 0002:000002f8       __imp_sf_debug_check_for_state_inconsistency 00000001800652f8     sf_runtime:sf_runtime.dll
 0002:00000300       __imp_sf_debug_set_machine_data_thresholds 0000000180065300     sf_runtime:sf_runtime.dll
 0002:00000308       __imp_sf_mex_error_direct_call 0000000180065308     sf_runtime:sf_runtime.dll
 0002:00000310       __imp_sf_debug_symbol_scope_push_eml 0000000180065310     sf_runtime:sf_runtime.dll
 0002:00000318       __imp_sf_get_time          0000000180065318     sf_runtime:sf_runtime.dll
 0002:00000320       __imp_sf_mex_import        0000000180065320     sf_runtime:sf_runtime.dll
 0002:00000328       __imp_sf_mex_dup           0000000180065328     sf_runtime:sf_runtime.dll
 0002:00000330       __imp_sf_debug_initialize_chart 0000000180065330     sf_runtime:sf_runtime.dll
 0002:00000338       __imp_sf_debug_set_chart_disable_implicit_casting 0000000180065338     sf_runtime:sf_runtime.dll
 0002:00000340       __imp_sf_debug_set_chart_event_thresholds 0000000180065340     sf_runtime:sf_runtime.dll
 0002:00000348       __imp_sf_debug_set_chart_data_props 0000000180065348     sf_runtime:sf_runtime.dll
 0002:00000350       __imp_sf_debug_set_chart_state_info 0000000180065350     sf_runtime:sf_runtime.dll
 0002:00000358       __imp_sf_debug_set_chart_substate_count 0000000180065358     sf_runtime:sf_runtime.dll
 0002:00000360       __imp_sf_debug_set_chart_decomposition 0000000180065360     sf_runtime:sf_runtime.dll
 0002:00000368       __imp_sf_debug_cv_init_chart 0000000180065368     sf_runtime:sf_runtime.dll
 0002:00000370       __imp_sf_debug_cv_init_state 0000000180065370     sf_runtime:sf_runtime.dll
 0002:00000378       __imp_sf_debug_cv_init_trans 0000000180065378     sf_runtime:sf_runtime.dll
 0002:00000380       __imp_cv_eml_init_script   0000000180065380     sf_runtime:sf_runtime.dll
 0002:00000388       __imp_cv_eml_init_fcn      0000000180065388     sf_runtime:sf_runtime.dll
 0002:00000390       __imp_sf_debug_set_chart_data_compiled_props 0000000180065390     sf_runtime:sf_runtime.dll
 0002:00000398       __imp_sf_debug_set_instance_data_value_ptr 0000000180065398     sf_runtime:sf_runtime.dll
 0002:000003a0       __imp_sf_debug_reset_current_state_configuration 00000001800653a0     sf_runtime:sf_runtime.dll
 0002:000003a8       __imp_sf_mex_decode_encoded_mx_struct_array 00000001800653a8     sf_runtime:sf_runtime.dll
 0002:000003b0       __imp_ssGetInputPortSignal_wrapper 00000001800653b0     sf_runtime:sf_runtime.dll
 0002:000003b8       __imp_ssGetOutputPortSignal_wrapper 00000001800653b8     sf_runtime:sf_runtime.dll
 0002:000003c0       __imp_sim_mode_is_rtw_gen  00000001800653c0     sf_runtime:sf_runtime.dll
 0002:000003c8       __imp_sim_mode_is_external 00000001800653c8     sf_runtime:sf_runtime.dll
 0002:000003d0       __imp_sf_is_chart_inlinable 00000001800653d0     sf_runtime:sf_runtime.dll
 0002:000003d8       __imp_sf_rtw_info_uint_prop 00000001800653d8     sf_runtime:sf_runtime.dll
 0002:000003e0       __imp_sf_update_buildInfo  00000001800653e0     sf_runtime:sf_runtime.dll
 0002:000003e8       __imp_sf_mark_chart_expressionable_inputs 00000001800653e8     sf_runtime:sf_runtime.dll
 0002:000003f0       __imp_sf_mark_chart_reusable_outputs 00000001800653f0     sf_runtime:sf_runtime.dll
 0002:000003f8       __imp_sf_set_rtw_dwork_info 00000001800653f8     sf_runtime:sf_runtime.dll
 0002:00000400       __imp_sf_mex_error_message 0000000180065400     sf_runtime:sf_runtime.dll
 0002:00000408       __imp_sf_mex_create        0000000180065408     sf_runtime:sf_runtime.dll
 0002:00000410       __imp_sf_mex_addfield      0000000180065410     sf_runtime:sf_runtime.dll
 0002:00000418       __imp_sf_mex_createcellmatrix 0000000180065418     sf_runtime:sf_runtime.dll
 0002:00000420       __imp_sf_mex_duplicatearraysafe 0000000180065420     sf_runtime:sf_runtime.dll
 0002:00000428       __imp_sf_mex_destroy       0000000180065428     sf_runtime:sf_runtime.dll
 0002:00000430       __imp_sf_mex_createstruct  0000000180065430     sf_runtime:sf_runtime.dll
 0002:00000438       __imp_sf_mex_assign        0000000180065438     sf_runtime:sf_runtime.dll
 0002:00000440       __imp_sf_mex_emlrtNameCapturePostProcessR2012a 0000000180065440     sf_runtime:sf_runtime.dll
 0002:00000448       __imp_sf_load_rtw_optimization_info 0000000180065448     sf_runtime:sf_runtime.dll
 0002:00000450       __imp_sf_debug_initialize_machine 0000000180065450     sf_runtime:sf_runtime.dll
 0002:00000458       __imp_sf_debug_set_machine_event_thresholds 0000000180065458     sf_runtime:sf_runtime.dll
 0002:00000460       __imp_sf_mex_import_named  0000000180065460     sf_runtime:sf_runtime.dll
 0002:00000468       __imp_sf_mex_get_sfun_param 0000000180065468     sf_runtime:sf_runtime.dll
 0002:00000470       __imp_cv_eml_init_relational 0000000180065470     sf_runtime:sf_runtime.dll
 0002:00000478       __imp_cv_eml_init_if       0000000180065478     sf_runtime:sf_runtime.dll
 0002:00000480       __imp_cv_eval_relational   0000000180065480     sf_runtime:sf_runtime.dll
 0002:00000488       \177sf_runtime_NULL_THUNK_DATA 0000000180065488     sf_runtime:sf_runtime.dll
 0002:00000490       __xc_a                     0000000180065490     MSVCRT:cinitexe.obj
 0002:00000498       __xc_z                     0000000180065498     MSVCRT:cinitexe.obj
 0002:000004a0       __xi_a                     00000001800654a0     MSVCRT:cinitexe.obj
 0002:000004b0       __xi_z                     00000001800654b0     MSVCRT:cinitexe.obj
 0002:000004c0       __real@41b231e9cb000000    00000001800654c0     mpc_tmpdemo_2014b_sfun.obj
 0002:000004c8       __real@41ec12a491000000    00000001800654c8     mpc_tmpdemo_2014b_sfun.obj
 0002:000004d0       __real@41e4e44be5800000    00000001800654d0     mpc_tmpdemo_2014b_sfun.obj
 0002:000004d8       __real@41a111ec2a000000    00000001800654d8     mpc_tmpdemo_2014b_sfun.obj
 0002:000004e0       __real@41e1914a24400000    00000001800654e0     mpc_tmpdemo_2014b_sfun.obj
 0002:000004e8       __real@41ead1319ec00000    00000001800654e8     mpc_tmpdemo_2014b_sfun.obj
 0002:000004f0       __real@41ddae3573400000    00000001800654f0     mpc_tmpdemo_2014b_sfun.obj
 0002:000004f8       __real@41e6cf0aa2400000    00000001800654f8     mpc_tmpdemo_2014b_sfun.obj
 0002:00000500       __real@41e6b1c131c00000    0000000180065500     mpc_tmpdemo_2014b_sfun.obj
 0002:00000508       __real@41c89e484f000000    0000000180065508     mpc_tmpdemo_2014b_sfun.obj
 0002:00000510       __real@41e09fc428600000    0000000180065510     mpc_tmpdemo_2014b_sfun.obj
 0002:00000518       __real@41e4748c6ae00000    0000000180065518     mpc_tmpdemo_2014b_sfun.obj
 0002:00000520       __real@41e4aabae7600000    0000000180065520     mpc_tmpdemo_2014b_sfun.obj
 0002:00000528       __real@41e47aeabde00000    0000000180065528     mpc_tmpdemo_2014b_sfun.obj
 0002:00000530       __real@41e41fb1c9c00000    0000000180065530     mpc_tmpdemo_2014b_sfun.obj
 0002:00000538       __real@41a5aeebbe000000    0000000180065538     mpc_tmpdemo_2014b_sfun.obj
 0002:00000540       __real@41e7b6311f800000    0000000180065540     c1_mpc_tmpdemo_2014b.obj
 0002:00000548       __real@41d3e55437c00000    0000000180065548     c1_mpc_tmpdemo_2014b.obj
 0002:00000550       __real@41c97ef679800000    0000000180065550     c1_mpc_tmpdemo_2014b.obj
 0002:00000558       __real@4187a79f58000000    0000000180065558     c1_mpc_tmpdemo_2014b.obj
 0002:00000560       __real@4014000000000000    0000000180065560     c1_mpc_tmpdemo_2014b.obj
 0002:00000568       __real@4018000000000000    0000000180065568     c1_mpc_tmpdemo_2014b.obj
 0002:00000570       __real@401c000000000000    0000000180065570     c1_mpc_tmpdemo_2014b.obj
 0002:00000578       __real@4068600000000000    0000000180065578     c1_mpc_tmpdemo_2014b.obj
 0002:00000580       __real@4032000000000000    0000000180065580     c1_mpc_tmpdemo_2014b.obj
 0002:00000588       __real@403a000000000000    0000000180065588     c1_mpc_tmpdemo_2014b.obj
 0002:00000590       __real@4024000000000000    0000000180065590     c1_mpc_tmpdemo_2014b.obj
 0002:00000598       __real@3ff0000000000000    0000000180065598     c1_mpc_tmpdemo_2014b.obj
 0002:000005a0       __real@4031000000000000    00000001800655a0     c1_mpc_tmpdemo_2014b.obj
 0002:000005b0       __mask@@NegDouble@         00000001800655b0     c1_mpc_tmpdemo_2014b.obj
 0002:000005c0       __real@3d719799812dea11    00000001800655c0     c1_mpc_tmpdemo_2014b.obj
 0002:000005c8       __real@408f400000000000    00000001800655c8     c1_mpc_tmpdemo_2014b.obj
 0002:000005d0       __real@4010000000000000    00000001800655d0     c1_mpc_tmpdemo_2014b.obj
 0002:000005d8       __real@4028000000000000    00000001800655d8     c1_mpc_tmpdemo_2014b.obj
 0002:000005e0       __real@41dc4ae95dc00000    00000001800655e0     c2_mpc_tmpdemo_2014b.obj
 0002:000005e8       __real@41c8f6edd9000000    00000001800655e8     c2_mpc_tmpdemo_2014b.obj
 0002:000005f0       __real@41dbabcf57400000    00000001800655f0     c2_mpc_tmpdemo_2014b.obj
 0002:000005f8       __real@41ee6b8d09e00000    00000001800655f8     c2_mpc_tmpdemo_2014b.obj
 0002:00000600       __real@4000000000000000    0000000180065600     c2_mpc_tmpdemo_2014b.obj
 0002:00000608       __real@41eda55709c00000    0000000180065608     c4_mpc_tmpdemo_2014b.obj
 0002:00000610       __real@41e54c5b69400000    0000000180065610     c4_mpc_tmpdemo_2014b.obj
 0002:00000618       __real@41c03122a6000000    0000000180065618     c4_mpc_tmpdemo_2014b.obj
 0002:00000620       __real@41edea4cb9600000    0000000180065620     c4_mpc_tmpdemo_2014b.obj
 0002:00000630       DYNAMIC_DIMENSION_DEF      0000000180065630     mpc_tmpdemo_2014b_sfun_registry.obj
 0002:00000650       _ssBadLevel2InputAccessMsg 0000000180065650     mpc_tmpdemo_2014b_sfun_registry.obj
 0002:000007e0       _ssBadLevel2DirectFeedMsg  00000001800657e0     mpc_tmpdemo_2014b_sfun_registry.obj
 0002:00000920       _ssBadLevel2DirectFeedSolutionMsg 0000000180065920     mpc_tmpdemo_2014b_sfun_registry.obj
 0002:00000990       _ssBadLevel2ZeroDirectFeedMsg 0000000180065990     mpc_tmpdemo_2014b_sfun_registry.obj
 0002:00000ad0       _ssBadLevel2ZeroDirectFeedMsg2 0000000180065ad0     mpc_tmpdemo_2014b_sfun_registry.obj
 0002:00000bb8       __real@0000000000000000    0000000180065bb8     mpc_tmpdemo_2014b_sfun_registry.obj
 0002:00000bc0       __real@bff0000000000000    0000000180065bc0     mpc_tmpdemo_2014b_sfun_registry.obj
 0002:00000bc8       __real@41602cbca0000000    0000000180065bc8     mpc_tmpdemo_2014b_sfun_registry.obj
 0002:00000bd0       __real@41da86ff6d000000    0000000180065bd0     mpclib_sfun:mpclib_sfun.obj
 0002:00000bd8       __real@417ffab360000000    0000000180065bd8     mpclib_sfun:mpclib_sfun.obj
 0002:00000be0       __real@41e056c487600000    0000000180065be0     mpclib_sfun:mpclib_sfun.obj
 0002:00000be8       __real@41bb362bd3000000    0000000180065be8     mpclib_sfun:mpclib_sfun.obj
 0002:00000bf0       __real@41e314807ea00000    0000000180065bf0     mpclib_sfun:c3_mpclib.obj
 0002:00000bf8       __real@41dbebe10b400000    0000000180065bf8     mpclib_sfun:c3_mpclib.obj
 0002:00000c00       __real@41c31c0049000000    0000000180065c00     mpclib_sfun:c3_mpclib.obj
 0002:00000c08       __real@41e3246456600000    0000000180065c08     mpclib_sfun:c3_mpclib.obj
 0002:00000c10       __real@4034000000000000    0000000180065c10     mpclib_sfun:c3_mpclib.obj
 0002:00000c18       __real@4035000000000000    0000000180065c18     mpclib_sfun:c3_mpclib.obj
 0002:00000c20       __real@4039000000000000    0000000180065c20     mpclib_sfun:c3_mpclib.obj
 0002:00000c28       __real@405e000000000000    0000000180065c28     mpclib_sfun:c3_mpclib.obj
 0002:00000c30       __real@4059000000000000    0000000180065c30     mpclib_sfun:c3_mpclib.obj
 0002:00000c38       __real@406ba00000000000    0000000180065c38     mpclib_sfun:c3_mpclib.obj
 0002:00000c40       __real@402a000000000000    0000000180065c40     mpclib_sfun:c3_mpclib.obj
 0002:00000c48       __real@8000000000000000    0000000180065c48     mpclib_sfun:c3_mpclib.obj
 0002:00000c50       __real@4069000000000000    0000000180065c50     mpclib_sfun:c3_mpclib.obj
 0002:00000c58       __real@4056c00000000000    0000000180065c58     mpclib_sfun:c3_mpclib.obj
 0002:00000c60       _pDefaultRawDllMain        0000000180065c60     MSVCRT:crtdll.obj
 0002:00000c60       _pRawDllMain               0000000180065c60     MSVCRT:crtdll.obj
 0002:00000c78       ?ProcessDetach@NativeDll@<CrtImplementationDetails>@@0IB 0000000180065c78     MSVCRT:tncleanup.obj
 0002:00000c7c       ?ProcessAttach@NativeDll@<CrtImplementationDetails>@@0IB 0000000180065c7c     MSVCRT:tncleanup.obj
 0002:00000c80       ?ThreadAttach@NativeDll@<CrtImplementationDetails>@@0IB 0000000180065c80     MSVCRT:tncleanup.obj
 0002:00000c84       ?ThreadDetach@NativeDll@<CrtImplementationDetails>@@0IB 0000000180065c84     MSVCRT:tncleanup.obj
 0002:00000c88       ?ProcessVerifier@NativeDll@<CrtImplementationDetails>@@0IB 0000000180065c88     MSVCRT:tncleanup.obj
 0002:00000c90       __rtc_iaa                  0000000180065c90     MSVCRT:_initsect_.obj
 0002:00000c98       __rtc_izz                  0000000180065c98     MSVCRT:_initsect_.obj
 0002:00000ca0       __rtc_taa                  0000000180065ca0     MSVCRT:_initsect_.obj
 0002:00000ca8       __rtc_tzz                  0000000180065ca8     MSVCRT:_initsect_.obj
 0002:000023ec       __IMPORT_DESCRIPTOR_sf_runtime 00000001800673ec     sf_runtime:sf_runtime.dll
 0002:00002400       __IMPORT_DESCRIPTOR_libmx  0000000180067400     libmx:libmx.dll
 0002:00002414       __IMPORT_DESCRIPTOR_libmex 0000000180067414     libmex:libmex.dll
 0002:00002428       __IMPORT_DESCRIPTOR_libut  0000000180067428     libut:libut.dll
 0002:0000243c       __IMPORT_DESCRIPTOR_libmwblas 000000018006743c     libmwblas:libmwblas.dll
 0002:00002450       __IMPORT_DESCRIPTOR_MSVCR100 0000000180067450     MSVCRT:MSVCR100.dll
 0002:00002464       __IMPORT_DESCRIPTOR_KERNEL32 0000000180067464     kernel32:KERNEL32.dll
 0002:00002478       __NULL_IMPORT_DESCRIPTOR   0000000180067478     sf_runtime:sf_runtime.dll
 0003:00007ff0       DYNAMIC_DIMENSION          0000000180070ff0     mpc_tmpdemo_2014b_sfun_registry.obj
 0003:0002bb90       __security_cookie          0000000180094b90     MSVCRT:gs_cookie.obj
 0003:0002bb98       __security_cookie_complement 0000000180094b98     MSVCRT:gs_cookie.obj
 0003:0002bba0       _fltused                   0000000180094ba0     MSVCRT:dllsupp.obj
 0003:0002bbb0       __native_dllmain_reason    0000000180094bb0     MSVCRT:natstart.obj
 0003:0002bbb4       __native_vcclrit_reason    0000000180094bb4     MSVCRT:natstart.obj
 0003:0002bcd8       sfGlobalDebugInstanceStruct 0000000180094cd8     mpc_tmpdemo_2014b_sfun_registry.obj
 0003:0002c280       ?__type_info_root_node@@3U__type_info_node@@A 0000000180095280     MSVCRT:tncleanup.obj
 0003:0002c290       _mpc_tmpdemo_2014bMachineNumber_ 0000000180095290     <common>
 0003:0002c294       _mpclibMachineNumber_      0000000180095294     <common>
 0003:0002c298       __native_startup_state     0000000180095298     <common>
 0003:0002c2a0       __native_startup_lock      00000001800952a0     <common>
 0003:0002c2a8       __onexitend                00000001800952a8     <common>
 0003:0002c2b0       __onexitbegin              00000001800952b0     <common>
 0003:0002c2b8       __dyn_tls_init_callback    00000001800952b8     <common>

 entry point at        0001:000638a0

 Static symbols

 0001:000010b0       c1_info_helper             00000001800020b0 f   c1_mpc_tmpdemo_2014b.obj
 0001:00003a00       c1_emlrt_marshallOut       0000000180004a00 f   c1_mpc_tmpdemo_2014b.obj
 0001:00003a90       c1_b_emlrt_marshallOut     0000000180004a90 f   c1_mpc_tmpdemo_2014b.obj
 0001:00005420       mdlProcessParameters_c1_mpc_tmpdemo_2014b 0000000180006420 f   c1_mpc_tmpdemo_2014b.obj
 0001:00005500       initialize_params_c1_mpc_tmpdemo_2014b 0000000180006500 f   c1_mpc_tmpdemo_2014b.obj
 0001:00005510       mdlSetWorkWidths_c1_mpc_tmpdemo_2014b 0000000180006510 f   c1_mpc_tmpdemo_2014b.obj
 0001:00005bf0       sf_get_instance_specialization 0000000180006bf0 f   c1_mpc_tmpdemo_2014b.obj
 0001:00005c00       mdlStart_c1_mpc_tmpdemo_2014b 0000000180006c00 f   c1_mpc_tmpdemo_2014b.obj
 0001:00005e80       init_dsm_address_info      0000000180006e80 f   c1_mpc_tmpdemo_2014b.obj
 0001:00005e90       init_simulink_io_address   0000000180006e90 f   c1_mpc_tmpdemo_2014b.obj
 0001:00006090       sf_get_sim_state_info_c1_mpc_tmpdemo_2014b 0000000180007090 f   c1_mpc_tmpdemo_2014b.obj
 0001:00006150       chart_debug_initialization 0000000180007150 f   c1_mpc_tmpdemo_2014b.obj
 0001:00007bb0       init_script_number_translation 0000000180008bb0 f   c1_mpc_tmpdemo_2014b.obj
 0001:00007bd0       c1_sf_marshallOut          0000000180008bd0 f   c1_mpc_tmpdemo_2014b.obj
 0001:00007c80       c1_sf_marshallIn           0000000180008c80 f   c1_mpc_tmpdemo_2014b.obj
 0001:00007d20       c1_b_sf_marshallOut        0000000180008d20 f   c1_mpc_tmpdemo_2014b.obj
 0001:00007ea0       c1_b_sf_marshallIn         0000000180008ea0 f   c1_mpc_tmpdemo_2014b.obj
 0001:00007fb0       c1_b_emlrt_marshallIn      0000000180008fb0 f   c1_mpc_tmpdemo_2014b.obj
 0001:000080a0       c1_c_sf_marshallOut        00000001800090a0 f   c1_mpc_tmpdemo_2014b.obj
 0001:00008220       c1_c_sf_marshallIn         0000000180009220 f   c1_mpc_tmpdemo_2014b.obj
 0001:00008330       c1_d_emlrt_marshallIn      0000000180009330 f   c1_mpc_tmpdemo_2014b.obj
 0001:00008440       c1_d_sf_marshallOut        0000000180009440 f   c1_mpc_tmpdemo_2014b.obj
 0001:000085a0       c1_d_sf_marshallIn         00000001800095a0 f   c1_mpc_tmpdemo_2014b.obj
 0001:000086a0       c1_f_emlrt_marshallIn      00000001800096a0 f   c1_mpc_tmpdemo_2014b.obj
 0001:000087a0       c1_e_sf_marshallOut        00000001800097a0 f   c1_mpc_tmpdemo_2014b.obj
 0001:000089e0       c1_f_sf_marshallOut        00000001800099e0 f   c1_mpc_tmpdemo_2014b.obj
 0001:00008c20       c1_g_sf_marshallOut        0000000180009c20 f   c1_mpc_tmpdemo_2014b.obj
 0001:00008e70       c1_h_sf_marshallOut        0000000180009e70 f   c1_mpc_tmpdemo_2014b.obj
 0001:000090b0       c1_i_sf_marshallOut        000000018000a0b0 f   c1_mpc_tmpdemo_2014b.obj
 0001:00009310       c1_j_sf_marshallOut        000000018000a310 f   c1_mpc_tmpdemo_2014b.obj
 0001:00009570       c1_k_sf_marshallOut        000000018000a570 f   c1_mpc_tmpdemo_2014b.obj
 0001:000097c0       c1_l_sf_marshallOut        000000018000a7c0 f   c1_mpc_tmpdemo_2014b.obj
 0001:00009a00       c1_m_sf_marshallOut        000000018000aa00 f   c1_mpc_tmpdemo_2014b.obj
 0001:00009b70       c1_o_emlrt_marshallIn      000000018000ab70 f   c1_mpc_tmpdemo_2014b.obj
 0001:00009c00       sf_opaque_initialize_c1_mpc_tmpdemo_2014b 000000018000ac00 f   c1_mpc_tmpdemo_2014b.obj
 0001:00009c40       initialize_c1_mpc_tmpdemo_2014b 000000018000ac40 f   c1_mpc_tmpdemo_2014b.obj
 0001:00009c90       sf_opaque_enable_c1_mpc_tmpdemo_2014b 000000018000ac90 f   c1_mpc_tmpdemo_2014b.obj
 0001:00009cb0       enable_c1_mpc_tmpdemo_2014b 000000018000acb0 f   c1_mpc_tmpdemo_2014b.obj
 0001:00009ce0       sf_opaque_disable_c1_mpc_tmpdemo_2014b 000000018000ace0 f   c1_mpc_tmpdemo_2014b.obj
 0001:00009d00       disable_c1_mpc_tmpdemo_2014b 000000018000ad00 f   c1_mpc_tmpdemo_2014b.obj
 0001:00009d30       sf_opaque_gateway_c1_mpc_tmpdemo_2014b 000000018000ad30 f   c1_mpc_tmpdemo_2014b.obj
 0001:00009d50       sf_gateway_c1_mpc_tmpdemo_2014b 000000018000ad50 f   c1_mpc_tmpdemo_2014b.obj
 0001:0000a650       c1_chartstep_c1_mpc_tmpdemo_2014b 000000018000b650 f   c1_mpc_tmpdemo_2014b.obj
 0001:0000da40       c1_n_sf_marshallOut        000000018000ea40 f   c1_mpc_tmpdemo_2014b.obj
 0001:0000dbc0       c1_e_sf_marshallIn         000000018000ebc0 f   c1_mpc_tmpdemo_2014b.obj
 0001:0000dcd0       c1_o_sf_marshallOut        000000018000ecd0 f   c1_mpc_tmpdemo_2014b.obj
 0001:0000de50       c1_f_sf_marshallIn         000000018000ee50 f   c1_mpc_tmpdemo_2014b.obj
 0001:0000df70       c1_g_emlrt_marshallIn      000000018000ef70 f   c1_mpc_tmpdemo_2014b.obj
 0001:0000e060       c1_p_sf_marshallOut        000000018000f060 f   c1_mpc_tmpdemo_2014b.obj
 0001:0000e1e0       c1_g_sf_marshallIn         000000018000f1e0 f   c1_mpc_tmpdemo_2014b.obj
 0001:0000e2f0       c1_h_emlrt_marshallIn      000000018000f2f0 f   c1_mpc_tmpdemo_2014b.obj
 0001:0000e3e0       c1_q_sf_marshallOut        000000018000f3e0 f   c1_mpc_tmpdemo_2014b.obj
 0001:0000e900       c1_h_sf_marshallIn         000000018000f900 f   c1_mpc_tmpdemo_2014b.obj
 0001:0000ea20       c1_i_emlrt_marshallIn      000000018000fa20 f   c1_mpc_tmpdemo_2014b.obj
 0001:0000ecb0       c1_j_emlrt_marshallIn      000000018000fcb0 f   c1_mpc_tmpdemo_2014b.obj
 0001:0000edb0       c1_k_emlrt_marshallIn      000000018000fdb0 f   c1_mpc_tmpdemo_2014b.obj
 0001:0000ee80       c1_eml_scalar_eg           000000018000fe80 f   c1_mpc_tmpdemo_2014b.obj
 0001:0000ee90       c1_threshold               000000018000fe90 f   c1_mpc_tmpdemo_2014b.obj
 0001:0000eea0       c1_b_eml_scalar_eg         000000018000fea0 f   c1_mpc_tmpdemo_2014b.obj
 0001:0000eeb0       c1_c_eml_scalar_eg         000000018000feb0 f   c1_mpc_tmpdemo_2014b.obj
 0001:0000eec0       c1_d_eml_scalar_eg         000000018000fec0 f   c1_mpc_tmpdemo_2014b.obj
 0001:0000eed0       c1_e_eml_scalar_eg         000000018000fed0 f   c1_mpc_tmpdemo_2014b.obj
 0001:0000eee0       c1_f_eml_scalar_eg         000000018000fee0 f   c1_mpc_tmpdemo_2014b.obj
 0001:0000eef0       c1_g_eml_scalar_eg         000000018000fef0 f   c1_mpc_tmpdemo_2014b.obj
 0001:0000ef00       c1_l_emlrt_marshallIn      000000018000ff00 f   c1_mpc_tmpdemo_2014b.obj
 0001:0000ef70       c1_m_emlrt_marshallIn      000000018000ff70 f   c1_mpc_tmpdemo_2014b.obj
 0001:0000f060       c1_n_emlrt_marshallIn      0000000180010060 f   c1_mpc_tmpdemo_2014b.obj
 0001:0000f0d0       c1_c_eml_xgemm             00000001800100d0 f   c1_mpc_tmpdemo_2014b.obj
 0001:0000f260       c1_d_eml_xgemm             0000000180010260 f   c1_mpc_tmpdemo_2014b.obj
 0001:0000f3f0       sf_opaque_get_sim_state_c1_mpc_tmpdemo_2014b 00000001800103f0 f   c1_mpc_tmpdemo_2014b.obj
 0001:0000f440       get_sim_state_c1_mpc_tmpdemo_2014b 0000000180010440 f   c1_mpc_tmpdemo_2014b.obj
 0001:0000f870       sf_opaque_set_sim_state_c1_mpc_tmpdemo_2014b 0000000180010870 f   c1_mpc_tmpdemo_2014b.obj
 0001:0000f8c0       set_sim_state_c1_mpc_tmpdemo_2014b 00000001800108c0 f   c1_mpc_tmpdemo_2014b.obj
 0001:0000fb80       c1_update_debugger_state_c1_mpc_tmpdemo_2014b 0000000180010b80 f   c1_mpc_tmpdemo_2014b.obj
 0001:0000fb90       c1_emlrt_marshallIn        0000000180010b90 f   c1_mpc_tmpdemo_2014b.obj
 0001:0000fc00       c1_c_emlrt_marshallIn      0000000180010c00 f   c1_mpc_tmpdemo_2014b.obj
 0001:0000fc70       c1_e_emlrt_marshallIn      0000000180010c70 f   c1_mpc_tmpdemo_2014b.obj
 0001:0000fce0       c1_q_emlrt_marshallIn      0000000180010ce0 f   c1_mpc_tmpdemo_2014b.obj
 0001:0000fd40       c1_r_emlrt_marshallIn      0000000180010d40 f   c1_mpc_tmpdemo_2014b.obj
 0001:0000fdd0       sf_opaque_terminate_c1_mpc_tmpdemo_2014b 0000000180010dd0 f   c1_mpc_tmpdemo_2014b.obj
 0001:0000fe70       finalize_c1_mpc_tmpdemo_2014b 0000000180010e70 f   c1_mpc_tmpdemo_2014b.obj
 0001:0000fe80       sf_opaque_init_subchart_simstructs 0000000180010e80 f   c1_mpc_tmpdemo_2014b.obj
 0001:0000fea0       initSimStructsc1_mpc_tmpdemo_2014b 0000000180010ea0 f   c1_mpc_tmpdemo_2014b.obj
 0001:0000feb0       mdlRTW_c1_mpc_tmpdemo_2014b 0000000180010eb0 f   c1_mpc_tmpdemo_2014b.obj
 0001:0000ff60       c2_info_helper             0000000180010f60 f   c2_mpc_tmpdemo_2014b.obj
 0001:000128b0       c2_emlrt_marshallOut       00000001800138b0 f   c2_mpc_tmpdemo_2014b.obj
 0001:00012940       c2_b_emlrt_marshallOut     0000000180013940 f   c2_mpc_tmpdemo_2014b.obj
 0001:000142d0       mdlProcessParameters_c2_mpc_tmpdemo_2014b 00000001800152d0 f   c2_mpc_tmpdemo_2014b.obj
 0001:000143b0       initialize_params_c2_mpc_tmpdemo_2014b 00000001800153b0 f   c2_mpc_tmpdemo_2014b.obj
 0001:000143c0       mdlSetWorkWidths_c2_mpc_tmpdemo_2014b 00000001800153c0 f   c2_mpc_tmpdemo_2014b.obj
 0001:00014aa0       sf_get_instance_specialization 0000000180015aa0 f   c2_mpc_tmpdemo_2014b.obj
 0001:00014ab0       mdlStart_c2_mpc_tmpdemo_2014b 0000000180015ab0 f   c2_mpc_tmpdemo_2014b.obj
 0001:00014d30       init_dsm_address_info      0000000180015d30 f   c2_mpc_tmpdemo_2014b.obj
 0001:00014d40       init_simulink_io_address   0000000180015d40 f   c2_mpc_tmpdemo_2014b.obj
 0001:00014f40       sf_get_sim_state_info_c2_mpc_tmpdemo_2014b 0000000180015f40 f   c2_mpc_tmpdemo_2014b.obj
 0001:00015000       chart_debug_initialization 0000000180016000 f   c2_mpc_tmpdemo_2014b.obj
 0001:00016a60       init_script_number_translation 0000000180017a60 f   c2_mpc_tmpdemo_2014b.obj
 0001:00016a80       c2_sf_marshallOut          0000000180017a80 f   c2_mpc_tmpdemo_2014b.obj
 0001:00016b30       c2_sf_marshallIn           0000000180017b30 f   c2_mpc_tmpdemo_2014b.obj
 0001:00016bd0       c2_b_sf_marshallOut        0000000180017bd0 f   c2_mpc_tmpdemo_2014b.obj
 0001:00016d50       c2_b_sf_marshallIn         0000000180017d50 f   c2_mpc_tmpdemo_2014b.obj
 0001:00016e70       c2_b_emlrt_marshallIn      0000000180017e70 f   c2_mpc_tmpdemo_2014b.obj
 0001:00016f60       c2_c_sf_marshallOut        0000000180017f60 f   c2_mpc_tmpdemo_2014b.obj
 0001:000170d0       c2_c_sf_marshallIn         00000001800180d0 f   c2_mpc_tmpdemo_2014b.obj
 0001:000171e0       c2_d_emlrt_marshallIn      00000001800181e0 f   c2_mpc_tmpdemo_2014b.obj
 0001:000172f0       c2_d_sf_marshallOut        00000001800182f0 f   c2_mpc_tmpdemo_2014b.obj
 0001:00017470       c2_d_sf_marshallIn         0000000180018470 f   c2_mpc_tmpdemo_2014b.obj
 0001:00017570       c2_f_emlrt_marshallIn      0000000180018570 f   c2_mpc_tmpdemo_2014b.obj
 0001:00017660       c2_e_sf_marshallOut        0000000180018660 f   c2_mpc_tmpdemo_2014b.obj
 0001:00017880       c2_f_sf_marshallOut        0000000180018880 f   c2_mpc_tmpdemo_2014b.obj
 0001:00017ac0       c2_g_sf_marshallOut        0000000180018ac0 f   c2_mpc_tmpdemo_2014b.obj
 0001:00017d10       c2_h_sf_marshallOut        0000000180018d10 f   c2_mpc_tmpdemo_2014b.obj
 0001:00017f20       c2_i_sf_marshallOut        0000000180018f20 f   c2_mpc_tmpdemo_2014b.obj
 0001:00018150       c2_j_sf_marshallOut        0000000180019150 f   c2_mpc_tmpdemo_2014b.obj
 0001:00018370       c2_k_sf_marshallOut        0000000180019370 f   c2_mpc_tmpdemo_2014b.obj
 0001:000185c0       c2_l_sf_marshallOut        00000001800195c0 f   c2_mpc_tmpdemo_2014b.obj
 0001:00018800       c2_m_sf_marshallOut        0000000180019800 f   c2_mpc_tmpdemo_2014b.obj
 0001:00018980       c2_o_emlrt_marshallIn      0000000180019980 f   c2_mpc_tmpdemo_2014b.obj
 0001:00018a10       sf_opaque_initialize_c2_mpc_tmpdemo_2014b 0000000180019a10 f   c2_mpc_tmpdemo_2014b.obj
 0001:00018a50       initialize_c2_mpc_tmpdemo_2014b 0000000180019a50 f   c2_mpc_tmpdemo_2014b.obj
 0001:00018aa0       sf_opaque_enable_c2_mpc_tmpdemo_2014b 0000000180019aa0 f   c2_mpc_tmpdemo_2014b.obj
 0001:00018ac0       enable_c2_mpc_tmpdemo_2014b 0000000180019ac0 f   c2_mpc_tmpdemo_2014b.obj
 0001:00018af0       sf_opaque_disable_c2_mpc_tmpdemo_2014b 0000000180019af0 f   c2_mpc_tmpdemo_2014b.obj
 0001:00018b10       disable_c2_mpc_tmpdemo_2014b 0000000180019b10 f   c2_mpc_tmpdemo_2014b.obj
 0001:00018b40       sf_opaque_gateway_c2_mpc_tmpdemo_2014b 0000000180019b40 f   c2_mpc_tmpdemo_2014b.obj
 0001:00018b60       sf_gateway_c2_mpc_tmpdemo_2014b 0000000180019b60 f   c2_mpc_tmpdemo_2014b.obj
 0001:00019460       c2_chartstep_c2_mpc_tmpdemo_2014b 000000018001a460 f   c2_mpc_tmpdemo_2014b.obj
 0001:0001c850       c2_n_sf_marshallOut        000000018001d850 f   c2_mpc_tmpdemo_2014b.obj
 0001:0001c9d0       c2_e_sf_marshallIn         000000018001d9d0 f   c2_mpc_tmpdemo_2014b.obj
 0001:0001cae0       c2_o_sf_marshallOut        000000018001dae0 f   c2_mpc_tmpdemo_2014b.obj
 0001:0001cc60       c2_f_sf_marshallIn         000000018001dc60 f   c2_mpc_tmpdemo_2014b.obj
 0001:0001cd70       c2_g_emlrt_marshallIn      000000018001dd70 f   c2_mpc_tmpdemo_2014b.obj
 0001:0001ce70       c2_p_sf_marshallOut        000000018001de70 f   c2_mpc_tmpdemo_2014b.obj
 0001:0001cff0       c2_g_sf_marshallIn         000000018001dff0 f   c2_mpc_tmpdemo_2014b.obj
 0001:0001d100       c2_h_emlrt_marshallIn      000000018001e100 f   c2_mpc_tmpdemo_2014b.obj
 0001:0001d1f0       c2_q_sf_marshallOut        000000018001e1f0 f   c2_mpc_tmpdemo_2014b.obj
 0001:0001d710       c2_h_sf_marshallIn         000000018001e710 f   c2_mpc_tmpdemo_2014b.obj
 0001:0001d830       c2_i_emlrt_marshallIn      000000018001e830 f   c2_mpc_tmpdemo_2014b.obj
 0001:0001dac0       c2_j_emlrt_marshallIn      000000018001eac0 f   c2_mpc_tmpdemo_2014b.obj
 0001:0001dbd0       c2_k_emlrt_marshallIn      000000018001ebd0 f   c2_mpc_tmpdemo_2014b.obj
 0001:0001dca0       c2_eml_scalar_eg           000000018001eca0 f   c2_mpc_tmpdemo_2014b.obj
 0001:0001dcb0       c2_threshold               000000018001ecb0 f   c2_mpc_tmpdemo_2014b.obj
 0001:0001dcc0       c2_b_eml_scalar_eg         000000018001ecc0 f   c2_mpc_tmpdemo_2014b.obj
 0001:0001dcd0       c2_c_eml_scalar_eg         000000018001ecd0 f   c2_mpc_tmpdemo_2014b.obj
 0001:0001dce0       c2_d_eml_scalar_eg         000000018001ece0 f   c2_mpc_tmpdemo_2014b.obj
 0001:0001dcf0       c2_e_eml_scalar_eg         000000018001ecf0 f   c2_mpc_tmpdemo_2014b.obj
 0001:0001dd00       c2_f_eml_scalar_eg         000000018001ed00 f   c2_mpc_tmpdemo_2014b.obj
 0001:0001dd10       c2_g_eml_scalar_eg         000000018001ed10 f   c2_mpc_tmpdemo_2014b.obj
 0001:0001dd20       c2_l_emlrt_marshallIn      000000018001ed20 f   c2_mpc_tmpdemo_2014b.obj
 0001:0001dd90       c2_m_emlrt_marshallIn      000000018001ed90 f   c2_mpc_tmpdemo_2014b.obj
 0001:0001de90       c2_n_emlrt_marshallIn      000000018001ee90 f   c2_mpc_tmpdemo_2014b.obj
 0001:0001df00       c2_c_eml_xgemm             000000018001ef00 f   c2_mpc_tmpdemo_2014b.obj
 0001:0001e090       c2_d_eml_xgemm             000000018001f090 f   c2_mpc_tmpdemo_2014b.obj
 0001:0001e220       sf_opaque_get_sim_state_c2_mpc_tmpdemo_2014b 000000018001f220 f   c2_mpc_tmpdemo_2014b.obj
 0001:0001e270       get_sim_state_c2_mpc_tmpdemo_2014b 000000018001f270 f   c2_mpc_tmpdemo_2014b.obj
 0001:0001e6c0       sf_opaque_set_sim_state_c2_mpc_tmpdemo_2014b 000000018001f6c0 f   c2_mpc_tmpdemo_2014b.obj
 0001:0001e710       set_sim_state_c2_mpc_tmpdemo_2014b 000000018001f710 f   c2_mpc_tmpdemo_2014b.obj
 0001:0001e980       c2_update_debugger_state_c2_mpc_tmpdemo_2014b 000000018001f980 f   c2_mpc_tmpdemo_2014b.obj
 0001:0001e990       c2_emlrt_marshallIn        000000018001f990 f   c2_mpc_tmpdemo_2014b.obj
 0001:0001ea00       c2_c_emlrt_marshallIn      000000018001fa00 f   c2_mpc_tmpdemo_2014b.obj
 0001:0001ea70       c2_e_emlrt_marshallIn      000000018001fa70 f   c2_mpc_tmpdemo_2014b.obj
 0001:0001eae0       c2_q_emlrt_marshallIn      000000018001fae0 f   c2_mpc_tmpdemo_2014b.obj
 0001:0001eb40       c2_r_emlrt_marshallIn      000000018001fb40 f   c2_mpc_tmpdemo_2014b.obj
 0001:0001ebd0       sf_opaque_terminate_c2_mpc_tmpdemo_2014b 000000018001fbd0 f   c2_mpc_tmpdemo_2014b.obj
 0001:0001ec70       finalize_c2_mpc_tmpdemo_2014b 000000018001fc70 f   c2_mpc_tmpdemo_2014b.obj
 0001:0001ec80       sf_opaque_init_subchart_simstructs 000000018001fc80 f   c2_mpc_tmpdemo_2014b.obj
 0001:0001eca0       initSimStructsc2_mpc_tmpdemo_2014b 000000018001fca0 f   c2_mpc_tmpdemo_2014b.obj
 0001:0001ecb0       mdlRTW_c2_mpc_tmpdemo_2014b 000000018001fcb0 f   c2_mpc_tmpdemo_2014b.obj
 0001:0001ed60       c4_info_helper             000000018001fd60 f   c4_mpc_tmpdemo_2014b.obj
 0001:000216b0       c4_emlrt_marshallOut       00000001800226b0 f   c4_mpc_tmpdemo_2014b.obj
 0001:00021740       c4_b_emlrt_marshallOut     0000000180022740 f   c4_mpc_tmpdemo_2014b.obj
 0001:000230d0       mdlProcessParameters_c4_mpc_tmpdemo_2014b 00000001800240d0 f   c4_mpc_tmpdemo_2014b.obj
 0001:000231b0       initialize_params_c4_mpc_tmpdemo_2014b 00000001800241b0 f   c4_mpc_tmpdemo_2014b.obj
 0001:000231c0       mdlSetWorkWidths_c4_mpc_tmpdemo_2014b 00000001800241c0 f   c4_mpc_tmpdemo_2014b.obj
 0001:000238a0       sf_get_instance_specialization 00000001800248a0 f   c4_mpc_tmpdemo_2014b.obj
 0001:000238b0       mdlStart_c4_mpc_tmpdemo_2014b 00000001800248b0 f   c4_mpc_tmpdemo_2014b.obj
 0001:00023b30       init_dsm_address_info      0000000180024b30 f   c4_mpc_tmpdemo_2014b.obj
 0001:00023b40       init_simulink_io_address   0000000180024b40 f   c4_mpc_tmpdemo_2014b.obj
 0001:00023d40       sf_get_sim_state_info_c4_mpc_tmpdemo_2014b 0000000180024d40 f   c4_mpc_tmpdemo_2014b.obj
 0001:00023e00       chart_debug_initialization 0000000180024e00 f   c4_mpc_tmpdemo_2014b.obj
 0001:00025860       init_script_number_translation 0000000180026860 f   c4_mpc_tmpdemo_2014b.obj
 0001:00025880       c4_sf_marshallOut          0000000180026880 f   c4_mpc_tmpdemo_2014b.obj
 0001:00025930       c4_sf_marshallIn           0000000180026930 f   c4_mpc_tmpdemo_2014b.obj
 0001:000259d0       c4_b_sf_marshallOut        00000001800269d0 f   c4_mpc_tmpdemo_2014b.obj
 0001:00025b60       c4_b_sf_marshallIn         0000000180026b60 f   c4_mpc_tmpdemo_2014b.obj
 0001:00025c70       c4_b_emlrt_marshallIn      0000000180026c70 f   c4_mpc_tmpdemo_2014b.obj
 0001:00025d60       c4_c_sf_marshallOut        0000000180026d60 f   c4_mpc_tmpdemo_2014b.obj
 0001:00025ef0       c4_c_sf_marshallIn         0000000180026ef0 f   c4_mpc_tmpdemo_2014b.obj
 0001:00026020       c4_d_emlrt_marshallIn      0000000180027020 f   c4_mpc_tmpdemo_2014b.obj
 0001:00026110       c4_d_sf_marshallOut        0000000180027110 f   c4_mpc_tmpdemo_2014b.obj
 0001:00026290       c4_d_sf_marshallIn         0000000180027290 f   c4_mpc_tmpdemo_2014b.obj
 0001:00026390       c4_f_emlrt_marshallIn      0000000180027390 f   c4_mpc_tmpdemo_2014b.obj
 0001:00026480       c4_e_sf_marshallOut        0000000180027480 f   c4_mpc_tmpdemo_2014b.obj
 0001:000266d0       c4_f_sf_marshallOut        00000001800276d0 f   c4_mpc_tmpdemo_2014b.obj
 0001:00026920       c4_g_sf_marshallOut        0000000180027920 f   c4_mpc_tmpdemo_2014b.obj
 0001:00026b70       c4_h_sf_marshallOut        0000000180027b70 f   c4_mpc_tmpdemo_2014b.obj
 0001:00026dc0       c4_i_sf_marshallOut        0000000180027dc0 f   c4_mpc_tmpdemo_2014b.obj
 0001:00027030       c4_j_sf_marshallOut        0000000180028030 f   c4_mpc_tmpdemo_2014b.obj
 0001:000272a0       c4_k_sf_marshallOut        00000001800282a0 f   c4_mpc_tmpdemo_2014b.obj
 0001:00027500       c4_l_sf_marshallOut        0000000180028500 f   c4_mpc_tmpdemo_2014b.obj
 0001:00027760       c4_m_sf_marshallOut        0000000180028760 f   c4_mpc_tmpdemo_2014b.obj
 0001:000278f0       c4_o_emlrt_marshallIn      00000001800288f0 f   c4_mpc_tmpdemo_2014b.obj
 0001:00027980       sf_opaque_initialize_c4_mpc_tmpdemo_2014b 0000000180028980 f   c4_mpc_tmpdemo_2014b.obj
 0001:000279c0       initialize_c4_mpc_tmpdemo_2014b 00000001800289c0 f   c4_mpc_tmpdemo_2014b.obj
 0001:00027a10       sf_opaque_enable_c4_mpc_tmpdemo_2014b 0000000180028a10 f   c4_mpc_tmpdemo_2014b.obj
 0001:00027a30       enable_c4_mpc_tmpdemo_2014b 0000000180028a30 f   c4_mpc_tmpdemo_2014b.obj
 0001:00027a60       sf_opaque_disable_c4_mpc_tmpdemo_2014b 0000000180028a60 f   c4_mpc_tmpdemo_2014b.obj
 0001:00027a80       disable_c4_mpc_tmpdemo_2014b 0000000180028a80 f   c4_mpc_tmpdemo_2014b.obj
 0001:00027ab0       sf_opaque_gateway_c4_mpc_tmpdemo_2014b 0000000180028ab0 f   c4_mpc_tmpdemo_2014b.obj
 0001:00027ad0       sf_gateway_c4_mpc_tmpdemo_2014b 0000000180028ad0 f   c4_mpc_tmpdemo_2014b.obj
 0001:000283d0       c4_chartstep_c4_mpc_tmpdemo_2014b 00000001800293d0 f   c4_mpc_tmpdemo_2014b.obj
 0001:0002bc20       c4_n_sf_marshallOut        000000018002cc20 f   c4_mpc_tmpdemo_2014b.obj
 0001:0002bdb0       c4_e_sf_marshallIn         000000018002cdb0 f   c4_mpc_tmpdemo_2014b.obj
 0001:0002bee0       c4_o_sf_marshallOut        000000018002cee0 f   c4_mpc_tmpdemo_2014b.obj
 0001:0002c070       c4_f_sf_marshallIn         000000018002d070 f   c4_mpc_tmpdemo_2014b.obj
 0001:0002c1a0       c4_g_emlrt_marshallIn      000000018002d1a0 f   c4_mpc_tmpdemo_2014b.obj
 0001:0002c2a0       c4_p_sf_marshallOut        000000018002d2a0 f   c4_mpc_tmpdemo_2014b.obj
 0001:0002c420       c4_g_sf_marshallIn         000000018002d420 f   c4_mpc_tmpdemo_2014b.obj
 0001:0002c520       c4_h_emlrt_marshallIn      000000018002d520 f   c4_mpc_tmpdemo_2014b.obj
 0001:0002c620       c4_q_sf_marshallOut        000000018002d620 f   c4_mpc_tmpdemo_2014b.obj
 0001:0002cb60       c4_h_sf_marshallIn         000000018002db60 f   c4_mpc_tmpdemo_2014b.obj
 0001:0002cc80       c4_i_emlrt_marshallIn      000000018002dc80 f   c4_mpc_tmpdemo_2014b.obj
 0001:0002cf30       c4_j_emlrt_marshallIn      000000018002df30 f   c4_mpc_tmpdemo_2014b.obj
 0001:0002d040       c4_k_emlrt_marshallIn      000000018002e040 f   c4_mpc_tmpdemo_2014b.obj
 0001:0002d110       c4_eml_scalar_eg           000000018002e110 f   c4_mpc_tmpdemo_2014b.obj
 0001:0002d120       c4_threshold               000000018002e120 f   c4_mpc_tmpdemo_2014b.obj
 0001:0002d130       c4_b_eml_scalar_eg         000000018002e130 f   c4_mpc_tmpdemo_2014b.obj
 0001:0002d140       c4_c_eml_scalar_eg         000000018002e140 f   c4_mpc_tmpdemo_2014b.obj
 0001:0002d150       c4_d_eml_scalar_eg         000000018002e150 f   c4_mpc_tmpdemo_2014b.obj
 0001:0002d160       c4_e_eml_scalar_eg         000000018002e160 f   c4_mpc_tmpdemo_2014b.obj
 0001:0002d170       c4_f_eml_scalar_eg         000000018002e170 f   c4_mpc_tmpdemo_2014b.obj
 0001:0002d180       c4_g_eml_scalar_eg         000000018002e180 f   c4_mpc_tmpdemo_2014b.obj
 0001:0002d190       c4_l_emlrt_marshallIn      000000018002e190 f   c4_mpc_tmpdemo_2014b.obj
 0001:0002d200       c4_m_emlrt_marshallIn      000000018002e200 f   c4_mpc_tmpdemo_2014b.obj
 0001:0002d300       c4_n_emlrt_marshallIn      000000018002e300 f   c4_mpc_tmpdemo_2014b.obj
 0001:0002d370       c4_c_eml_xgemm             000000018002e370 f   c4_mpc_tmpdemo_2014b.obj
 0001:0002d500       c4_d_eml_xgemm             000000018002e500 f   c4_mpc_tmpdemo_2014b.obj
 0001:0002d690       sf_opaque_get_sim_state_c4_mpc_tmpdemo_2014b 000000018002e690 f   c4_mpc_tmpdemo_2014b.obj
 0001:0002d6e0       get_sim_state_c4_mpc_tmpdemo_2014b 000000018002e6e0 f   c4_mpc_tmpdemo_2014b.obj
 0001:0002db60       sf_opaque_set_sim_state_c4_mpc_tmpdemo_2014b 000000018002eb60 f   c4_mpc_tmpdemo_2014b.obj
 0001:0002dbb0       set_sim_state_c4_mpc_tmpdemo_2014b 000000018002ebb0 f   c4_mpc_tmpdemo_2014b.obj
 0001:0002de70       c4_update_debugger_state_c4_mpc_tmpdemo_2014b 000000018002ee70 f   c4_mpc_tmpdemo_2014b.obj
 0001:0002de80       c4_emlrt_marshallIn        000000018002ee80 f   c4_mpc_tmpdemo_2014b.obj
 0001:0002def0       c4_c_emlrt_marshallIn      000000018002eef0 f   c4_mpc_tmpdemo_2014b.obj
 0001:0002df60       c4_e_emlrt_marshallIn      000000018002ef60 f   c4_mpc_tmpdemo_2014b.obj
 0001:0002dfd0       c4_q_emlrt_marshallIn      000000018002efd0 f   c4_mpc_tmpdemo_2014b.obj
 0001:0002e030       c4_r_emlrt_marshallIn      000000018002f030 f   c4_mpc_tmpdemo_2014b.obj
 0001:0002e0c0       sf_opaque_terminate_c4_mpc_tmpdemo_2014b 000000018002f0c0 f   c4_mpc_tmpdemo_2014b.obj
 0001:0002e160       finalize_c4_mpc_tmpdemo_2014b 000000018002f160 f   c4_mpc_tmpdemo_2014b.obj
 0001:0002e170       sf_opaque_init_subchart_simstructs 000000018002f170 f   c4_mpc_tmpdemo_2014b.obj
 0001:0002e190       initSimStructsc4_mpc_tmpdemo_2014b 000000018002f190 f   c4_mpc_tmpdemo_2014b.obj
 0001:0002e1a0       mdlRTW_c4_mpc_tmpdemo_2014b 000000018002f1a0 f   c4_mpc_tmpdemo_2014b.obj
 0001:0002f360       getChartInfoFromSimStruct  0000000180030360 f   mpc_tmpdemo_2014b_sfun_registry.obj
 0001:00030a00       _ssFatalError              0000000180031a00 f   mpc_tmpdemo_2014b_sfun_registry.obj
 0001:00033ab0       ProcessMexSfunctionCmdLineCall 0000000180034ab0 f   mpc_tmpdemo_2014b_sfun_registry.obj
 0001:00033c50       sf_debug_api_wrapper       0000000180034c50 f   mpc_tmpdemo_2014b_sfun_registry.obj
 0001:00033ca0       mdlStart                   0000000180034ca0 f   mpc_tmpdemo_2014b_sfun_registry.obj
 0001:00033cd0       mdl_start_processing       0000000180034cd0 f   mpc_tmpdemo_2014b_sfun_registry.obj
 0001:00033d90       mdlTerminate               0000000180034d90 f   mpc_tmpdemo_2014b_sfun_registry.obj
 0001:00033dc0       mdl_terminate_processing   0000000180034dc0 f   mpc_tmpdemo_2014b_sfun_registry.obj
 0001:00033e40       mdlInitializeSampleTimes   0000000180034e40 f   mpc_tmpdemo_2014b_sfun_registry.obj
 0001:00033e70       mdlZeroCrossings           0000000180034e70 f   mpc_tmpdemo_2014b_sfun_registry.obj
 0001:00033ea0       mdl_zeroCrossings_processing 0000000180034ea0 f   mpc_tmpdemo_2014b_sfun_registry.obj
 0001:00033ee0       mdlDerivatives             0000000180034ee0 f   mpc_tmpdemo_2014b_sfun_registry.obj
 0001:00033f10       mdl_derivatives_processing 0000000180034f10 f   mpc_tmpdemo_2014b_sfun_registry.obj
 0001:00033f60       mdlInitializeConditions    0000000180034f60 f   mpc_tmpdemo_2014b_sfun_registry.obj
 0001:00033f90       mdl_initialize_conditions_processing 0000000180034f90 f   mpc_tmpdemo_2014b_sfun_registry.obj
 0001:00033fe0       mdlEnable                  0000000180034fe0 f   mpc_tmpdemo_2014b_sfun_registry.obj
 0001:00034010       mdl_enable_processing      0000000180035010 f   mpc_tmpdemo_2014b_sfun_registry.obj
 0001:00034050       mdlDisable                 0000000180035050 f   mpc_tmpdemo_2014b_sfun_registry.obj
 0001:00034080       mdl_disable_processing     0000000180035080 f   mpc_tmpdemo_2014b_sfun_registry.obj
 0001:000340c0       mdlOutputs                 00000001800350c0 f   mpc_tmpdemo_2014b_sfun_registry.obj
 0001:000340f0       mdl_outputs_processing     00000001800350f0 f   mpc_tmpdemo_2014b_sfun_registry.obj
 0001:000341d0       mdl_outputs_continuous_legacy 00000001800351d0 f   mpc_tmpdemo_2014b_sfun_registry.obj
 0001:000342c0       mdlGetTimeOfNextVarHit     00000001800352c0 f   mpc_tmpdemo_2014b_sfun_registry.obj
 0001:00034310       _ProcessMexSfunctionCmdLineCall 0000000180035310 f   mpc_tmpdemo_2014b_sfun_registry.obj
 0001:00034a60       mdlSetWorkWidths           0000000180035a60 f   mpc_tmpdemo_2014b_sfun_registry.obj
 0001:00034a90       mdlProcessParameters       0000000180035a90 f   mpc_tmpdemo_2014b_sfun_registry.obj
 0001:00034ac0       mdlInitializeSizes         0000000180035ac0 f   mpc_tmpdemo_2014b_sfun_registry.obj
 0001:00034af0       mdlExtModeExec             0000000180035af0 f   mpc_tmpdemo_2014b_sfun_registry.obj
 0001:00034b20       mdl_ext_mode_exec_processing 0000000180035b20 f   mpc_tmpdemo_2014b_sfun_registry.obj
 0001:00034b60       mdlRTW                     0000000180035b60 f   mpc_tmpdemo_2014b_sfun_registry.obj
 0001:00034ba0       _CreateSimStruct           0000000180035ba0 f   mpc_tmpdemo_2014b_sfun_registry.obj
 0001:00034d30       _RegNumInputPortsCB        0000000180035d30 f   mpc_tmpdemo_2014b_sfun_registry.obj
 0001:00034db0       _RegNumOutputPortsCB       0000000180035db0 f   mpc_tmpdemo_2014b_sfun_registry.obj
 0001:00035e60       c3_info_helper             0000000180036e60 f   mpclib_sfun:c3_mpclib.obj
 0001:00037de0       c3_emlrt_marshallOut       0000000180038de0 f   mpclib_sfun:c3_mpclib.obj
 0001:00037e70       c3_b_emlrt_marshallOut     0000000180038e70 f   mpclib_sfun:c3_mpclib.obj
 0001:000402d0       mdlProcessParameters_c3_mpclib 00000001800412d0 f   mpclib_sfun:c3_mpclib.obj
 0001:000403b0       initialize_params_c3_mpclib 00000001800413b0 f   mpclib_sfun:c3_mpclib.obj
 0001:00042fb0       mdlSetWorkWidths_c3_mpclib 0000000180043fb0 f   mpclib_sfun:c3_mpclib.obj
 0001:000464a0       sf_get_instance_specialization 00000001800474a0 f   mpclib_sfun:c3_mpclib.obj
 0001:000464b0       mdlStart_c3_mpclib         00000001800474b0 f   mpclib_sfun:c3_mpclib.obj
 0001:00046730       init_dsm_address_info      0000000180047730 f   mpclib_sfun:c3_mpclib.obj
 0001:00046740       init_simulink_io_address   0000000180047740 f   mpclib_sfun:c3_mpclib.obj
 0001:00046a30       sf_get_sim_state_info_c3_mpclib 0000000180047a30 f   mpclib_sfun:c3_mpclib.obj
 0001:00046af0       chart_debug_initialization 0000000180047af0 f   mpclib_sfun:c3_mpclib.obj
 0001:0004f810       init_script_number_translation 0000000180050810 f   mpclib_sfun:c3_mpclib.obj
 0001:0004f830       c3_sf_marshallOut          0000000180050830 f   mpclib_sfun:c3_mpclib.obj
 0001:0004f9b0       c3_sf_marshallIn           00000001800509b0 f   mpclib_sfun:c3_mpclib.obj
 0001:0004fac0       c3_b_sf_marshallOut        0000000180050ac0 f   mpclib_sfun:c3_mpclib.obj
 0001:0004fc30       c3_b_sf_marshallIn         0000000180050c30 f   mpclib_sfun:c3_mpclib.obj
 0001:0004fd50       c3_b_emlrt_marshallIn      0000000180050d50 f   mpclib_sfun:c3_mpclib.obj
 0001:0004fe50       c3_c_sf_marshallOut        0000000180050e50 f   mpclib_sfun:c3_mpclib.obj
 0001:0004ff00       c3_c_sf_marshallIn         0000000180050f00 f   mpclib_sfun:c3_mpclib.obj
 0001:0004ffa0       c3_d_sf_marshallOut        0000000180050fa0 f   mpclib_sfun:c3_mpclib.obj
 0001:000501d0       c3_d_sf_marshallIn         00000001800511d0 f   mpclib_sfun:c3_mpclib.obj
 0001:00050320       c3_e_sf_marshallOut        0000000180051320 f   mpclib_sfun:c3_mpclib.obj
 0001:00050490       c3_e_sf_marshallIn         0000000180051490 f   mpclib_sfun:c3_mpclib.obj
 0001:00050590       c3_f_sf_marshallOut        0000000180051590 f   mpclib_sfun:c3_mpclib.obj
 0001:00050700       c3_g_sf_marshallOut        0000000180051700 f   mpclib_sfun:c3_mpclib.obj
 0001:00050950       c3_h_sf_marshallOut        0000000180051950 f   mpclib_sfun:c3_mpclib.obj
 0001:00050ad0       c3_i_sf_marshallOut        0000000180051ad0 f   mpclib_sfun:c3_mpclib.obj
 0001:00050c40       c3_j_sf_marshallOut        0000000180051c40 f   mpclib_sfun:c3_mpclib.obj
 0001:00050db0       c3_k_sf_marshallOut        0000000180051db0 f   mpclib_sfun:c3_mpclib.obj
 0001:00051000       c3_l_sf_marshallOut        0000000180052000 f   mpclib_sfun:c3_mpclib.obj
 0001:00051250       c3_m_sf_marshallOut        0000000180052250 f   mpclib_sfun:c3_mpclib.obj
 0001:00051490       c3_n_sf_marshallOut        0000000180052490 f   mpclib_sfun:c3_mpclib.obj
 0001:000516e0       c3_o_sf_marshallOut        00000001800526e0 f   mpclib_sfun:c3_mpclib.obj
 0001:00051910       c3_p_sf_marshallOut        0000000180052910 f   mpclib_sfun:c3_mpclib.obj
 0001:00051b10       c3_q_sf_marshallOut        0000000180052b10 f   mpclib_sfun:c3_mpclib.obj
 0001:00051bc0       c3_r_sf_marshallOut        0000000180052bc0 f   mpclib_sfun:c3_mpclib.obj
 0001:00051d40       c3_s_sf_marshallOut        0000000180052d40 f   mpclib_sfun:c3_mpclib.obj
 0001:00051ec0       c3_t_sf_marshallOut        0000000180052ec0 f   mpclib_sfun:c3_mpclib.obj
 0001:00052110       c3_u_sf_marshallOut        0000000180053110 f   mpclib_sfun:c3_mpclib.obj
 0001:00052350       c3_v_sf_marshallOut        0000000180053350 f   mpclib_sfun:c3_mpclib.obj
 0001:00052590       c3_w_sf_marshallOut        0000000180053590 f   mpclib_sfun:c3_mpclib.obj
 0001:000527e0       c3_x_sf_marshallOut        00000001800537e0 f   mpclib_sfun:c3_mpclib.obj
 0001:00052a20       c3_y_sf_marshallOut        0000000180053a20 f   mpclib_sfun:c3_mpclib.obj
 0001:00052c60       c3_ab_sf_marshallOut       0000000180053c60 f   mpclib_sfun:c3_mpclib.obj
 0001:00052ea0       c3_bb_sf_marshallOut       0000000180053ea0 f   mpclib_sfun:c3_mpclib.obj
 0001:000530e0       c3_f_sf_marshallIn         00000001800540e0 f   mpclib_sfun:c3_mpclib.obj
 0001:000531f0       c3_c_emlrt_marshallIn      00000001800541f0 f   mpclib_sfun:c3_mpclib.obj
 0001:000532e0       c3_g_sf_marshallIn         00000001800542e0 f   mpclib_sfun:c3_mpclib.obj
 0001:000533f0       c3_d_emlrt_marshallIn      00000001800543f0 f   mpclib_sfun:c3_mpclib.obj
 0001:000534f0       c3_j_sf_marshallIn         00000001800544f0 f   mpclib_sfun:c3_mpclib.obj
 0001:00053590       c3_e_emlrt_marshallIn      0000000180054590 f   mpclib_sfun:c3_mpclib.obj
 0001:00053620       c3_k_emlrt_marshallIn      0000000180054620 f   mpclib_sfun:c3_mpclib.obj
 0001:000536b0       c3_m_emlrt_marshallIn      00000001800546b0 f   mpclib_sfun:c3_mpclib.obj
 0001:000537a0       c3_o_emlrt_marshallIn      00000001800547a0 f   mpclib_sfun:c3_mpclib.obj
 0001:000538a0       c3_q_emlrt_marshallIn      00000001800548a0 f   mpclib_sfun:c3_mpclib.obj
 0001:00053990       c3_l_sf_marshallIn         0000000180054990 f   mpclib_sfun:c3_mpclib.obj
 0001:00053af0       c3_s_emlrt_marshallIn      0000000180054af0 f   mpclib_sfun:c3_mpclib.obj
 0001:00053bf0       c3_m_sf_marshallIn         0000000180054bf0 f   mpclib_sfun:c3_mpclib.obj
 0001:00053d50       c3_t_emlrt_marshallIn      0000000180054d50 f   mpclib_sfun:c3_mpclib.obj
 0001:00053e60       c3_n_sf_marshallIn         0000000180054e60 f   mpclib_sfun:c3_mpclib.obj
 0001:00053fe0       c3_u_emlrt_marshallIn      0000000180054fe0 f   mpclib_sfun:c3_mpclib.obj
 0001:000540f0       c3_o_sf_marshallIn         00000001800550f0 f   mpclib_sfun:c3_mpclib.obj
 0001:00054270       c3_v_emlrt_marshallIn      0000000180055270 f   mpclib_sfun:c3_mpclib.obj
 0001:00054380       c3_p_sf_marshallIn         0000000180055380 f   mpclib_sfun:c3_mpclib.obj
 0001:00054500       c3_w_emlrt_marshallIn      0000000180055500 f   mpclib_sfun:c3_mpclib.obj
 0001:00054610       c3_q_sf_marshallIn         0000000180055610 f   mpclib_sfun:c3_mpclib.obj
 0001:00054770       c3_x_emlrt_marshallIn      0000000180055770 f   mpclib_sfun:c3_mpclib.obj
 0001:00054870       c3_r_sf_marshallIn         0000000180055870 f   mpclib_sfun:c3_mpclib.obj
 0001:00054980       c3_y_emlrt_marshallIn      0000000180055980 f   mpclib_sfun:c3_mpclib.obj
 0001:00054a70       c3_s_sf_marshallIn         0000000180055a70 f   mpclib_sfun:c3_mpclib.obj
 0001:00054bd0       c3_ab_emlrt_marshallIn     0000000180055bd0 f   mpclib_sfun:c3_mpclib.obj
 0001:00054ce0       c3_t_sf_marshallIn         0000000180055ce0 f   mpclib_sfun:c3_mpclib.obj
 0001:00054e50       c3_bb_emlrt_marshallIn     0000000180055e50 f   mpclib_sfun:c3_mpclib.obj
 0001:00054f60       c3_u_sf_marshallIn         0000000180055f60 f   mpclib_sfun:c3_mpclib.obj
 0001:000550d0       c3_cb_emlrt_marshallIn     00000001800560d0 f   mpclib_sfun:c3_mpclib.obj
 0001:000551e0       c3_v_sf_marshallIn         00000001800561e0 f   mpclib_sfun:c3_mpclib.obj
 0001:000552f0       c3_db_emlrt_marshallIn     00000001800562f0 f   mpclib_sfun:c3_mpclib.obj
 0001:000553e0       c3_w_sf_marshallIn         00000001800563e0 f   mpclib_sfun:c3_mpclib.obj
 0001:00055570       c3_eb_emlrt_marshallIn     0000000180056570 f   mpclib_sfun:c3_mpclib.obj
 0001:00055680       c3_x_sf_marshallIn         0000000180056680 f   mpclib_sfun:c3_mpclib.obj
 0001:000557f0       c3_fb_emlrt_marshallIn     00000001800567f0 f   mpclib_sfun:c3_mpclib.obj
 0001:000558f0       c3_y_sf_marshallIn         00000001800568f0 f   mpclib_sfun:c3_mpclib.obj
 0001:00055a50       c3_gb_emlrt_marshallIn     0000000180056a50 f   mpclib_sfun:c3_mpclib.obj
 0001:00055b60       c3_ab_sf_marshallIn        0000000180056b60 f   mpclib_sfun:c3_mpclib.obj
 0001:00055cc0       c3_hb_emlrt_marshallIn     0000000180056cc0 f   mpclib_sfun:c3_mpclib.obj
 0001:00055dd0       c3_bb_sf_marshallIn        0000000180056dd0 f   mpclib_sfun:c3_mpclib.obj
 0001:00055f40       c3_ib_emlrt_marshallIn     0000000180056f40 f   mpclib_sfun:c3_mpclib.obj
 0001:00056040       c3_cb_sf_marshallIn        0000000180057040 f   mpclib_sfun:c3_mpclib.obj
 0001:00056140       c3_jb_emlrt_marshallIn     0000000180057140 f   mpclib_sfun:c3_mpclib.obj
 0001:00056250       c3_db_sf_marshallIn        0000000180057250 f   mpclib_sfun:c3_mpclib.obj
 0001:00056360       c3_kb_emlrt_marshallIn     0000000180057360 f   mpclib_sfun:c3_mpclib.obj
 0001:00056470       c3_eb_sf_marshallIn        0000000180057470 f   mpclib_sfun:c3_mpclib.obj
 0001:000565f0       c3_lb_emlrt_marshallIn     00000001800575f0 f   mpclib_sfun:c3_mpclib.obj
 0001:00056700       sf_opaque_initialize_c3_mpclib 0000000180057700 f   mpclib_sfun:c3_mpclib.obj
 0001:00056740       initialize_c3_mpclib       0000000180057740 f   mpclib_sfun:c3_mpclib.obj
 0001:00056790       sf_opaque_enable_c3_mpclib 0000000180057790 f   mpclib_sfun:c3_mpclib.obj
 0001:000567b0       enable_c3_mpclib           00000001800577b0 f   mpclib_sfun:c3_mpclib.obj
 0001:000567e0       sf_opaque_disable_c3_mpclib 00000001800577e0 f   mpclib_sfun:c3_mpclib.obj
 0001:00056800       disable_c3_mpclib          0000000180057800 f   mpclib_sfun:c3_mpclib.obj
 0001:00056830       sf_opaque_gateway_c3_mpclib 0000000180057830 f   mpclib_sfun:c3_mpclib.obj
 0001:00056850       sf_gateway_c3_mpclib       0000000180057850 f   mpclib_sfun:c3_mpclib.obj
 0001:000591b0       c3_chartstep_c3_mpclib     000000018005a1b0 f   mpclib_sfun:c3_mpclib.obj
 0001:00061ba0       c3_cb_sf_marshallOut       0000000180062ba0 f   mpclib_sfun:c3_mpclib.obj
 0001:00061d10       c3_h_sf_marshallIn         0000000180062d10 f   mpclib_sfun:c3_mpclib.obj
 0001:00061e20       c3_db_sf_marshallOut       0000000180062e20 f   mpclib_sfun:c3_mpclib.obj
 0001:00061fa0       c3_i_sf_marshallIn         0000000180062fa0 f   mpclib_sfun:c3_mpclib.obj
 0001:000620c0       c3_eml_scalar_eg           00000001800630c0 f   mpclib_sfun:c3_mpclib.obj
 0001:000620d0       c3_threshold               00000001800630d0 f   mpclib_sfun:c3_mpclib.obj
 0001:000620e0       c3_b_eml_scalar_eg         00000001800630e0 f   mpclib_sfun:c3_mpclib.obj
 0001:000620f0       c3_c_eml_scalar_eg         00000001800630f0 f   mpclib_sfun:c3_mpclib.obj
 0001:00062100       c3_d_eml_scalar_eg         0000000180063100 f   mpclib_sfun:c3_mpclib.obj
 0001:00062110       c3_f_emlrt_marshallIn      0000000180063110 f   mpclib_sfun:c3_mpclib.obj
 0001:00062180       c3_g_emlrt_marshallIn      0000000180063180 f   mpclib_sfun:c3_mpclib.obj
 0001:00062270       c3_h_emlrt_marshallIn      0000000180063270 f   mpclib_sfun:c3_mpclib.obj
 0001:000622e0       c3_i_emlrt_marshallIn      00000001800632e0 f   mpclib_sfun:c3_mpclib.obj
 0001:000623d0       c3_j_emlrt_marshallIn      00000001800633d0 f   mpclib_sfun:c3_mpclib.obj
 0001:00062440       c3_l_emlrt_marshallIn      0000000180063440 f   mpclib_sfun:c3_mpclib.obj
 0001:000624b0       c3_n_emlrt_marshallIn      00000001800634b0 f   mpclib_sfun:c3_mpclib.obj
 0001:00062520       c3_p_emlrt_marshallIn      0000000180063520 f   mpclib_sfun:c3_mpclib.obj
 0001:00062590       sf_opaque_get_sim_state_c3_mpclib 0000000180063590 f   mpclib_sfun:c3_mpclib.obj
 0001:000625e0       get_sim_state_c3_mpclib    00000001800635e0 f   mpclib_sfun:c3_mpclib.obj
 0001:00062c80       sf_opaque_set_sim_state_c3_mpclib 0000000180063c80 f   mpclib_sfun:c3_mpclib.obj
 0001:00062cd0       set_sim_state_c3_mpclib    0000000180063cd0 f   mpclib_sfun:c3_mpclib.obj
 0001:000630c0       c3_update_debugger_state_c3_mpclib 00000001800640c0 f   mpclib_sfun:c3_mpclib.obj
 0001:000630d0       c3_emlrt_marshallIn        00000001800640d0 f   mpclib_sfun:c3_mpclib.obj
 0001:00063140       c3_mb_emlrt_marshallIn     0000000180064140 f   mpclib_sfun:c3_mpclib.obj
 0001:000631a0       c3_nb_emlrt_marshallIn     00000001800641a0 f   mpclib_sfun:c3_mpclib.obj
 0001:00063230       sf_opaque_terminate_c3_mpclib 0000000180064230 f   mpclib_sfun:c3_mpclib.obj
 0001:000632d0       finalize_c3_mpclib         00000001800642d0 f   mpclib_sfun:c3_mpclib.obj
 0001:000632e0       sf_opaque_init_subchart_simstructs 00000001800642e0 f   mpclib_sfun:c3_mpclib.obj
 0001:00063300       initSimStructsc3_mpclib    0000000180064300 f   mpclib_sfun:c3_mpclib.obj
 0001:00063310       mdlRTW_c3_mpclib           0000000180064310 f   mpclib_sfun:c3_mpclib.obj
 0001:000634a8       pre_c_init                 00000001800644a8 f   MSVCRT:crtdll.obj
 0001:00063764       __DllMainCRTStartup        0000000180064764 f   MSVCRT:crtdll.obj
 0001:00063df0       __DllMainCRTStartup$filt$0 0000000180064df0 f   MSVCRT:crtdll.obj
 0001:00063e20       __DllMainCRTStartup$fin$1  0000000180064e20 f   MSVCRT:crtdll.obj
 0001:00063e3a       _onexit$fin$0              0000000180064e3a f   MSVCRT:atonexit.obj
 0001:00063e60       _IsNonwritableInCurrentImage$filt$0 0000000180064e60 f   MSVCRT:pesect.obj
