 mpc_tmpdemo2_sfun

 Timestamp is 562655c8 (Tue Oct 20 16:55:04 2015)

 Preferred load address is 0000000180000000

 Start         Length     Name                   Class
 0001:00000000 00015804H .text                   CODE
 0001:00015810 00000092H .text$x                 CODE
 0002:00000000 00000468H .idata$5                DATA
 0002:00000468 00000008H .CRT$XCA                DATA
 0002:00000470 00000008H .CRT$XCZ                DATA
 0002:00000478 00000008H .CRT$XIA                DATA
 0002:00000480 00000008H .CRT$XIAA               DATA
 0002:00000488 00000008H .CRT$XIZ                DATA
 0002:00000490 000006bcH .rdata                  DATA
 0002:00000b50 00000008H .rtc$IAA                DATA
 0002:00000b58 00000008H .rtc$IZZ                DATA
 0002:00000b60 00000008H .rtc$TAA                DATA
 0002:00000b68 00000008H .rtc$TZZ                DATA
 0002:00000b70 00000964H .xdata                  DATA
 0002:000014d4 0000008cH .idata$2                DATA
 0002:00001560 00000014H .idata$3                DATA
 0002:00001578 00000468H .idata$4                DATA
 0002:000019e0 00000c18H .idata$6                DATA
 0002:00002600 00000057H .edata                  DATA
 0003:00000000 000024a8H .data                   DATA
 0003:000024b0 000006a8H .bss                    DATA
 0004:00000000 00000a68H .pdata                  DATA

  Address         Publics by Value              Rva+Base               Lib:Object

 0000:00000000       ___safe_se_handler_table   0000000000000000     <absolute>
 0000:00000000       ___safe_se_handler_count   0000000000000000     <absolute>
 0000:00000000       __ImageBase                0000000180000000     <linker-defined>
 0001:00000000       mpc_tmpdemo2_initializer   0000000180001000 f   mpc_tmpdemo2_sfun.obj
 0001:00000010       mpc_tmpdemo2_terminator    0000000180001010 f   mpc_tmpdemo2_sfun.obj
 0001:00000020       sf_mpc_tmpdemo2_method_dispatcher 0000000180001020 f   mpc_tmpdemo2_sfun.obj
 0001:00000070       sf_mpc_tmpdemo2_uses_exported_functions 0000000180001070 f   mpc_tmpdemo2_sfun.obj
 0001:000000b0       sf_mpc_tmpdemo2_process_check_sum_call 00000001800010b0 f   mpc_tmpdemo2_sfun.obj
 0001:00000440       sf_mpc_tmpdemo2_autoinheritance_info 0000000180001440 f   mpc_tmpdemo2_sfun.obj
 0001:000005b0       sf_mpc_tmpdemo2_get_eml_resolved_functions_info 00000001800015b0 f   mpc_tmpdemo2_sfun.obj
 0001:000006e0       sf_mpc_tmpdemo2_third_party_uses_info 00000001800016e0 f   mpc_tmpdemo2_sfun.obj
 0001:00000830       sf_mpc_tmpdemo2_jit_fallback_info 0000000180001830 f   mpc_tmpdemo2_sfun.obj
 0001:00000980       sf_mpc_tmpdemo2_updateBuildInfo_args_info 0000000180001980 f   mpc_tmpdemo2_sfun.obj
 0001:00000ad0       sf_mpc_tmpdemo2_get_post_codegen_info 0000000180001ad0 f   mpc_tmpdemo2_sfun.obj
 0001:00000ba0       mpc_tmpdemo2_debug_initialize 0000000180001ba0 f   mpc_tmpdemo2_sfun.obj
 0001:00000c20       mpc_tmpdemo2_register_exported_symbols 0000000180001c20 f   mpc_tmpdemo2_sfun.obj
 0001:00000c30       load_mpc_tmpdemo2_optimization_info 0000000180001c30 f   mpc_tmpdemo2_sfun.obj
 0001:00000c80       unload_mpc_tmpdemo2_optimization_info 0000000180001c80 f   mpc_tmpdemo2_sfun.obj
 0001:00000cb0       sf_c4_mpc_tmpdemo2_get_eml_resolved_functions_info 0000000180001cb0 f   c4_mpc_tmpdemo2.obj
 0001:00000d30       sf_c4_mpc_tmpdemo2_get_check_sum 0000000180001d30 f   c4_mpc_tmpdemo2.obj
 0001:00000db0       sf_c4_mpc_tmpdemo2_get_autoinheritance_info 0000000180001db0 f   c4_mpc_tmpdemo2.obj
 0001:000026f0       sf_c4_mpc_tmpdemo2_third_party_uses_info 00000001800036f0 f   c4_mpc_tmpdemo2.obj
 0001:00002720       sf_c4_mpc_tmpdemo2_jit_fallback_info 0000000180003720 f   c4_mpc_tmpdemo2.obj
 0001:00002860       sf_c4_mpc_tmpdemo2_updateBuildInfo_args_info 0000000180003860 f   c4_mpc_tmpdemo2.obj
 0001:00002890       sf_c4_mpc_tmpdemo2_get_post_codegen_info 0000000180003890 f   c4_mpc_tmpdemo2.obj
 0001:00002960       c4_mpc_tmpdemo2_method_dispatcher 0000000180003960 f   c4_mpc_tmpdemo2.obj
 0001:0000d600       sf_process_check_sum_call  000000018000e600 f   mpc_tmpdemo2_sfun_registry.obj
 0001:0000d650       sf_process_machine_uses_exported_functions_call 000000018000e650 f   mpc_tmpdemo2_sfun_registry.obj
 0001:0000d7a0       sf_process_autoinheritance_call 000000018000e7a0 f   mpc_tmpdemo2_sfun_registry.obj
 0001:0000d940       sf_process_get_third_party_uses_info_call 000000018000e940 f   mpc_tmpdemo2_sfun_registry.obj
 0001:0000dae0       sf_process_get_jit_fallback_info_call 000000018000eae0 f   mpc_tmpdemo2_sfun_registry.obj
 0001:0000dc80       sf_process_get_updateBuildInfo_args_info_call 000000018000ec80 f   mpc_tmpdemo2_sfun_registry.obj
 0001:0000de20       sf_process_get_eml_resolved_functions_info_call 000000018000ee20 f   mpc_tmpdemo2_sfun_registry.obj
 0001:0000dfa0       sf_process_get_post_codegen_info 000000018000efa0 f   mpc_tmpdemo2_sfun_registry.obj
 0001:0000e0f0       sf_mex_unlock_call         000000018000f0f0 f   mpc_tmpdemo2_sfun_registry.obj
 0001:0000e1a0       sf_machine_global_initializer_called 000000018000f1a0 f   mpc_tmpdemo2_sfun_registry.obj
 0001:0000e1d0       sf_machine_global_method_dispatcher 000000018000f1d0 f   mpc_tmpdemo2_sfun_registry.obj
 0001:0000e230       sf_machine_global_terminator 000000018000f230 f   mpc_tmpdemo2_sfun_registry.obj
 0001:0000e280       sf_register_machine_exported_symbols 000000018000f280 f   mpc_tmpdemo2_sfun_registry.obj
 0001:0000e2a0       callCustomFcn              000000018000f2a0 f   mpc_tmpdemo2_sfun_registry.obj
 0001:0000e2b0       sf_machine_global_initializer 000000018000f2b0 f   mpc_tmpdemo2_sfun_registry.obj
 0001:0000e330       mdlGetSimState             000000018000f330 f   mpc_tmpdemo2_sfun_registry.obj
 0001:0000e3b0       mdlSetSimState             000000018000f3b0 f   mpc_tmpdemo2_sfun_registry.obj
 0001:0000e3f0       _ssSetStateAbsTol          000000018000f3f0 f   mpc_tmpdemo2_sfun_registry.obj
 0001:0000e4d0       _ssGetAbsTol               000000018000f4d0 f   mpc_tmpdemo2_sfun_registry.obj
 0001:0000e540       _ssSetInputPortMatrixDimensions 000000018000f540 f   mpc_tmpdemo2_sfun_registry.obj
 0001:0000e650       _ssSetOutputPortMatrixDimensions 000000018000f650 f   mpc_tmpdemo2_sfun_registry.obj
 0001:0000e760       _ssSetInputPortVectorDimension 000000018000f760 f   mpc_tmpdemo2_sfun_registry.obj
 0001:0000e830       _ssSetOutputPortVectorDimension 000000018000f830 f   mpc_tmpdemo2_sfun_registry.obj
 0001:0000e900       _ssSetSymbolicDimsSupport  000000018000f900 f   mpc_tmpdemo2_sfun_registry.obj
 0001:0000e970       _ssRegisterSymbolicDimsExpr 000000018000f970 f   mpc_tmpdemo2_sfun_registry.obj
 0001:0000e9f0       _ssRegisterSymbolicDims    000000018000f9f0 f   mpc_tmpdemo2_sfun_registry.obj
 0001:0000ea90       _ssRegisterSymbolicDimsString 000000018000fa90 f   mpc_tmpdemo2_sfun_registry.obj
 0001:0000eb10       _ssRegisterSymbolicDimsIntValue 000000018000fb10 f   mpc_tmpdemo2_sfun_registry.obj
 0001:0000eb80       _ssRegisterSymbolicDimsPlus 000000018000fb80 f   mpc_tmpdemo2_sfun_registry.obj
 0001:0000ec00       _ssRegisterSymbolicDimsMinus 000000018000fc00 f   mpc_tmpdemo2_sfun_registry.obj
 0001:0000ec80       _ssRegisterSymbolicDimsMultiply 000000018000fc80 f   mpc_tmpdemo2_sfun_registry.obj
 0001:0000ed00       _ssRegisterSymbolicDimsDivide 000000018000fd00 f   mpc_tmpdemo2_sfun_registry.obj
 0001:0000ed80       _ssGetNumSymbolicDims      000000018000fd80 f   mpc_tmpdemo2_sfun_registry.obj
 0001:0000edf0       _ssGetSymbolicDim          000000018000fdf0 f   mpc_tmpdemo2_sfun_registry.obj
 0001:0000ee70       _ssSetInputPortSymbolicDimsId 000000018000fe70 f   mpc_tmpdemo2_sfun_registry.obj
 0001:0000eee0       _ssGetCompInputPortSymbolicDimsId 000000018000fee0 f   mpc_tmpdemo2_sfun_registry.obj
 0001:0000ef50       _ssSetCompInputPortSymbolicDimsId 000000018000ff50 f   mpc_tmpdemo2_sfun_registry.obj
 0001:0000efc0       _ssSetOutputPortSymbolicDimsId 000000018000ffc0 f   mpc_tmpdemo2_sfun_registry.obj
 0001:0000f030       _ssGetCompOutputPortSymbolicDimsId 0000000180010030 f   mpc_tmpdemo2_sfun_registry.obj
 0001:0000f0a0       _ssSetCompOutputPortSymbolicDimsId 00000001800100a0 f   mpc_tmpdemo2_sfun_registry.obj
 0001:0000f110       _ssSetCompDWorkSymbolicDimsId 0000000180010110 f   mpc_tmpdemo2_sfun_registry.obj
 0001:0000f180       ssIsRunTimeParamTunable    0000000180010180 f   mpc_tmpdemo2_sfun_registry.obj
 0001:0000f1f0       ssGetSFuncBlockHandle      00000001800101f0 f   mpc_tmpdemo2_sfun_registry.obj
 0001:0000f260       _ssGetCurrentInputPortWidth 0000000180010260 f   mpc_tmpdemo2_sfun_registry.obj
 0001:0000f380       _ssGetCurrentOutputPortWidth 0000000180010380 f   mpc_tmpdemo2_sfun_registry.obj
 0001:0000f4a0       _ssGetCallSystemNumFcnCallDestinations 00000001800104a0 f   mpc_tmpdemo2_sfun_registry.obj
 0001:0000f510       ssWarning                  0000000180010510 f   mpc_tmpdemo2_sfun_registry.obj
 0001:0000f620       ssGetIsZeroCrossControlDisabled 0000000180010620 f   mpc_tmpdemo2_sfun_registry.obj
 0001:0000f690       ssSetIsInputPortUsedForContZcSignal 0000000180010690 f   mpc_tmpdemo2_sfun_registry.obj
 0001:0000f700       ssSetZcSignalIsZcElementDisc 0000000180010700 f   mpc_tmpdemo2_sfun_registry.obj
 0001:0000f7b0       ssSetZcSignalName          00000001800107b0 f   mpc_tmpdemo2_sfun_registry.obj
 0001:0000f820       ssSetZcSignalWidth         0000000180010820 f   mpc_tmpdemo2_sfun_registry.obj
 0001:0000f890       ssSetZcSignalZcEventType   0000000180010890 f   mpc_tmpdemo2_sfun_registry.obj
 0001:0000f900       ssSetZcSignalType          0000000180010900 f   mpc_tmpdemo2_sfun_registry.obj
 0001:0000f970       ssSetZcSignalZcTol         0000000180010970 f   mpc_tmpdemo2_sfun_registry.obj
 0001:0000f9e0       ssSetZcSignalNeedsEventNotification 00000001800109e0 f   mpc_tmpdemo2_sfun_registry.obj
 0001:0000fa50       ssCreateAndAddZcSignalInfo 0000000180010a50 f   mpc_tmpdemo2_sfun_registry.obj
 0001:0000fac0       ssCloneAndAddZcSignalInfo  0000000180010ac0 f   mpc_tmpdemo2_sfun_registry.obj
 0001:0000fb30       ssGetNumZcSignals          0000000180010b30 f   mpc_tmpdemo2_sfun_registry.obj
 0001:0000fba0       ssGetZcSignalVector        0000000180010ba0 f   mpc_tmpdemo2_sfun_registry.obj
 0001:0000fc10       ssGetZcSignalZcEvents      0000000180010c10 f   mpc_tmpdemo2_sfun_registry.obj
 0001:0000fc80       ssGetZcSignalName          0000000180010c80 f   mpc_tmpdemo2_sfun_registry.obj
 0001:0000fcf0       ssGetZcSignalWidth         0000000180010cf0 f   mpc_tmpdemo2_sfun_registry.obj
 0001:0000fd60       ssGetZcSignalZcEventType   0000000180010d60 f   mpc_tmpdemo2_sfun_registry.obj
 0001:0000fdd0       ssGetZcSignalType          0000000180010dd0 f   mpc_tmpdemo2_sfun_registry.obj
 0001:0000fe40       ssGetZcSignalZcTol         0000000180010e40 f   mpc_tmpdemo2_sfun_registry.obj
 0001:0000fec0       ssGetZcSignalNeedsEventNotification 0000000180010ec0 f   mpc_tmpdemo2_sfun_registry.obj
 0001:0000ff30       ssGetZcSignalIsZcElementDisc 0000000180010f30 f   mpc_tmpdemo2_sfun_registry.obj
 0001:0000ffd0       ssGetIsInputPortElementContinuous 0000000180010fd0 f   mpc_tmpdemo2_sfun_registry.obj
 0001:00010070       _ssGetInputPortSignalPtrsFcn 0000000180011070 f   mpc_tmpdemo2_sfun_registry.obj
 0001:00010330       _ssGetInputPortSignalFcn   0000000180011330 f   mpc_tmpdemo2_sfun_registry.obj
 0001:00010550       _ssSetInputPortDirectFeedThroughFcn 0000000180011550 f   mpc_tmpdemo2_sfun_registry.obj
 0001:000106b0       _ssSetInputPortReusableFcn 00000001800116b0 f   mpc_tmpdemo2_sfun_registry.obj
 0001:000107a0       _ssSetOutputPortReusableFcn 00000001800117a0 f   mpc_tmpdemo2_sfun_registry.obj
 0001:00010880       ssGetDTypeIdFromMxArray    0000000180011880 f   mpc_tmpdemo2_sfun_registry.obj
 0001:000109a0       ssWriteRTWStr              00000001800119a0 f   mpc_tmpdemo2_sfun_registry.obj
 0001:00010a00       ssWriteRTWMxVectParam      0000000180011a00 f   mpc_tmpdemo2_sfun_registry.obj
 0001:00010a60       ssWriteRTWMx2dMatParam     0000000180011a60 f   mpc_tmpdemo2_sfun_registry.obj
 0001:00010ae0       ssWriteRTWNameValuePair    0000000180011ae0 f   mpc_tmpdemo2_sfun_registry.obj
 0001:00010fd0       ssWriteRTWParameters       0000000180011fd0 f   mpc_tmpdemo2_sfun_registry.obj
 0001:000115d0       ssWriteRTWParamSettings    00000001800125d0 f   mpc_tmpdemo2_sfun_registry.obj
 0001:00011ca0       ssWriteRTWWorkVect         0000000180012ca0 f   mpc_tmpdemo2_sfun_registry.obj
 0001:000121a0       mexFunction                00000001800131a0 f   mpc_tmpdemo2_sfun_registry.obj
 0001:000149c0       ProcessMexSfunctionEveryCall 00000001800159c0 f   mpc_tmpdemo2_sfun_registry.obj
 0001:00014b56       sf_debug_set_machine_data_thresholds 0000000180015b56 f   sf_runtime:sf_runtime.dll
 0001:00014b5c       sf_debug_set_machine_event_thresholds 0000000180015b5c f   sf_runtime:sf_runtime.dll
 0001:00014b62       sf_debug_initialize_machine 0000000180015b62 f   sf_runtime:sf_runtime.dll
 0001:00014b68       sf_load_rtw_optimization_info 0000000180015b68 f   sf_runtime:sf_runtime.dll
 0001:00014b6e       sf_mex_assign              0000000180015b6e f   sf_runtime:sf_runtime.dll
 0001:00014b74       sf_mex_create              0000000180015b74 f   sf_runtime:sf_runtime.dll
 0001:00014b7a       sf_mex_error_message       0000000180015b7a f   sf_runtime:sf_runtime.dll
 0001:00014b80       sf_set_rtw_dwork_info      0000000180015b80 f   sf_runtime:sf_runtime.dll
 0001:00014b86       sf_mark_chart_reusable_outputs 0000000180015b86 f   sf_runtime:sf_runtime.dll
 0001:00014b8c       sf_mark_chart_expressionable_inputs 0000000180015b8c f   sf_runtime:sf_runtime.dll
 0001:00014b92       sf_update_buildInfo        0000000180015b92 f   sf_runtime:sf_runtime.dll
 0001:00014b98       sf_rtw_info_uint_prop      0000000180015b98 f   sf_runtime:sf_runtime.dll
 0001:00014b9e       sf_is_chart_inlinable      0000000180015b9e f   sf_runtime:sf_runtime.dll
 0001:00014ba4       sim_mode_is_external       0000000180015ba4 f   sf_runtime:sf_runtime.dll
 0001:00014baa       sim_mode_is_rtw_gen        0000000180015baa f   sf_runtime:sf_runtime.dll
 0001:00014bb0       sf_runtime_overflow_check_is_on 0000000180015bb0 f   sf_runtime:sf_runtime.dll
 0001:00014bb6       ssGetOutputPortSignal_wrapper 0000000180015bb6 f   sf_runtime:sf_runtime.dll
 0001:00014bbc       ssGetInputPortSignal_wrapper 0000000180015bbc f   sf_runtime:sf_runtime.dll
 0001:00014bc2       sf_mex_decode_encoded_mx_struct_array 0000000180015bc2 f   sf_runtime:sf_runtime.dll
 0001:00014bc8       sf_debug_reset_current_state_configuration 0000000180015bc8 f   sf_runtime:sf_runtime.dll
 0001:00014bce       sf_debug_set_chart_data_compiled_props 0000000180015bce f   sf_runtime:sf_runtime.dll
 0001:00014bd4       cv_eml_init_fcn            0000000180015bd4 f   sf_runtime:sf_runtime.dll
 0001:00014bda       cv_eml_init_script         0000000180015bda f   sf_runtime:sf_runtime.dll
 0001:00014be0       sf_debug_cv_init_trans     0000000180015be0 f   sf_runtime:sf_runtime.dll
 0001:00014be6       sf_debug_cv_init_state     0000000180015be6 f   sf_runtime:sf_runtime.dll
 0001:00014bec       sf_debug_cv_init_chart     0000000180015bec f   sf_runtime:sf_runtime.dll
 0001:00014bf2       sf_debug_set_chart_decomposition 0000000180015bf2 f   sf_runtime:sf_runtime.dll
 0001:00014bf8       sf_debug_set_chart_substate_count 0000000180015bf8 f   sf_runtime:sf_runtime.dll
 0001:00014bfe       sf_debug_set_chart_state_info 0000000180015bfe f   sf_runtime:sf_runtime.dll
 0001:00014c04       sf_debug_set_chart_data_props 0000000180015c04 f   sf_runtime:sf_runtime.dll
 0001:00014c0a       sf_debug_set_chart_event_thresholds 0000000180015c0a f   sf_runtime:sf_runtime.dll
 0001:00014c10       sf_debug_set_chart_disable_implicit_casting 0000000180015c10 f   sf_runtime:sf_runtime.dll
 0001:00014c16       sf_debug_initialize_chart  0000000180015c16 f   sf_runtime:sf_runtime.dll
 0001:00014c1c       sf_mex_destroy             0000000180015c1c f   sf_runtime:sf_runtime.dll
 0001:00014c22       sf_mex_dup                 0000000180015c22 f   sf_runtime:sf_runtime.dll
 0001:00014c28       sf_mex_import              0000000180015c28 f   sf_runtime:sf_runtime.dll
 0001:00014c2e       sf_get_time                0000000180015c2e f   sf_runtime:sf_runtime.dll
 0001:00014c34       sf_is_first_init_cond      0000000180015c34 f   sf_runtime:sf_runtime.dll
 0001:00014c3a       sf_debug_set_instance_data_value_ptr 0000000180015c3a f   sf_runtime:sf_runtime.dll
 0001:00014c40       sf_debug_check_for_state_inconsistency 0000000180015c40 f   sf_runtime:sf_runtime.dll
 0001:00014c46       sf_debug_symbol_scope_pop  0000000180015c46 f   sf_runtime:sf_runtime.dll
 0001:00014c4c       sf_debug_data_range_wrapper 0000000180015c4c f   sf_runtime:sf_runtime.dll
 0001:00014c52       sf_debug_call              0000000180015c52 f   sf_runtime:sf_runtime.dll
 0001:00014c58       sf_debug_symbol_scope_push 0000000180015c58 f   sf_runtime:sf_runtime.dll
 0001:00014c5e       sf_mex_addfield            0000000180015c5e f   sf_runtime:sf_runtime.dll
 0001:00014c64       sf_mex_createstruct        0000000180015c64 f   sf_runtime:sf_runtime.dll
 0001:00014c6a       sf_mex_call_debug          0000000180015c6a f   sf_runtime:sf_runtime.dll
 0001:00014c70       eml_debug_line_call        0000000180015c70 f   sf_runtime:sf_runtime.dll
 0001:00014c76       cv_eml_eval                0000000180015c76 f   sf_runtime:sf_runtime.dll
 0001:00014c7c       sf_debug_symbol_scope_add_eml 0000000180015c7c f   sf_runtime:sf_runtime.dll
 0001:00014c82       sf_debug_symbol_scope_add_eml_importable 0000000180015c82 f   sf_runtime:sf_runtime.dll
 0001:00014c88       sf_debug_symbol_scope_push_eml 0000000180015c88 f   sf_runtime:sf_runtime.dll
 0001:00014c8e       sf_mex_getfield            0000000180015c8e f   sf_runtime:sf_runtime.dll
 0001:00014c94       sf_mex_check_struct        0000000180015c94 f   sf_runtime:sf_runtime.dll
 0001:00014c9a       sf_mex_setcell             0000000180015c9a f   sf_runtime:sf_runtime.dll
 0001:00014ca0       sf_mex_createcellmatrix    0000000180015ca0 f   sf_runtime:sf_runtime.dll
 0001:00014ca6       sf_mex_getcell             0000000180015ca6 f   sf_runtime:sf_runtime.dll
 0001:00014cac       sf_clear_rtw_identifier    0000000180015cac f   sf_runtime:sf_runtime.dll
 0001:00014cb2       sf_debug_terminate         0000000180015cb2 f   sf_runtime:sf_runtime.dll
 0001:00014cb8       sf_debug_create_debug_instance_struct 0000000180015cb8 f   sf_runtime:sf_runtime.dll
 0001:00014cbe       sf_debug_api               0000000180015cbe f   sf_runtime:sf_runtime.dll
 0001:00014cc4       callMdlMethodAndReportError 0000000180015cc4 f   sf_runtime:sf_runtime.dll
 0001:00014cca       call_sf_machine_global_method_dispatcher 0000000180015cca f   sf_runtime:sf_runtime.dll
 0001:00014cd0       sf_clear_error_manager_info 0000000180015cd0 f   sf_runtime:sf_runtime.dll
 0001:00014cd6       sf_mex_error_direct_call   0000000180015cd6 f   sf_runtime:sf_runtime.dll
 0001:00014cdc       mxCreateLogicalScalar      0000000180015cdc f   libmx:libmx.dll
 0001:00014ce2       mxGetScalar                0000000180015ce2 f   libmx:libmx.dll
 0001:00014ce8       mxGetPr                    0000000180015ce8 f   libmx:libmx.dll
 0001:00014cee       mxCreateDoubleMatrix_730   0000000180015cee f   libmx:libmx.dll
 0001:00014cf4       mxGetString_730            0000000180015cf4 f   libmx:libmx.dll
 0001:00014cfa       mxIsChar                   0000000180015cfa f   libmx:libmx.dll
 0001:00014d00       mxDestroyArray             0000000180015d00 f   libmx:libmx.dll
 0001:00014d06       mxDuplicateArray           0000000180015d06 f   libmx:libmx.dll
 0001:00014d0c       mxCreateDoubleScalar       0000000180015d0c f   libmx:libmx.dll
 0001:00014d12       mxSetField_730             0000000180015d12 f   libmx:libmx.dll
 0001:00014d18       mxCreateString             0000000180015d18 f   libmx:libmx.dll
 0001:00014d1e       mxCreateStructMatrix_730   0000000180015d1e f   libmx:libmx.dll
 0001:00014d24       mxCreateCellMatrix_730     0000000180015d24 f   libmx:libmx.dll
 0001:00014d2a       mxCreateCellArray_730      0000000180015d2a f   libmx:libmx.dll
 0001:00014d30       mxCreateStructArray_730    0000000180015d30 f   libmx:libmx.dll
 0001:00014d36       mxGetClassID               0000000180015d36 f   libmx:libmx.dll
 0001:00014d3c       mxIsNumeric                0000000180015d3c f   libmx:libmx.dll
 0001:00014d42       mxIsComplex                0000000180015d42 f   libmx:libmx.dll
 0001:00014d48       mxGetN                     0000000180015d48 f   libmx:libmx.dll
 0001:00014d4e       mxGetM                     0000000180015d4e f   libmx:libmx.dll
 0001:00014d54       mxCalloc                   0000000180015d54 f   libmx:libmx.dll
 0001:00014d5a       mexMakeArrayPersistent     0000000180015d5a f   libmex:libmex.dll
 0001:00014d60       mexUnlock                  0000000180015d60 f   libmex:libmex.dll
 0001:00014d66       mexIsLocked                0000000180015d66 f   libmex:libmex.dll
 0001:00014d6c       mexWarnMsgTxt              0000000180015d6c f   libmex:libmex.dll
 0001:00014d72       mexCallMATLABWithObject    0000000180015d72 f   libmex:libmex.dll
 0001:00014d78       mexErrMsgTxt               0000000180015d78 f   libmex:libmex.dll
 0001:00014d7e       mexLock                    0000000180015d7e f   libmex:libmex.dll
 0001:00014d84       utMalloc                   0000000180015d84 f   libut:libut.dll
 0001:00014d8a       utFree                     0000000180015d8a f   libut:libut.dll
 0001:00014d90       dgemm                      0000000180015d90 f   libmwblas:libmwblas.dll
 0001:00014d98       __GSHandlerCheckCommon     0000000180015d98 f   MSVCRT:gshandler.obj
 0001:00014dfc       __GSHandlerCheck           0000000180015dfc f   MSVCRT:gshandler.obj
 0001:00014e1a       strcmp                     0000000180015e1a f   MSVCRT:MSVCR100.dll
 0001:00014e30       __security_check_cookie    0000000180015e30 f   MSVCRT:amdsecgs.obj
 0001:00014e50       memset                     0000000180015e50 f   MSVCRT:MSVCR100.dll
 0001:00014e70       _alloca_probe              0000000180015e70     MSVCRT:chkstk.obj
 0001:00014e70       __chkstk                   0000000180015e70 f   MSVCRT:chkstk.obj
 0001:00014ebe       free                       0000000180015ebe f   MSVCRT:MSVCR100.dll
 0001:00014ec4       sprintf                    0000000180015ec4 f   MSVCRT:MSVCR100.dll
 0001:00014eca       malloc                     0000000180015eca f   MSVCRT:MSVCR100.dll
 0001:00014ed0       strlen                     0000000180015ed0 f   MSVCRT:MSVCR100.dll
 0001:00014ed6       strcat                     0000000180015ed6 f   MSVCRT:MSVCR100.dll
 0001:00014edc       memcpy                     0000000180015edc f   MSVCRT:MSVCR100.dll
 0001:00014ee4       NtCurrentTeb               0000000180015ee4 f i MSVCRT:crtdll.obj
 0001:00014f50       _CRT_INIT                  0000000180015f50 f   MSVCRT:crtdll.obj
 0001:000152e8       _DllMainCRTStartup         00000001800162e8 f   MSVCRT:crtdll.obj
 0001:00015328       __report_gsfailure         0000000180016328 f   MSVCRT:gs_report.obj
 0001:00015474       __clean_type_info_names    0000000180016474 f   MSVCRT:tncleanup.obj
 0001:00015480       _onexit                    0000000180016480 f   MSVCRT:atonexit.obj
 0001:00015530       atexit                     0000000180016530 f   MSVCRT:atonexit.obj
 0001:00015548       _RTC_Initialize            0000000180016548 f   MSVCRT:_initsect_.obj
 0001:00015580       _RTC_Terminate             0000000180016580 f   MSVCRT:_initsect_.obj
 0001:000155b8       _malloc_crt                00000001800165b8 f   MSVCRT:MSVCR100.dll
 0001:000155c0       _ValidateImageBase         00000001800165c0 f   MSVCRT:pesect.obj
 0001:000155f0       _FindPESection             00000001800165f0 f   MSVCRT:pesect.obj
 0001:00015640       _IsNonwritableInCurrentImage 0000000180016640 f   MSVCRT:pesect.obj
 0001:00015682       _initterm                  0000000180016682 f   MSVCRT:MSVCR100.dll
 0001:00015688       _initterm_e                0000000180016688 f   MSVCRT:MSVCR100.dll
 0001:0001568e       _encoded_null              000000018001668e f   MSVCRT:MSVCR100.dll
 0001:00015694       _amsg_exit                 0000000180016694 f   MSVCRT:MSVCR100.dll
 0001:0001569a       __C_specific_handler       000000018001669a f   MSVCRT:MSVCR100.dll
 0001:000156a0       __CppXcptFilter            00000001800166a0 f   MSVCRT:MSVCR100.dll
 0001:000156a8       DllMain                    00000001800166a8 f   MSVCRT:dllmain.obj
 0001:000156cc       __security_init_cookie     00000001800166cc f   MSVCRT:gs_support.obj
 0001:00015780       __crt_debugger_hook        0000000180016780 f   MSVCRT:MSVCR100.dll
 0001:00015786       __clean_type_info_names_internal 0000000180016786 f   MSVCRT:MSVCR100.dll
 0001:0001578c       _unlock                    000000018001678c f   MSVCRT:MSVCR100.dll
 0001:00015792       __dllonexit                0000000180016792 f   MSVCRT:MSVCR100.dll
 0001:00015798       _lock                      0000000180016798 f   MSVCRT:MSVCR100.dll
 0001:0001579e       EncodePointer              000000018001679e f   kernel32:KERNEL32.dll
 0001:000157a4       DecodePointer              00000001800167a4 f   kernel32:KERNEL32.dll
 0001:000157aa       Sleep                      00000001800167aa f   kernel32:KERNEL32.dll
 0001:000157b0       TerminateProcess           00000001800167b0 f   kernel32:KERNEL32.dll
 0001:000157b6       GetCurrentProcess          00000001800167b6 f   kernel32:KERNEL32.dll
 0001:000157bc       UnhandledExceptionFilter   00000001800167bc f   kernel32:KERNEL32.dll
 0001:000157c2       SetUnhandledExceptionFilter 00000001800167c2 f   kernel32:KERNEL32.dll
 0001:000157c8       IsDebuggerPresent          00000001800167c8 f   kernel32:KERNEL32.dll
 0001:000157ce       RtlVirtualUnwind           00000001800167ce f   kernel32:KERNEL32.dll
 0001:000157d4       RtlLookupFunctionEntry     00000001800167d4 f   kernel32:KERNEL32.dll
 0001:000157da       RtlCaptureContext          00000001800167da f   kernel32:KERNEL32.dll
 0001:000157e0       DisableThreadLibraryCalls  00000001800167e0 f   kernel32:KERNEL32.dll
 0001:000157e6       QueryPerformanceCounter    00000001800167e6 f   kernel32:KERNEL32.dll
 0001:000157ec       GetTickCount               00000001800167ec f   kernel32:KERNEL32.dll
 0001:000157f2       GetCurrentThreadId         00000001800167f2 f   kernel32:KERNEL32.dll
 0001:000157f8       GetCurrentProcessId        00000001800167f8 f   kernel32:KERNEL32.dll
 0001:000157fe       GetSystemTimeAsFileTime    00000001800167fe f   kernel32:KERNEL32.dll
 0002:00000000       __imp_GetSystemTimeAsFileTime 0000000180017000     kernel32:KERNEL32.dll
 0002:00000008       __imp_GetCurrentProcessId  0000000180017008     kernel32:KERNEL32.dll
 0002:00000010       __imp_GetCurrentThreadId   0000000180017010     kernel32:KERNEL32.dll
 0002:00000018       __imp_GetTickCount         0000000180017018     kernel32:KERNEL32.dll
 0002:00000020       __imp_QueryPerformanceCounter 0000000180017020     kernel32:KERNEL32.dll
 0002:00000028       __imp_DisableThreadLibraryCalls 0000000180017028     kernel32:KERNEL32.dll
 0002:00000030       __imp_RtlCaptureContext    0000000180017030     kernel32:KERNEL32.dll
 0002:00000038       __imp_RtlLookupFunctionEntry 0000000180017038     kernel32:KERNEL32.dll
 0002:00000040       __imp_RtlVirtualUnwind     0000000180017040     kernel32:KERNEL32.dll
 0002:00000048       __imp_IsDebuggerPresent    0000000180017048     kernel32:KERNEL32.dll
 0002:00000050       __imp_SetUnhandledExceptionFilter 0000000180017050     kernel32:KERNEL32.dll
 0002:00000058       __imp_UnhandledExceptionFilter 0000000180017058     kernel32:KERNEL32.dll
 0002:00000060       __imp_GetCurrentProcess    0000000180017060     kernel32:KERNEL32.dll
 0002:00000068       __imp_TerminateProcess     0000000180017068     kernel32:KERNEL32.dll
 0002:00000070       __imp_Sleep                0000000180017070     kernel32:KERNEL32.dll
 0002:00000078       __imp_DecodePointer        0000000180017078     kernel32:KERNEL32.dll
 0002:00000080       __imp_EncodePointer        0000000180017080     kernel32:KERNEL32.dll
 0002:00000088       \177KERNEL32_NULL_THUNK_DATA 0000000180017088     kernel32:KERNEL32.dll
 0002:00000090       __imp__onexit              0000000180017090     MSVCRT:MSVCR100.dll
 0002:00000098       __imp__lock                0000000180017098     MSVCRT:MSVCR100.dll
 0002:000000a0       __imp___dllonexit          00000001800170a0     MSVCRT:MSVCR100.dll
 0002:000000a8       __imp__unlock              00000001800170a8     MSVCRT:MSVCR100.dll
 0002:000000b0       __imp___clean_type_info_names_internal 00000001800170b0     MSVCRT:MSVCR100.dll
 0002:000000b8       __imp___crt_debugger_hook  00000001800170b8     MSVCRT:MSVCR100.dll
 0002:000000c0       __imp___CppXcptFilter      00000001800170c0     MSVCRT:MSVCR100.dll
 0002:000000c8       __imp___C_specific_handler 00000001800170c8     MSVCRT:MSVCR100.dll
 0002:000000d0       __imp__amsg_exit           00000001800170d0     MSVCRT:MSVCR100.dll
 0002:000000d8       __imp__encoded_null        00000001800170d8     MSVCRT:MSVCR100.dll
 0002:000000e0       __imp__initterm_e          00000001800170e0     MSVCRT:MSVCR100.dll
 0002:000000e8       __imp__initterm            00000001800170e8     MSVCRT:MSVCR100.dll
 0002:000000f0       __imp__malloc_crt          00000001800170f0     MSVCRT:MSVCR100.dll
 0002:000000f8       __imp_memcpy               00000001800170f8     MSVCRT:MSVCR100.dll
 0002:00000100       __imp_strcat               0000000180017100     MSVCRT:MSVCR100.dll
 0002:00000108       __imp_strlen               0000000180017108     MSVCRT:MSVCR100.dll
 0002:00000110       __imp_malloc               0000000180017110     MSVCRT:MSVCR100.dll
 0002:00000118       __imp_sprintf              0000000180017118     MSVCRT:MSVCR100.dll
 0002:00000120       __imp_free                 0000000180017120     MSVCRT:MSVCR100.dll
 0002:00000128       __imp_memset               0000000180017128     MSVCRT:MSVCR100.dll
 0002:00000130       __imp_strcmp               0000000180017130     MSVCRT:MSVCR100.dll
 0002:00000138       \177MSVCR100_NULL_THUNK_DATA 0000000180017138     MSVCRT:MSVCR100.dll
 0002:00000140       __imp_mexCallMATLABWithObject 0000000180017140     libmex:libmex.dll
 0002:00000148       __imp_mexUnlock            0000000180017148     libmex:libmex.dll
 0002:00000150       __imp_mexLock              0000000180017150     libmex:libmex.dll
 0002:00000158       __imp_mexErrMsgTxt         0000000180017158     libmex:libmex.dll
 0002:00000160       __imp_mexMakeArrayPersistent 0000000180017160     libmex:libmex.dll
 0002:00000168       __imp_mexWarnMsgTxt        0000000180017168     libmex:libmex.dll
 0002:00000170       __imp_mexIsLocked          0000000180017170     libmex:libmex.dll
 0002:00000178       \177libmex_NULL_THUNK_DATA 0000000180017178     libmex:libmex.dll
 0002:00000180       __imp_dgemm                0000000180017180     libmwblas:libmwblas.dll
 0002:00000188       \177libmwblas_NULL_THUNK_DATA 0000000180017188     libmwblas:libmwblas.dll
 0002:00000190       __imp_mxCalloc             0000000180017190     libmx:libmx.dll
 0002:00000198       __imp_mxGetM               0000000180017198     libmx:libmx.dll
 0002:000001a0       __imp_mxGetN               00000001800171a0     libmx:libmx.dll
 0002:000001a8       __imp_mxIsComplex          00000001800171a8     libmx:libmx.dll
 0002:000001b0       __imp_mxIsNumeric          00000001800171b0     libmx:libmx.dll
 0002:000001b8       __imp_mxGetClassID         00000001800171b8     libmx:libmx.dll
 0002:000001c0       __imp_mxCreateStructArray_730 00000001800171c0     libmx:libmx.dll
 0002:000001c8       __imp_mxCreateCellArray_730 00000001800171c8     libmx:libmx.dll
 0002:000001d0       __imp_mxCreateCellMatrix_730 00000001800171d0     libmx:libmx.dll
 0002:000001d8       __imp_mxCreateStructMatrix_730 00000001800171d8     libmx:libmx.dll
 0002:000001e0       __imp_mxCreateString       00000001800171e0     libmx:libmx.dll
 0002:000001e8       __imp_mxSetField_730       00000001800171e8     libmx:libmx.dll
 0002:000001f0       __imp_mxCreateDoubleScalar 00000001800171f0     libmx:libmx.dll
 0002:000001f8       __imp_mxDuplicateArray     00000001800171f8     libmx:libmx.dll
 0002:00000200       __imp_mxDestroyArray       0000000180017200     libmx:libmx.dll
 0002:00000208       __imp_mxCreateLogicalScalar 0000000180017208     libmx:libmx.dll
 0002:00000210       __imp_mxGetScalar          0000000180017210     libmx:libmx.dll
 0002:00000218       __imp_mxGetPr              0000000180017218     libmx:libmx.dll
 0002:00000220       __imp_mxCreateDoubleMatrix_730 0000000180017220     libmx:libmx.dll
 0002:00000228       __imp_mxGetString_730      0000000180017228     libmx:libmx.dll
 0002:00000230       __imp_mxIsChar             0000000180017230     libmx:libmx.dll
 0002:00000238       \177libmx_NULL_THUNK_DATA  0000000180017238     libmx:libmx.dll
 0002:00000240       __imp_utMalloc             0000000180017240     libut:libut.dll
 0002:00000248       __imp_utFree               0000000180017248     libut:libut.dll
 0002:00000250       \177libut_NULL_THUNK_DATA  0000000180017250     libut:libut.dll
 0002:00000258       __imp_call_sf_machine_global_method_dispatcher 0000000180017258     sf_runtime:sf_runtime.dll
 0002:00000260       __imp_callMdlMethodAndReportError 0000000180017260     sf_runtime:sf_runtime.dll
 0002:00000268       __imp_sf_debug_api         0000000180017268     sf_runtime:sf_runtime.dll
 0002:00000270       __imp_sf_debug_create_debug_instance_struct 0000000180017270     sf_runtime:sf_runtime.dll
 0002:00000278       __imp_sf_debug_terminate   0000000180017278     sf_runtime:sf_runtime.dll
 0002:00000280       __imp_sf_clear_rtw_identifier 0000000180017280     sf_runtime:sf_runtime.dll
 0002:00000288       __imp_sf_mex_getcell       0000000180017288     sf_runtime:sf_runtime.dll
 0002:00000290       __imp_sf_mex_createcellmatrix 0000000180017290     sf_runtime:sf_runtime.dll
 0002:00000298       __imp_sf_mex_setcell       0000000180017298     sf_runtime:sf_runtime.dll
 0002:000002a0       __imp_sf_mex_check_struct  00000001800172a0     sf_runtime:sf_runtime.dll
 0002:000002a8       __imp_sf_clear_error_manager_info 00000001800172a8     sf_runtime:sf_runtime.dll
 0002:000002b0       __imp_sf_debug_symbol_scope_push_eml 00000001800172b0     sf_runtime:sf_runtime.dll
 0002:000002b8       __imp_sf_debug_symbol_scope_add_eml_importable 00000001800172b8     sf_runtime:sf_runtime.dll
 0002:000002c0       __imp_sf_debug_symbol_scope_add_eml 00000001800172c0     sf_runtime:sf_runtime.dll
 0002:000002c8       __imp_cv_eml_eval          00000001800172c8     sf_runtime:sf_runtime.dll
 0002:000002d0       __imp_eml_debug_line_call  00000001800172d0     sf_runtime:sf_runtime.dll
 0002:000002d8       __imp_sf_mex_call_debug    00000001800172d8     sf_runtime:sf_runtime.dll
 0002:000002e0       __imp_sf_mex_createstruct  00000001800172e0     sf_runtime:sf_runtime.dll
 0002:000002e8       __imp_sf_mex_addfield      00000001800172e8     sf_runtime:sf_runtime.dll
 0002:000002f0       __imp_sf_debug_symbol_scope_push 00000001800172f0     sf_runtime:sf_runtime.dll
 0002:000002f8       __imp_sf_debug_call        00000001800172f8     sf_runtime:sf_runtime.dll
 0002:00000300       __imp_sf_mex_error_direct_call 0000000180017300     sf_runtime:sf_runtime.dll
 0002:00000308       __imp_sf_mex_getfield      0000000180017308     sf_runtime:sf_runtime.dll
 0002:00000310       __imp_sf_debug_data_range_wrapper 0000000180017310     sf_runtime:sf_runtime.dll
 0002:00000318       __imp_sf_debug_symbol_scope_pop 0000000180017318     sf_runtime:sf_runtime.dll
 0002:00000320       __imp_sf_debug_check_for_state_inconsistency 0000000180017320     sf_runtime:sf_runtime.dll
 0002:00000328       __imp_sf_debug_set_instance_data_value_ptr 0000000180017328     sf_runtime:sf_runtime.dll
 0002:00000330       __imp_sf_is_first_init_cond 0000000180017330     sf_runtime:sf_runtime.dll
 0002:00000338       __imp_sf_get_time          0000000180017338     sf_runtime:sf_runtime.dll
 0002:00000340       __imp_sf_mex_import        0000000180017340     sf_runtime:sf_runtime.dll
 0002:00000348       __imp_sf_mex_dup           0000000180017348     sf_runtime:sf_runtime.dll
 0002:00000350       __imp_sf_mex_destroy       0000000180017350     sf_runtime:sf_runtime.dll
 0002:00000358       __imp_sf_debug_initialize_chart 0000000180017358     sf_runtime:sf_runtime.dll
 0002:00000360       __imp_sf_debug_set_chart_disable_implicit_casting 0000000180017360     sf_runtime:sf_runtime.dll
 0002:00000368       __imp_sf_debug_set_chart_event_thresholds 0000000180017368     sf_runtime:sf_runtime.dll
 0002:00000370       __imp_sf_debug_set_chart_data_props 0000000180017370     sf_runtime:sf_runtime.dll
 0002:00000378       __imp_sf_debug_set_chart_state_info 0000000180017378     sf_runtime:sf_runtime.dll
 0002:00000380       __imp_sf_debug_set_chart_substate_count 0000000180017380     sf_runtime:sf_runtime.dll
 0002:00000388       __imp_sf_debug_set_chart_decomposition 0000000180017388     sf_runtime:sf_runtime.dll
 0002:00000390       __imp_sf_debug_cv_init_chart 0000000180017390     sf_runtime:sf_runtime.dll
 0002:00000398       __imp_sf_debug_cv_init_state 0000000180017398     sf_runtime:sf_runtime.dll
 0002:000003a0       __imp_sf_debug_cv_init_trans 00000001800173a0     sf_runtime:sf_runtime.dll
 0002:000003a8       __imp_cv_eml_init_script   00000001800173a8     sf_runtime:sf_runtime.dll
 0002:000003b0       __imp_cv_eml_init_fcn      00000001800173b0     sf_runtime:sf_runtime.dll
 0002:000003b8       __imp_sf_debug_set_chart_data_compiled_props 00000001800173b8     sf_runtime:sf_runtime.dll
 0002:000003c0       __imp_sf_debug_reset_current_state_configuration 00000001800173c0     sf_runtime:sf_runtime.dll
 0002:000003c8       __imp_sf_mex_decode_encoded_mx_struct_array 00000001800173c8     sf_runtime:sf_runtime.dll
 0002:000003d0       __imp_ssGetInputPortSignal_wrapper 00000001800173d0     sf_runtime:sf_runtime.dll
 0002:000003d8       __imp_ssGetOutputPortSignal_wrapper 00000001800173d8     sf_runtime:sf_runtime.dll
 0002:000003e0       __imp_sf_runtime_overflow_check_is_on 00000001800173e0     sf_runtime:sf_runtime.dll
 0002:000003e8       __imp_sim_mode_is_rtw_gen  00000001800173e8     sf_runtime:sf_runtime.dll
 0002:000003f0       __imp_sim_mode_is_external 00000001800173f0     sf_runtime:sf_runtime.dll
 0002:000003f8       __imp_sf_is_chart_inlinable 00000001800173f8     sf_runtime:sf_runtime.dll
 0002:00000400       __imp_sf_rtw_info_uint_prop 0000000180017400     sf_runtime:sf_runtime.dll
 0002:00000408       __imp_sf_update_buildInfo  0000000180017408     sf_runtime:sf_runtime.dll
 0002:00000410       __imp_sf_mark_chart_expressionable_inputs 0000000180017410     sf_runtime:sf_runtime.dll
 0002:00000418       __imp_sf_mark_chart_reusable_outputs 0000000180017418     sf_runtime:sf_runtime.dll
 0002:00000420       __imp_sf_set_rtw_dwork_info 0000000180017420     sf_runtime:sf_runtime.dll
 0002:00000428       __imp_sf_mex_error_message 0000000180017428     sf_runtime:sf_runtime.dll
 0002:00000430       __imp_sf_mex_create        0000000180017430     sf_runtime:sf_runtime.dll
 0002:00000438       __imp_sf_mex_assign        0000000180017438     sf_runtime:sf_runtime.dll
 0002:00000440       __imp_sf_load_rtw_optimization_info 0000000180017440     sf_runtime:sf_runtime.dll
 0002:00000448       __imp_sf_debug_initialize_machine 0000000180017448     sf_runtime:sf_runtime.dll
 0002:00000450       __imp_sf_debug_set_machine_event_thresholds 0000000180017450     sf_runtime:sf_runtime.dll
 0002:00000458       __imp_sf_debug_set_machine_data_thresholds 0000000180017458     sf_runtime:sf_runtime.dll
 0002:00000460       \177sf_runtime_NULL_THUNK_DATA 0000000180017460     sf_runtime:sf_runtime.dll
 0002:00000468       __xc_a                     0000000180017468     MSVCRT:cinitexe.obj
 0002:00000470       __xc_z                     0000000180017470     MSVCRT:cinitexe.obj
 0002:00000478       __xi_a                     0000000180017478     MSVCRT:cinitexe.obj
 0002:00000488       __xi_z                     0000000180017488     MSVCRT:cinitexe.obj
 0002:00000490       __real@41e92e37b0400000    0000000180017490     mpc_tmpdemo2_sfun.obj
 0002:00000498       __real@41ebda41e6a00000    0000000180017498     mpc_tmpdemo2_sfun.obj
 0002:000004a0       __real@41e9def84ae00000    00000001800174a0     mpc_tmpdemo2_sfun.obj
 0002:000004a8       __real@41e36dc7a7200000    00000001800174a8     mpc_tmpdemo2_sfun.obj
 0002:000004b0       __real@41b48881c0000000    00000001800174b0     mpc_tmpdemo2_sfun.obj
 0002:000004b8       __real@41e439a0c9c00000    00000001800174b8     mpc_tmpdemo2_sfun.obj
 0002:000004c0       __real@41e8cffe7aa00000    00000001800174c0     mpc_tmpdemo2_sfun.obj
 0002:000004c8       __real@41e8583dfc000000    00000001800174c8     mpc_tmpdemo2_sfun.obj
 0002:000004d0       __real@41d43740cf000000    00000001800174d0     mpc_tmpdemo2_sfun.obj
 0002:000004d8       __real@41e8844eeee00000    00000001800174d8     mpc_tmpdemo2_sfun.obj
 0002:000004e0       __real@41e5341eece00000    00000001800174e0     mpc_tmpdemo2_sfun.obj
 0002:000004e8       __real@41b8c32e51000000    00000001800174e8     mpc_tmpdemo2_sfun.obj
 0002:000004f0       __real@41e96d46f1c00000    00000001800174f0     c4_mpc_tmpdemo2.obj
 0002:000004f8       __real@41dee213bbc00000    00000001800174f8     c4_mpc_tmpdemo2.obj
 0002:00000500       __real@41ca01079b800000    0000000180017500     c4_mpc_tmpdemo2.obj
 0002:00000508       __real@41d4a69956400000    0000000180017508     c4_mpc_tmpdemo2.obj
 0002:00000510       __real@4014000000000000    0000000180017510     c4_mpc_tmpdemo2.obj
 0002:00000518       __real@4018000000000000    0000000180017518     c4_mpc_tmpdemo2.obj
 0002:00000520       __real@401c000000000000    0000000180017520     c4_mpc_tmpdemo2.obj
 0002:00000528       __real@4068600000000000    0000000180017528     c4_mpc_tmpdemo2.obj
 0002:00000530       __real@4032000000000000    0000000180017530     c4_mpc_tmpdemo2.obj
 0002:00000538       __real@403a000000000000    0000000180017538     c4_mpc_tmpdemo2.obj
 0002:00000540       __real@4024000000000000    0000000180017540     c4_mpc_tmpdemo2.obj
 0002:00000548       __real@3ff0000000000000    0000000180017548     c4_mpc_tmpdemo2.obj
 0002:00000550       __real@4031000000000000    0000000180017550     c4_mpc_tmpdemo2.obj
 0002:00000558       __real@3d719799812dea11    0000000180017558     c4_mpc_tmpdemo2.obj
 0002:00000560       __real@408f400000000000    0000000180017560     c4_mpc_tmpdemo2.obj
 0002:00000568       __real@4010000000000000    0000000180017568     c4_mpc_tmpdemo2.obj
 0002:00000570       __real@4028000000000000    0000000180017570     c4_mpc_tmpdemo2.obj
 0002:00000580       DYNAMIC_DIMENSION_DEF      0000000180017580     mpc_tmpdemo2_sfun_registry.obj
 0002:000005a0       _ssBadLevel2InputAccessMsg 00000001800175a0     mpc_tmpdemo2_sfun_registry.obj
 0002:00000730       _ssBadLevel2DirectFeedMsg  0000000180017730     mpc_tmpdemo2_sfun_registry.obj
 0002:00000870       _ssBadLevel2DirectFeedSolutionMsg 0000000180017870     mpc_tmpdemo2_sfun_registry.obj
 0002:000008e0       _ssBadLevel2ZeroDirectFeedMsg 00000001800178e0     mpc_tmpdemo2_sfun_registry.obj
 0002:00000a20       _ssBadLevel2ZeroDirectFeedMsg2 0000000180017a20     mpc_tmpdemo2_sfun_registry.obj
 0002:00000b08       __real@0000000000000000    0000000180017b08     mpc_tmpdemo2_sfun_registry.obj
 0002:00000b10       __real@bff0000000000000    0000000180017b10     mpc_tmpdemo2_sfun_registry.obj
 0002:00000b18       __real@41602cbca0000000    0000000180017b18     mpc_tmpdemo2_sfun_registry.obj
 0002:00000b20       _pRawDllMain               0000000180017b20     MSVCRT:crtdll.obj
 0002:00000b20       _pDefaultRawDllMain        0000000180017b20     MSVCRT:crtdll.obj
 0002:00000b38       ?ProcessDetach@NativeDll@<CrtImplementationDetails>@@0IB 0000000180017b38     MSVCRT:tncleanup.obj
 0002:00000b3c       ?ProcessAttach@NativeDll@<CrtImplementationDetails>@@0IB 0000000180017b3c     MSVCRT:tncleanup.obj
 0002:00000b40       ?ThreadAttach@NativeDll@<CrtImplementationDetails>@@0IB 0000000180017b40     MSVCRT:tncleanup.obj
 0002:00000b44       ?ThreadDetach@NativeDll@<CrtImplementationDetails>@@0IB 0000000180017b44     MSVCRT:tncleanup.obj
 0002:00000b48       ?ProcessVerifier@NativeDll@<CrtImplementationDetails>@@0IB 0000000180017b48     MSVCRT:tncleanup.obj
 0002:00000b50       __rtc_iaa                  0000000180017b50     MSVCRT:_initsect_.obj
 0002:00000b58       __rtc_izz                  0000000180017b58     MSVCRT:_initsect_.obj
 0002:00000b60       __rtc_taa                  0000000180017b60     MSVCRT:_initsect_.obj
 0002:00000b68       __rtc_tzz                  0000000180017b68     MSVCRT:_initsect_.obj
 0002:000014d4       __IMPORT_DESCRIPTOR_sf_runtime 00000001800184d4     sf_runtime:sf_runtime.dll
 0002:000014e8       __IMPORT_DESCRIPTOR_libmx  00000001800184e8     libmx:libmx.dll
 0002:000014fc       __IMPORT_DESCRIPTOR_libmex 00000001800184fc     libmex:libmex.dll
 0002:00001510       __IMPORT_DESCRIPTOR_libut  0000000180018510     libut:libut.dll
 0002:00001524       __IMPORT_DESCRIPTOR_libmwblas 0000000180018524     libmwblas:libmwblas.dll
 0002:00001538       __IMPORT_DESCRIPTOR_MSVCR100 0000000180018538     MSVCRT:MSVCR100.dll
 0002:0000154c       __IMPORT_DESCRIPTOR_KERNEL32 000000018001854c     kernel32:KERNEL32.dll
 0002:00001560       __NULL_IMPORT_DESCRIPTOR   0000000180018560     sf_runtime:sf_runtime.dll
 0003:000017f0       DYNAMIC_DIMENSION          000000018001b7f0     mpc_tmpdemo2_sfun_registry.obj
 0003:00002488       __security_cookie          000000018001c488     MSVCRT:gs_cookie.obj
 0003:00002490       __security_cookie_complement 000000018001c490     MSVCRT:gs_cookie.obj
 0003:00002498       _fltused                   000000018001c498     MSVCRT:dllsupp.obj
 0003:000024a0       __native_dllmain_reason    000000018001c4a0     MSVCRT:natstart.obj
 0003:000024a4       __native_vcclrit_reason    000000018001c4a4     MSVCRT:natstart.obj
 0003:00002598       sfGlobalDebugInstanceStruct 000000018001c598     mpc_tmpdemo2_sfun_registry.obj
 0003:00002b20       ?__type_info_root_node@@3U__type_info_node@@A 000000018001cb20     MSVCRT:tncleanup.obj
 0003:00002b30       _mpc_tmpdemo2MachineNumber_ 000000018001cb30     <common>
 0003:00002b34       __native_startup_state     000000018001cb34     <common>
 0003:00002b38       __native_startup_lock      000000018001cb38     <common>
 0003:00002b40       __onexitend                000000018001cb40     <common>
 0003:00002b48       __onexitbegin              000000018001cb48     <common>
 0003:00002b50       __dyn_tls_init_callback    000000018001cb50     <common>

 entry point at        0001:000152e8

 Static symbols

 0001:000029d0       mdlProcessParameters_c4_mpc_tmpdemo2 00000001800039d0 f   c4_mpc_tmpdemo2.obj
 0001:00002ab0       initialize_params_c4_mpc_tmpdemo2 0000000180003ab0 f   c4_mpc_tmpdemo2.obj
 0001:00002ac0       mdlSetWorkWidths_c4_mpc_tmpdemo2 0000000180003ac0 f   c4_mpc_tmpdemo2.obj
 0001:000031d0       sf_get_instance_specialization 00000001800041d0 f   c4_mpc_tmpdemo2.obj
 0001:000031e0       mdlStart_c4_mpc_tmpdemo2   00000001800041e0 f   c4_mpc_tmpdemo2.obj
 0001:00003460       init_dsm_address_info      0000000180004460 f   c4_mpc_tmpdemo2.obj
 0001:00003470       init_simulink_io_address   0000000180004470 f   c4_mpc_tmpdemo2.obj
 0001:00003670       sf_get_sim_state_info_c4_mpc_tmpdemo2 0000000180004670 f   c4_mpc_tmpdemo2.obj
 0001:00003730       chart_debug_initialization 0000000180004730 f   c4_mpc_tmpdemo2.obj
 0001:00004c50       init_script_number_translation 0000000180005c50 f   c4_mpc_tmpdemo2.obj
 0001:00004c70       c4_sf_marshallOut          0000000180005c70 f   c4_mpc_tmpdemo2.obj
 0001:00004d20       c4_sf_marshallIn           0000000180005d20 f   c4_mpc_tmpdemo2.obj
 0001:00004dc0       c4_b_sf_marshallOut        0000000180005dc0 f   c4_mpc_tmpdemo2.obj
 0001:00004f00       c4_b_sf_marshallIn         0000000180005f00 f   c4_mpc_tmpdemo2.obj
 0001:00005010       c4_b_emlrt_marshallIn      0000000180006010 f   c4_mpc_tmpdemo2.obj
 0001:00005110       c4_c_sf_marshallOut        0000000180006110 f   c4_mpc_tmpdemo2.obj
 0001:00005250       c4_c_sf_marshallIn         0000000180006250 f   c4_mpc_tmpdemo2.obj
 0001:00005380       c4_d_emlrt_marshallIn      0000000180006380 f   c4_mpc_tmpdemo2.obj
 0001:00005470       c4_d_sf_marshallOut        0000000180006470 f   c4_mpc_tmpdemo2.obj
 0001:00005590       c4_d_sf_marshallIn         0000000180006590 f   c4_mpc_tmpdemo2.obj
 0001:00005690       c4_f_emlrt_marshallIn      0000000180006690 f   c4_mpc_tmpdemo2.obj
 0001:00005780       c4_e_sf_marshallOut        0000000180006780 f   c4_mpc_tmpdemo2.obj
 0001:00005930       c4_f_sf_marshallOut        0000000180006930 f   c4_mpc_tmpdemo2.obj
 0001:00005ae0       c4_g_sf_marshallOut        0000000180006ae0 f   c4_mpc_tmpdemo2.obj
 0001:00005c90       c4_h_sf_marshallOut        0000000180006c90 f   c4_mpc_tmpdemo2.obj
 0001:00005e40       c4_i_sf_marshallOut        0000000180006e40 f   c4_mpc_tmpdemo2.obj
 0001:00005ff0       c4_j_sf_marshallOut        0000000180006ff0 f   c4_mpc_tmpdemo2.obj
 0001:00006180       c4_k_sf_marshallOut        0000000180007180 f   c4_mpc_tmpdemo2.obj
 0001:00006330       c4_l_sf_marshallOut        0000000180007330 f   c4_mpc_tmpdemo2.obj
 0001:000064e0       c4_m_sf_marshallOut        00000001800074e0 f   c4_mpc_tmpdemo2.obj
 0001:00006620       c4_o_emlrt_marshallIn      0000000180007620 f   c4_mpc_tmpdemo2.obj
 0001:000066b0       sf_opaque_initialize_c4_mpc_tmpdemo2 00000001800076b0 f   c4_mpc_tmpdemo2.obj
 0001:000066f0       initialize_c4_mpc_tmpdemo2 00000001800076f0 f   c4_mpc_tmpdemo2.obj
 0001:00006760       initSimStructsc4_mpc_tmpdemo2 0000000180007760 f   c4_mpc_tmpdemo2.obj
 0001:00006770       chart_debug_initialize_data_addresses 0000000180007770 f   c4_mpc_tmpdemo2.obj
 0001:00006cb0       sf_opaque_enable_c4_mpc_tmpdemo2 0000000180007cb0 f   c4_mpc_tmpdemo2.obj
 0001:00006cd0       enable_c4_mpc_tmpdemo2     0000000180007cd0 f   c4_mpc_tmpdemo2.obj
 0001:00006d00       sf_opaque_disable_c4_mpc_tmpdemo2 0000000180007d00 f   c4_mpc_tmpdemo2.obj
 0001:00006d20       disable_c4_mpc_tmpdemo2    0000000180007d20 f   c4_mpc_tmpdemo2.obj
 0001:00006d50       sf_opaque_gateway_c4_mpc_tmpdemo2 0000000180007d50 f   c4_mpc_tmpdemo2.obj
 0001:00006d70       sf_gateway_c4_mpc_tmpdemo2 0000000180007d70 f   c4_mpc_tmpdemo2.obj
 0001:00007a30       c4_chartstep_c4_mpc_tmpdemo2 0000000180008a30 f   c4_mpc_tmpdemo2.obj
 0001:0000b380       c4_n_sf_marshallOut        000000018000c380 f   c4_mpc_tmpdemo2.obj
 0001:0000b4c0       c4_e_sf_marshallIn         000000018000c4c0 f   c4_mpc_tmpdemo2.obj
 0001:0000b5f0       c4_o_sf_marshallOut        000000018000c5f0 f   c4_mpc_tmpdemo2.obj
 0001:0000b730       c4_f_sf_marshallIn         000000018000c730 f   c4_mpc_tmpdemo2.obj
 0001:0000b850       c4_g_emlrt_marshallIn      000000018000c850 f   c4_mpc_tmpdemo2.obj
 0001:0000b940       c4_p_sf_marshallOut        000000018000c940 f   c4_mpc_tmpdemo2.obj
 0001:0000ba70       c4_g_sf_marshallIn         000000018000ca70 f   c4_mpc_tmpdemo2.obj
 0001:0000bb70       c4_h_emlrt_marshallIn      000000018000cb70 f   c4_mpc_tmpdemo2.obj
 0001:0000bc70       c4_q_sf_marshallOut        000000018000cc70 f   c4_mpc_tmpdemo2.obj
 0001:0000c1a0       c4_h_sf_marshallIn         000000018000d1a0 f   c4_mpc_tmpdemo2.obj
 0001:0000c2c0       c4_i_emlrt_marshallIn      000000018000d2c0 f   c4_mpc_tmpdemo2.obj
 0001:0000c570       c4_j_emlrt_marshallIn      000000018000d570 f   c4_mpc_tmpdemo2.obj
 0001:0000c680       c4_k_emlrt_marshallIn      000000018000d680 f   c4_mpc_tmpdemo2.obj
 0001:0000c750       c4_eml_scalar_eg           000000018000d750 f   c4_mpc_tmpdemo2.obj
 0001:0000c760       c4_threshold               000000018000d760 f   c4_mpc_tmpdemo2.obj
 0001:0000c770       c4_b_eml_scalar_eg         000000018000d770 f   c4_mpc_tmpdemo2.obj
 0001:0000c780       c4_c_eml_scalar_eg         000000018000d780 f   c4_mpc_tmpdemo2.obj
 0001:0000c790       c4_d_eml_scalar_eg         000000018000d790 f   c4_mpc_tmpdemo2.obj
 0001:0000c7a0       c4_e_eml_scalar_eg         000000018000d7a0 f   c4_mpc_tmpdemo2.obj
 0001:0000c7b0       c4_f_eml_scalar_eg         000000018000d7b0 f   c4_mpc_tmpdemo2.obj
 0001:0000c7c0       c4_g_eml_scalar_eg         000000018000d7c0 f   c4_mpc_tmpdemo2.obj
 0001:0000c7d0       c4_l_emlrt_marshallIn      000000018000d7d0 f   c4_mpc_tmpdemo2.obj
 0001:0000c840       c4_m_emlrt_marshallIn      000000018000d840 f   c4_mpc_tmpdemo2.obj
 0001:0000c940       c4_n_emlrt_marshallIn      000000018000d940 f   c4_mpc_tmpdemo2.obj
 0001:0000c9b0       c4_c_eml_xgemm             000000018000d9b0 f   c4_mpc_tmpdemo2.obj
 0001:0000caf0       c4_d_eml_xgemm             000000018000daf0 f   c4_mpc_tmpdemo2.obj
 0001:0000cc30       sf_opaque_get_sim_state_c4_mpc_tmpdemo2 000000018000dc30 f   c4_mpc_tmpdemo2.obj
 0001:0000cc80       get_sim_state_c4_mpc_tmpdemo2 000000018000dc80 f   c4_mpc_tmpdemo2.obj
 0001:0000cf90       sf_opaque_set_sim_state_c4_mpc_tmpdemo2 000000018000df90 f   c4_mpc_tmpdemo2.obj
 0001:0000cfe0       set_sim_state_c4_mpc_tmpdemo2 000000018000dfe0 f   c4_mpc_tmpdemo2.obj
 0001:0000d2c0       c4_update_debugger_state_c4_mpc_tmpdemo2 000000018000e2c0 f   c4_mpc_tmpdemo2.obj
 0001:0000d2d0       c4_emlrt_marshallIn        000000018000e2d0 f   c4_mpc_tmpdemo2.obj
 0001:0000d340       c4_c_emlrt_marshallIn      000000018000e340 f   c4_mpc_tmpdemo2.obj
 0001:0000d3b0       c4_e_emlrt_marshallIn      000000018000e3b0 f   c4_mpc_tmpdemo2.obj
 0001:0000d420       c4_q_emlrt_marshallIn      000000018000e420 f   c4_mpc_tmpdemo2.obj
 0001:0000d480       c4_r_emlrt_marshallIn      000000018000e480 f   c4_mpc_tmpdemo2.obj
 0001:0000d510       sf_opaque_terminate_c4_mpc_tmpdemo2 000000018000e510 f   c4_mpc_tmpdemo2.obj
 0001:0000d5b0       finalize_c4_mpc_tmpdemo2   000000018000e5b0 f   c4_mpc_tmpdemo2.obj
 0001:0000d5c0       mdlRTW_c4_mpc_tmpdemo2     000000018000e5c0 f   c4_mpc_tmpdemo2.obj
 0001:0000e370       getChartInfoFromSimStruct  000000018000f370 f   mpc_tmpdemo2_sfun_registry.obj
 0001:00010290       _ssFatalError              0000000180011290 f   mpc_tmpdemo2_sfun_registry.obj
 0001:00013560       ProcessMexSfunctionCmdLineCall 0000000180014560 f   mpc_tmpdemo2_sfun_registry.obj
 0001:00013700       sf_debug_api_wrapper       0000000180014700 f   mpc_tmpdemo2_sfun_registry.obj
 0001:00013750       mdlStart                   0000000180014750 f   mpc_tmpdemo2_sfun_registry.obj
 0001:00013780       mdl_start_processing       0000000180014780 f   mpc_tmpdemo2_sfun_registry.obj
 0001:00013840       mdlTerminate               0000000180014840 f   mpc_tmpdemo2_sfun_registry.obj
 0001:00013870       mdl_terminate_processing   0000000180014870 f   mpc_tmpdemo2_sfun_registry.obj
 0001:000138f0       mdlInitializeSampleTimes   00000001800148f0 f   mpc_tmpdemo2_sfun_registry.obj
 0001:00013920       mdlZeroCrossings           0000000180014920 f   mpc_tmpdemo2_sfun_registry.obj
 0001:00013950       mdl_zeroCrossings_processing 0000000180014950 f   mpc_tmpdemo2_sfun_registry.obj
 0001:00013990       mdlDerivatives             0000000180014990 f   mpc_tmpdemo2_sfun_registry.obj
 0001:000139c0       mdl_derivatives_processing 00000001800149c0 f   mpc_tmpdemo2_sfun_registry.obj
 0001:00013a10       mdlInitializeConditions    0000000180014a10 f   mpc_tmpdemo2_sfun_registry.obj
 0001:00013a40       mdl_initialize_conditions_processing 0000000180014a40 f   mpc_tmpdemo2_sfun_registry.obj
 0001:00013a90       mdlEnable                  0000000180014a90 f   mpc_tmpdemo2_sfun_registry.obj
 0001:00013ac0       mdl_enable_processing      0000000180014ac0 f   mpc_tmpdemo2_sfun_registry.obj
 0001:00013b00       mdlDisable                 0000000180014b00 f   mpc_tmpdemo2_sfun_registry.obj
 0001:00013b30       mdl_disable_processing     0000000180014b30 f   mpc_tmpdemo2_sfun_registry.obj
 0001:00013b70       mdlOutputs                 0000000180014b70 f   mpc_tmpdemo2_sfun_registry.obj
 0001:00013ba0       mdl_outputs_processing     0000000180014ba0 f   mpc_tmpdemo2_sfun_registry.obj
 0001:00013cc0       mdl_outputs_continuous_legacy 0000000180014cc0 f   mpc_tmpdemo2_sfun_registry.obj
 0001:00013db0       mdlUpdate                  0000000180014db0 f   mpc_tmpdemo2_sfun_registry.obj
 0001:00013de0       mdl_update_processing      0000000180014de0 f   mpc_tmpdemo2_sfun_registry.obj
 0001:00013e40       mdlGetTimeOfNextVarHit     0000000180014e40 f   mpc_tmpdemo2_sfun_registry.obj
 0001:00013e90       _ProcessMexSfunctionCmdLineCall 0000000180014e90 f   mpc_tmpdemo2_sfun_registry.obj
 0001:000145f0       mdlSetWorkWidths           00000001800155f0 f   mpc_tmpdemo2_sfun_registry.obj
 0001:00014620       mdlProcessParameters       0000000180015620 f   mpc_tmpdemo2_sfun_registry.obj
 0001:00014650       mdlInitializeSizes         0000000180015650 f   mpc_tmpdemo2_sfun_registry.obj
 0001:00014680       mdlExtModeExec             0000000180015680 f   mpc_tmpdemo2_sfun_registry.obj
 0001:000146b0       mdl_ext_mode_exec_processing 00000001800156b0 f   mpc_tmpdemo2_sfun_registry.obj
 0001:000146f0       mdlRTW                     00000001800156f0 f   mpc_tmpdemo2_sfun_registry.obj
 0001:00014730       _CreateSimStruct           0000000180015730 f   mpc_tmpdemo2_sfun_registry.obj
 0001:000148c0       _RegNumInputPortsCB        00000001800158c0 f   mpc_tmpdemo2_sfun_registry.obj
 0001:00014940       _RegNumOutputPortsCB       0000000180015940 f   mpc_tmpdemo2_sfun_registry.obj
 0001:00014ef0       pre_c_init                 0000000180015ef0 f   MSVCRT:crtdll.obj
 0001:000151ac       __DllMainCRTStartup        00000001800161ac f   MSVCRT:crtdll.obj
 0001:00015810       __DllMainCRTStartup$filt$0 0000000180016810 f   MSVCRT:crtdll.obj
 0001:00015840       __DllMainCRTStartup$fin$1  0000000180016840 f   MSVCRT:crtdll.obj
 0001:0001585a       _onexit$fin$0              000000018001685a f   MSVCRT:atonexit.obj
 0001:00015880       _IsNonwritableInCurrentImage$filt$0 0000000180016880 f   MSVCRT:pesect.obj
