 mpc_aircraft_sfun

 Timestamp is 56260e62 (Tue Oct 20 11:50:26 2015)

 Preferred load address is 0000000180000000

 Start         Length     Name                   Class
 0001:00000000 00014b04H .text                   CODE
 0001:00014b10 00000092H .text$x                 CODE
 0002:00000000 00000458H .idata$5                DATA
 0002:00000458 00000008H .CRT$XCA                DATA
 0002:00000460 00000008H .CRT$XCZ                DATA
 0002:00000468 00000008H .CRT$XIA                DATA
 0002:00000470 00000008H .CRT$XIAA               DATA
 0002:00000478 00000008H .CRT$XIZ                DATA
 0002:00000480 0000069cH .rdata                  DATA
 0002:00000b20 00000008H .rtc$IAA                DATA
 0002:00000b28 00000008H .rtc$IZZ                DATA
 0002:00000b30 00000008H .rtc$TAA                DATA
 0002:00000b38 00000008H .rtc$TZZ                DATA
 0002:00000b40 000008ecH .xdata                  DATA
 0002:0000142c 00000078H .idata$2                DATA
 0002:000014a4 00000014H .idata$3                DATA
 0002:000014b8 00000458H .idata$4                DATA
 0002:00001910 00000c02H .idata$6                DATA
 0002:00002520 00000057H .edata                  DATA
 0003:00000000 000024f8H .data                   DATA
 0003:00002500 000006a8H .bss                    DATA
 0004:00000000 00000a14H .pdata                  DATA

  Address         Publics by Value              Rva+Base               Lib:Object

 0000:00000000       ___safe_se_handler_count   0000000000000000     <absolute>
 0000:00000000       ___safe_se_handler_table   0000000000000000     <absolute>
 0000:00000000       __ImageBase                0000000180000000     <linker-defined>
 0001:00000000       mpc_aircraft_initializer   0000000180001000 f   mpc_aircraft_sfun.obj
 0001:00000010       mpc_aircraft_terminator    0000000180001010 f   mpc_aircraft_sfun.obj
 0001:00000020       sf_mpc_aircraft_method_dispatcher 0000000180001020 f   mpc_aircraft_sfun.obj
 0001:00000070       sf_mpc_aircraft_uses_exported_functions 0000000180001070 f   mpc_aircraft_sfun.obj
 0001:000000b0       sf_mpc_aircraft_process_check_sum_call 00000001800010b0 f   mpc_aircraft_sfun.obj
 0001:00000440       sf_mpc_aircraft_autoinheritance_info 0000000180001440 f   mpc_aircraft_sfun.obj
 0001:000005b0       sf_mpc_aircraft_get_eml_resolved_functions_info 00000001800015b0 f   mpc_aircraft_sfun.obj
 0001:000006e0       sf_mpc_aircraft_third_party_uses_info 00000001800016e0 f   mpc_aircraft_sfun.obj
 0001:00000830       sf_mpc_aircraft_jit_fallback_info 0000000180001830 f   mpc_aircraft_sfun.obj
 0001:00000980       sf_mpc_aircraft_updateBuildInfo_args_info 0000000180001980 f   mpc_aircraft_sfun.obj
 0001:00000ad0       sf_mpc_aircraft_get_post_codegen_info 0000000180001ad0 f   mpc_aircraft_sfun.obj
 0001:00000ba0       mpc_aircraft_debug_initialize 0000000180001ba0 f   mpc_aircraft_sfun.obj
 0001:00000c20       mpc_aircraft_register_exported_symbols 0000000180001c20 f   mpc_aircraft_sfun.obj
 0001:00000c30       load_mpc_aircraft_optimization_info 0000000180001c30 f   mpc_aircraft_sfun.obj
 0001:00000c80       unload_mpc_aircraft_optimization_info 0000000180001c80 f   mpc_aircraft_sfun.obj
 0001:00000cb0       sf_c1_mpc_aircraft_get_eml_resolved_functions_info 0000000180001cb0 f   c1_mpc_aircraft.obj
 0001:00000d30       sf_c1_mpc_aircraft_get_check_sum 0000000180001d30 f   c1_mpc_aircraft.obj
 0001:00000db0       sf_c1_mpc_aircraft_get_autoinheritance_info 0000000180001db0 f   c1_mpc_aircraft.obj
 0001:00002870       sf_c1_mpc_aircraft_third_party_uses_info 0000000180003870 f   c1_mpc_aircraft.obj
 0001:000028a0       sf_c1_mpc_aircraft_jit_fallback_info 00000001800038a0 f   c1_mpc_aircraft.obj
 0001:000029e0       sf_c1_mpc_aircraft_updateBuildInfo_args_info 00000001800039e0 f   c1_mpc_aircraft.obj
 0001:00002a10       sf_c1_mpc_aircraft_get_post_codegen_info 0000000180003a10 f   c1_mpc_aircraft.obj
 0001:00002ae0       c1_mpc_aircraft_method_dispatcher 0000000180003ae0 f   c1_mpc_aircraft.obj
 0001:0000c900       sf_process_check_sum_call  000000018000d900 f   mpc_aircraft_sfun_registry.obj
 0001:0000c950       sf_process_machine_uses_exported_functions_call 000000018000d950 f   mpc_aircraft_sfun_registry.obj
 0001:0000caa0       sf_process_autoinheritance_call 000000018000daa0 f   mpc_aircraft_sfun_registry.obj
 0001:0000cc40       sf_process_get_third_party_uses_info_call 000000018000dc40 f   mpc_aircraft_sfun_registry.obj
 0001:0000cde0       sf_process_get_jit_fallback_info_call 000000018000dde0 f   mpc_aircraft_sfun_registry.obj
 0001:0000cf80       sf_process_get_updateBuildInfo_args_info_call 000000018000df80 f   mpc_aircraft_sfun_registry.obj
 0001:0000d120       sf_process_get_eml_resolved_functions_info_call 000000018000e120 f   mpc_aircraft_sfun_registry.obj
 0001:0000d2a0       sf_process_get_post_codegen_info 000000018000e2a0 f   mpc_aircraft_sfun_registry.obj
 0001:0000d3f0       sf_mex_unlock_call         000000018000e3f0 f   mpc_aircraft_sfun_registry.obj
 0001:0000d4a0       sf_machine_global_initializer_called 000000018000e4a0 f   mpc_aircraft_sfun_registry.obj
 0001:0000d4d0       sf_machine_global_method_dispatcher 000000018000e4d0 f   mpc_aircraft_sfun_registry.obj
 0001:0000d530       sf_machine_global_terminator 000000018000e530 f   mpc_aircraft_sfun_registry.obj
 0001:0000d580       sf_register_machine_exported_symbols 000000018000e580 f   mpc_aircraft_sfun_registry.obj
 0001:0000d5a0       callCustomFcn              000000018000e5a0 f   mpc_aircraft_sfun_registry.obj
 0001:0000d5b0       sf_machine_global_initializer 000000018000e5b0 f   mpc_aircraft_sfun_registry.obj
 0001:0000d630       mdlGetSimState             000000018000e630 f   mpc_aircraft_sfun_registry.obj
 0001:0000d6b0       mdlSetSimState             000000018000e6b0 f   mpc_aircraft_sfun_registry.obj
 0001:0000d6f0       _ssSetStateAbsTol          000000018000e6f0 f   mpc_aircraft_sfun_registry.obj
 0001:0000d7d0       _ssGetAbsTol               000000018000e7d0 f   mpc_aircraft_sfun_registry.obj
 0001:0000d840       _ssSetInputPortMatrixDimensions 000000018000e840 f   mpc_aircraft_sfun_registry.obj
 0001:0000d950       _ssSetOutputPortMatrixDimensions 000000018000e950 f   mpc_aircraft_sfun_registry.obj
 0001:0000da60       _ssSetInputPortVectorDimension 000000018000ea60 f   mpc_aircraft_sfun_registry.obj
 0001:0000db30       _ssSetOutputPortVectorDimension 000000018000eb30 f   mpc_aircraft_sfun_registry.obj
 0001:0000dc00       _ssSetSymbolicDimsSupport  000000018000ec00 f   mpc_aircraft_sfun_registry.obj
 0001:0000dc70       _ssRegisterSymbolicDimsExpr 000000018000ec70 f   mpc_aircraft_sfun_registry.obj
 0001:0000dcf0       _ssRegisterSymbolicDims    000000018000ecf0 f   mpc_aircraft_sfun_registry.obj
 0001:0000dd90       _ssRegisterSymbolicDimsString 000000018000ed90 f   mpc_aircraft_sfun_registry.obj
 0001:0000de10       _ssRegisterSymbolicDimsIntValue 000000018000ee10 f   mpc_aircraft_sfun_registry.obj
 0001:0000de80       _ssRegisterSymbolicDimsPlus 000000018000ee80 f   mpc_aircraft_sfun_registry.obj
 0001:0000df00       _ssRegisterSymbolicDimsMinus 000000018000ef00 f   mpc_aircraft_sfun_registry.obj
 0001:0000df80       _ssRegisterSymbolicDimsMultiply 000000018000ef80 f   mpc_aircraft_sfun_registry.obj
 0001:0000e000       _ssRegisterSymbolicDimsDivide 000000018000f000 f   mpc_aircraft_sfun_registry.obj
 0001:0000e080       _ssGetNumSymbolicDims      000000018000f080 f   mpc_aircraft_sfun_registry.obj
 0001:0000e0f0       _ssGetSymbolicDim          000000018000f0f0 f   mpc_aircraft_sfun_registry.obj
 0001:0000e170       _ssSetInputPortSymbolicDimsId 000000018000f170 f   mpc_aircraft_sfun_registry.obj
 0001:0000e1e0       _ssGetCompInputPortSymbolicDimsId 000000018000f1e0 f   mpc_aircraft_sfun_registry.obj
 0001:0000e250       _ssSetCompInputPortSymbolicDimsId 000000018000f250 f   mpc_aircraft_sfun_registry.obj
 0001:0000e2c0       _ssSetOutputPortSymbolicDimsId 000000018000f2c0 f   mpc_aircraft_sfun_registry.obj
 0001:0000e330       _ssGetCompOutputPortSymbolicDimsId 000000018000f330 f   mpc_aircraft_sfun_registry.obj
 0001:0000e3a0       _ssSetCompOutputPortSymbolicDimsId 000000018000f3a0 f   mpc_aircraft_sfun_registry.obj
 0001:0000e410       _ssSetCompDWorkSymbolicDimsId 000000018000f410 f   mpc_aircraft_sfun_registry.obj
 0001:0000e480       ssIsRunTimeParamTunable    000000018000f480 f   mpc_aircraft_sfun_registry.obj
 0001:0000e4f0       ssGetSFuncBlockHandle      000000018000f4f0 f   mpc_aircraft_sfun_registry.obj
 0001:0000e560       _ssGetCurrentInputPortWidth 000000018000f560 f   mpc_aircraft_sfun_registry.obj
 0001:0000e680       _ssGetCurrentOutputPortWidth 000000018000f680 f   mpc_aircraft_sfun_registry.obj
 0001:0000e7a0       _ssGetCallSystemNumFcnCallDestinations 000000018000f7a0 f   mpc_aircraft_sfun_registry.obj
 0001:0000e810       ssWarning                  000000018000f810 f   mpc_aircraft_sfun_registry.obj
 0001:0000e920       ssGetIsZeroCrossControlDisabled 000000018000f920 f   mpc_aircraft_sfun_registry.obj
 0001:0000e990       ssSetIsInputPortUsedForContZcSignal 000000018000f990 f   mpc_aircraft_sfun_registry.obj
 0001:0000ea00       ssSetZcSignalIsZcElementDisc 000000018000fa00 f   mpc_aircraft_sfun_registry.obj
 0001:0000eab0       ssSetZcSignalName          000000018000fab0 f   mpc_aircraft_sfun_registry.obj
 0001:0000eb20       ssSetZcSignalWidth         000000018000fb20 f   mpc_aircraft_sfun_registry.obj
 0001:0000eb90       ssSetZcSignalZcEventType   000000018000fb90 f   mpc_aircraft_sfun_registry.obj
 0001:0000ec00       ssSetZcSignalType          000000018000fc00 f   mpc_aircraft_sfun_registry.obj
 0001:0000ec70       ssSetZcSignalZcTol         000000018000fc70 f   mpc_aircraft_sfun_registry.obj
 0001:0000ece0       ssSetZcSignalNeedsEventNotification 000000018000fce0 f   mpc_aircraft_sfun_registry.obj
 0001:0000ed50       ssCreateAndAddZcSignalInfo 000000018000fd50 f   mpc_aircraft_sfun_registry.obj
 0001:0000edc0       ssCloneAndAddZcSignalInfo  000000018000fdc0 f   mpc_aircraft_sfun_registry.obj
 0001:0000ee30       ssGetNumZcSignals          000000018000fe30 f   mpc_aircraft_sfun_registry.obj
 0001:0000eea0       ssGetZcSignalVector        000000018000fea0 f   mpc_aircraft_sfun_registry.obj
 0001:0000ef10       ssGetZcSignalZcEvents      000000018000ff10 f   mpc_aircraft_sfun_registry.obj
 0001:0000ef80       ssGetZcSignalName          000000018000ff80 f   mpc_aircraft_sfun_registry.obj
 0001:0000eff0       ssGetZcSignalWidth         000000018000fff0 f   mpc_aircraft_sfun_registry.obj
 0001:0000f060       ssGetZcSignalZcEventType   0000000180010060 f   mpc_aircraft_sfun_registry.obj
 0001:0000f0d0       ssGetZcSignalType          00000001800100d0 f   mpc_aircraft_sfun_registry.obj
 0001:0000f140       ssGetZcSignalZcTol         0000000180010140 f   mpc_aircraft_sfun_registry.obj
 0001:0000f1c0       ssGetZcSignalNeedsEventNotification 00000001800101c0 f   mpc_aircraft_sfun_registry.obj
 0001:0000f230       ssGetZcSignalIsZcElementDisc 0000000180010230 f   mpc_aircraft_sfun_registry.obj
 0001:0000f2d0       ssGetIsInputPortElementContinuous 00000001800102d0 f   mpc_aircraft_sfun_registry.obj
 0001:0000f370       _ssGetInputPortSignalPtrsFcn 0000000180010370 f   mpc_aircraft_sfun_registry.obj
 0001:0000f630       _ssGetInputPortSignalFcn   0000000180010630 f   mpc_aircraft_sfun_registry.obj
 0001:0000f850       _ssSetInputPortDirectFeedThroughFcn 0000000180010850 f   mpc_aircraft_sfun_registry.obj
 0001:0000f9b0       _ssSetInputPortReusableFcn 00000001800109b0 f   mpc_aircraft_sfun_registry.obj
 0001:0000faa0       _ssSetOutputPortReusableFcn 0000000180010aa0 f   mpc_aircraft_sfun_registry.obj
 0001:0000fb80       ssGetDTypeIdFromMxArray    0000000180010b80 f   mpc_aircraft_sfun_registry.obj
 0001:0000fca0       ssWriteRTWStr              0000000180010ca0 f   mpc_aircraft_sfun_registry.obj
 0001:0000fd00       ssWriteRTWMxVectParam      0000000180010d00 f   mpc_aircraft_sfun_registry.obj
 0001:0000fd60       ssWriteRTWMx2dMatParam     0000000180010d60 f   mpc_aircraft_sfun_registry.obj
 0001:0000fde0       ssWriteRTWNameValuePair    0000000180010de0 f   mpc_aircraft_sfun_registry.obj
 0001:000102d0       ssWriteRTWParameters       00000001800112d0 f   mpc_aircraft_sfun_registry.obj
 0001:000108d0       ssWriteRTWParamSettings    00000001800118d0 f   mpc_aircraft_sfun_registry.obj
 0001:00010fa0       ssWriteRTWWorkVect         0000000180011fa0 f   mpc_aircraft_sfun_registry.obj
 0001:000114a0       mexFunction                00000001800124a0 f   mpc_aircraft_sfun_registry.obj
 0001:00013cc0       ProcessMexSfunctionEveryCall 0000000180014cc0 f   mpc_aircraft_sfun_registry.obj
 0001:00013e56       sf_debug_set_machine_data_thresholds 0000000180014e56 f   sf_runtime:sf_runtime.dll
 0001:00013e5c       sf_debug_set_machine_event_thresholds 0000000180014e5c f   sf_runtime:sf_runtime.dll
 0001:00013e62       sf_debug_initialize_machine 0000000180014e62 f   sf_runtime:sf_runtime.dll
 0001:00013e68       sf_load_rtw_optimization_info 0000000180014e68 f   sf_runtime:sf_runtime.dll
 0001:00013e6e       sf_mex_assign              0000000180014e6e f   sf_runtime:sf_runtime.dll
 0001:00013e74       sf_mex_create              0000000180014e74 f   sf_runtime:sf_runtime.dll
 0001:00013e7a       sf_mex_error_message       0000000180014e7a f   sf_runtime:sf_runtime.dll
 0001:00013e80       sf_set_rtw_dwork_info      0000000180014e80 f   sf_runtime:sf_runtime.dll
 0001:00013e86       sf_mark_chart_reusable_outputs 0000000180014e86 f   sf_runtime:sf_runtime.dll
 0001:00013e8c       sf_mark_chart_expressionable_inputs 0000000180014e8c f   sf_runtime:sf_runtime.dll
 0001:00013e92       sf_update_buildInfo        0000000180014e92 f   sf_runtime:sf_runtime.dll
 0001:00013e98       sf_rtw_info_uint_prop      0000000180014e98 f   sf_runtime:sf_runtime.dll
 0001:00013e9e       sf_is_chart_inlinable      0000000180014e9e f   sf_runtime:sf_runtime.dll
 0001:00013ea4       sim_mode_is_external       0000000180014ea4 f   sf_runtime:sf_runtime.dll
 0001:00013eaa       sim_mode_is_rtw_gen        0000000180014eaa f   sf_runtime:sf_runtime.dll
 0001:00013eb0       sf_runtime_overflow_check_is_on 0000000180014eb0 f   sf_runtime:sf_runtime.dll
 0001:00013eb6       ssGetOutputPortSignal_wrapper 0000000180014eb6 f   sf_runtime:sf_runtime.dll
 0001:00013ebc       ssGetInputPortSignal_wrapper 0000000180014ebc f   sf_runtime:sf_runtime.dll
 0001:00013ec2       sf_mex_decode_encoded_mx_struct_array 0000000180014ec2 f   sf_runtime:sf_runtime.dll
 0001:00013ec8       sf_debug_reset_current_state_configuration 0000000180014ec8 f   sf_runtime:sf_runtime.dll
 0001:00013ece       sf_debug_set_chart_data_compiled_props 0000000180014ece f   sf_runtime:sf_runtime.dll
 0001:00013ed4       cv_eml_init_fcn            0000000180014ed4 f   sf_runtime:sf_runtime.dll
 0001:00013eda       cv_eml_init_script         0000000180014eda f   sf_runtime:sf_runtime.dll
 0001:00013ee0       sf_debug_cv_init_trans     0000000180014ee0 f   sf_runtime:sf_runtime.dll
 0001:00013ee6       sf_debug_cv_init_state     0000000180014ee6 f   sf_runtime:sf_runtime.dll
 0001:00013eec       sf_debug_cv_init_chart     0000000180014eec f   sf_runtime:sf_runtime.dll
 0001:00013ef2       sf_debug_set_chart_decomposition 0000000180014ef2 f   sf_runtime:sf_runtime.dll
 0001:00013ef8       sf_debug_set_chart_substate_count 0000000180014ef8 f   sf_runtime:sf_runtime.dll
 0001:00013efe       sf_debug_set_chart_state_info 0000000180014efe f   sf_runtime:sf_runtime.dll
 0001:00013f04       sf_debug_set_chart_data_props 0000000180014f04 f   sf_runtime:sf_runtime.dll
 0001:00013f0a       sf_debug_set_chart_event_thresholds 0000000180014f0a f   sf_runtime:sf_runtime.dll
 0001:00013f10       sf_debug_set_chart_disable_implicit_casting 0000000180014f10 f   sf_runtime:sf_runtime.dll
 0001:00013f16       sf_debug_initialize_chart  0000000180014f16 f   sf_runtime:sf_runtime.dll
 0001:00013f1c       sf_mex_destroy             0000000180014f1c f   sf_runtime:sf_runtime.dll
 0001:00013f22       sf_mex_dup                 0000000180014f22 f   sf_runtime:sf_runtime.dll
 0001:00013f28       sf_mex_import              0000000180014f28 f   sf_runtime:sf_runtime.dll
 0001:00013f2e       sf_get_time                0000000180014f2e f   sf_runtime:sf_runtime.dll
 0001:00013f34       sf_is_first_init_cond      0000000180014f34 f   sf_runtime:sf_runtime.dll
 0001:00013f3a       sf_debug_set_instance_data_value_ptr 0000000180014f3a f   sf_runtime:sf_runtime.dll
 0001:00013f40       sf_debug_check_for_state_inconsistency 0000000180014f40 f   sf_runtime:sf_runtime.dll
 0001:00013f46       sf_debug_symbol_scope_pop  0000000180014f46 f   sf_runtime:sf_runtime.dll
 0001:00013f4c       sf_debug_data_range_wrapper 0000000180014f4c f   sf_runtime:sf_runtime.dll
 0001:00013f52       sf_debug_call              0000000180014f52 f   sf_runtime:sf_runtime.dll
 0001:00013f58       sf_debug_symbol_scope_push 0000000180014f58 f   sf_runtime:sf_runtime.dll
 0001:00013f5e       sf_mex_call_debug          0000000180014f5e f   sf_runtime:sf_runtime.dll
 0001:00013f64       eml_debug_line_call        0000000180014f64 f   sf_runtime:sf_runtime.dll
 0001:00013f6a       cv_eml_eval                0000000180014f6a f   sf_runtime:sf_runtime.dll
 0001:00013f70       sf_debug_symbol_scope_add_eml 0000000180014f70 f   sf_runtime:sf_runtime.dll
 0001:00013f76       sf_debug_symbol_scope_add_eml_importable 0000000180014f76 f   sf_runtime:sf_runtime.dll
 0001:00013f7c       sf_debug_symbol_scope_push_eml 0000000180014f7c f   sf_runtime:sf_runtime.dll
 0001:00013f82       sf_mex_addfield            0000000180014f82 f   sf_runtime:sf_runtime.dll
 0001:00013f88       sf_mex_createstruct        0000000180014f88 f   sf_runtime:sf_runtime.dll
 0001:00013f8e       sf_mex_getfield            0000000180014f8e f   sf_runtime:sf_runtime.dll
 0001:00013f94       sf_mex_check_struct        0000000180014f94 f   sf_runtime:sf_runtime.dll
 0001:00013f9a       sf_mex_setcell             0000000180014f9a f   sf_runtime:sf_runtime.dll
 0001:00013fa0       sf_mex_createcellmatrix    0000000180014fa0 f   sf_runtime:sf_runtime.dll
 0001:00013fa6       sf_mex_getcell             0000000180014fa6 f   sf_runtime:sf_runtime.dll
 0001:00013fac       sf_clear_rtw_identifier    0000000180014fac f   sf_runtime:sf_runtime.dll
 0001:00013fb2       sf_debug_terminate         0000000180014fb2 f   sf_runtime:sf_runtime.dll
 0001:00013fb8       sf_debug_create_debug_instance_struct 0000000180014fb8 f   sf_runtime:sf_runtime.dll
 0001:00013fbe       sf_debug_api               0000000180014fbe f   sf_runtime:sf_runtime.dll
 0001:00013fc4       callMdlMethodAndReportError 0000000180014fc4 f   sf_runtime:sf_runtime.dll
 0001:00013fca       call_sf_machine_global_method_dispatcher 0000000180014fca f   sf_runtime:sf_runtime.dll
 0001:00013fd0       sf_clear_error_manager_info 0000000180014fd0 f   sf_runtime:sf_runtime.dll
 0001:00013fd6       sf_mex_error_direct_call   0000000180014fd6 f   sf_runtime:sf_runtime.dll
 0001:00013fdc       mxCreateLogicalScalar      0000000180014fdc f   libmx:libmx.dll
 0001:00013fe2       mxGetScalar                0000000180014fe2 f   libmx:libmx.dll
 0001:00013fe8       mxGetPr                    0000000180014fe8 f   libmx:libmx.dll
 0001:00013fee       mxCreateDoubleMatrix_730   0000000180014fee f   libmx:libmx.dll
 0001:00013ff4       mxGetString_730            0000000180014ff4 f   libmx:libmx.dll
 0001:00013ffa       mxIsChar                   0000000180014ffa f   libmx:libmx.dll
 0001:00014000       mxDestroyArray             0000000180015000 f   libmx:libmx.dll
 0001:00014006       mxDuplicateArray           0000000180015006 f   libmx:libmx.dll
 0001:0001400c       mxCreateDoubleScalar       000000018001500c f   libmx:libmx.dll
 0001:00014012       mxSetField_730             0000000180015012 f   libmx:libmx.dll
 0001:00014018       mxCreateString             0000000180015018 f   libmx:libmx.dll
 0001:0001401e       mxCreateStructMatrix_730   000000018001501e f   libmx:libmx.dll
 0001:00014024       mxCreateCellMatrix_730     0000000180015024 f   libmx:libmx.dll
 0001:0001402a       mxCreateCellArray_730      000000018001502a f   libmx:libmx.dll
 0001:00014030       mxCreateStructArray_730    0000000180015030 f   libmx:libmx.dll
 0001:00014036       mxGetClassID               0000000180015036 f   libmx:libmx.dll
 0001:0001403c       mxIsNumeric                000000018001503c f   libmx:libmx.dll
 0001:00014042       mxIsComplex                0000000180015042 f   libmx:libmx.dll
 0001:00014048       mxGetN                     0000000180015048 f   libmx:libmx.dll
 0001:0001404e       mxGetM                     000000018001504e f   libmx:libmx.dll
 0001:00014054       mxCalloc                   0000000180015054 f   libmx:libmx.dll
 0001:0001405a       mexMakeArrayPersistent     000000018001505a f   libmex:libmex.dll
 0001:00014060       mexUnlock                  0000000180015060 f   libmex:libmex.dll
 0001:00014066       mexIsLocked                0000000180015066 f   libmex:libmex.dll
 0001:0001406c       mexWarnMsgTxt              000000018001506c f   libmex:libmex.dll
 0001:00014072       mexCallMATLABWithObject    0000000180015072 f   libmex:libmex.dll
 0001:00014078       mexErrMsgTxt               0000000180015078 f   libmex:libmex.dll
 0001:0001407e       mexLock                    000000018001507e f   libmex:libmex.dll
 0001:00014084       utMalloc                   0000000180015084 f   libut:libut.dll
 0001:0001408a       utFree                     000000018001508a f   libut:libut.dll
 0001:00014090       __GSHandlerCheckCommon     0000000180015090 f   MSVCRT:gshandler.obj
 0001:000140f4       __GSHandlerCheck           00000001800150f4 f   MSVCRT:gshandler.obj
 0001:00014112       strcmp                     0000000180015112 f   MSVCRT:MSVCR100.dll
 0001:00014130       __security_check_cookie    0000000180015130 f   MSVCRT:amdsecgs.obj
 0001:00014150       memset                     0000000180015150 f   MSVCRT:MSVCR100.dll
 0001:00014170       __chkstk                   0000000180015170 f   MSVCRT:chkstk.obj
 0001:00014170       _alloca_probe              0000000180015170     MSVCRT:chkstk.obj
 0001:000141be       free                       00000001800151be f   MSVCRT:MSVCR100.dll
 0001:000141c4       sprintf                    00000001800151c4 f   MSVCRT:MSVCR100.dll
 0001:000141ca       malloc                     00000001800151ca f   MSVCRT:MSVCR100.dll
 0001:000141d0       strlen                     00000001800151d0 f   MSVCRT:MSVCR100.dll
 0001:000141d6       strcat                     00000001800151d6 f   MSVCRT:MSVCR100.dll
 0001:000141dc       memcpy                     00000001800151dc f   MSVCRT:MSVCR100.dll
 0001:000141e4       NtCurrentTeb               00000001800151e4 f i MSVCRT:crtdll.obj
 0001:00014250       _CRT_INIT                  0000000180015250 f   MSVCRT:crtdll.obj
 0001:000145e8       _DllMainCRTStartup         00000001800155e8 f   MSVCRT:crtdll.obj
 0001:00014628       __report_gsfailure         0000000180015628 f   MSVCRT:gs_report.obj
 0001:00014774       __clean_type_info_names    0000000180015774 f   MSVCRT:tncleanup.obj
 0001:00014780       _onexit                    0000000180015780 f   MSVCRT:atonexit.obj
 0001:00014830       atexit                     0000000180015830 f   MSVCRT:atonexit.obj
 0001:00014848       _RTC_Initialize            0000000180015848 f   MSVCRT:_initsect_.obj
 0001:00014880       _RTC_Terminate             0000000180015880 f   MSVCRT:_initsect_.obj
 0001:000148b8       _malloc_crt                00000001800158b8 f   MSVCRT:MSVCR100.dll
 0001:000148c0       _ValidateImageBase         00000001800158c0 f   MSVCRT:pesect.obj
 0001:000148f0       _FindPESection             00000001800158f0 f   MSVCRT:pesect.obj
 0001:00014940       _IsNonwritableInCurrentImage 0000000180015940 f   MSVCRT:pesect.obj
 0001:00014982       _initterm                  0000000180015982 f   MSVCRT:MSVCR100.dll
 0001:00014988       _initterm_e                0000000180015988 f   MSVCRT:MSVCR100.dll
 0001:0001498e       _encoded_null              000000018001598e f   MSVCRT:MSVCR100.dll
 0001:00014994       _amsg_exit                 0000000180015994 f   MSVCRT:MSVCR100.dll
 0001:0001499a       __C_specific_handler       000000018001599a f   MSVCRT:MSVCR100.dll
 0001:000149a0       __CppXcptFilter            00000001800159a0 f   MSVCRT:MSVCR100.dll
 0001:000149a8       DllMain                    00000001800159a8 f   MSVCRT:dllmain.obj
 0001:000149cc       __security_init_cookie     00000001800159cc f   MSVCRT:gs_support.obj
 0001:00014a80       __crt_debugger_hook        0000000180015a80 f   MSVCRT:MSVCR100.dll
 0001:00014a86       __clean_type_info_names_internal 0000000180015a86 f   MSVCRT:MSVCR100.dll
 0001:00014a8c       _unlock                    0000000180015a8c f   MSVCRT:MSVCR100.dll
 0001:00014a92       __dllonexit                0000000180015a92 f   MSVCRT:MSVCR100.dll
 0001:00014a98       _lock                      0000000180015a98 f   MSVCRT:MSVCR100.dll
 0001:00014a9e       EncodePointer              0000000180015a9e f   kernel32:KERNEL32.dll
 0001:00014aa4       DecodePointer              0000000180015aa4 f   kernel32:KERNEL32.dll
 0001:00014aaa       Sleep                      0000000180015aaa f   kernel32:KERNEL32.dll
 0001:00014ab0       TerminateProcess           0000000180015ab0 f   kernel32:KERNEL32.dll
 0001:00014ab6       GetCurrentProcess          0000000180015ab6 f   kernel32:KERNEL32.dll
 0001:00014abc       UnhandledExceptionFilter   0000000180015abc f   kernel32:KERNEL32.dll
 0001:00014ac2       SetUnhandledExceptionFilter 0000000180015ac2 f   kernel32:KERNEL32.dll
 0001:00014ac8       IsDebuggerPresent          0000000180015ac8 f   kernel32:KERNEL32.dll
 0001:00014ace       RtlVirtualUnwind           0000000180015ace f   kernel32:KERNEL32.dll
 0001:00014ad4       RtlLookupFunctionEntry     0000000180015ad4 f   kernel32:KERNEL32.dll
 0001:00014ada       RtlCaptureContext          0000000180015ada f   kernel32:KERNEL32.dll
 0001:00014ae0       DisableThreadLibraryCalls  0000000180015ae0 f   kernel32:KERNEL32.dll
 0001:00014ae6       QueryPerformanceCounter    0000000180015ae6 f   kernel32:KERNEL32.dll
 0001:00014aec       GetTickCount               0000000180015aec f   kernel32:KERNEL32.dll
 0001:00014af2       GetCurrentThreadId         0000000180015af2 f   kernel32:KERNEL32.dll
 0001:00014af8       GetCurrentProcessId        0000000180015af8 f   kernel32:KERNEL32.dll
 0001:00014afe       GetSystemTimeAsFileTime    0000000180015afe f   kernel32:KERNEL32.dll
 0002:00000000       __imp_GetSystemTimeAsFileTime 0000000180016000     kernel32:KERNEL32.dll
 0002:00000008       __imp_GetCurrentProcessId  0000000180016008     kernel32:KERNEL32.dll
 0002:00000010       __imp_GetCurrentThreadId   0000000180016010     kernel32:KERNEL32.dll
 0002:00000018       __imp_GetTickCount         0000000180016018     kernel32:KERNEL32.dll
 0002:00000020       __imp_QueryPerformanceCounter 0000000180016020     kernel32:KERNEL32.dll
 0002:00000028       __imp_DisableThreadLibraryCalls 0000000180016028     kernel32:KERNEL32.dll
 0002:00000030       __imp_RtlCaptureContext    0000000180016030     kernel32:KERNEL32.dll
 0002:00000038       __imp_RtlLookupFunctionEntry 0000000180016038     kernel32:KERNEL32.dll
 0002:00000040       __imp_RtlVirtualUnwind     0000000180016040     kernel32:KERNEL32.dll
 0002:00000048       __imp_IsDebuggerPresent    0000000180016048     kernel32:KERNEL32.dll
 0002:00000050       __imp_SetUnhandledExceptionFilter 0000000180016050     kernel32:KERNEL32.dll
 0002:00000058       __imp_UnhandledExceptionFilter 0000000180016058     kernel32:KERNEL32.dll
 0002:00000060       __imp_GetCurrentProcess    0000000180016060     kernel32:KERNEL32.dll
 0002:00000068       __imp_TerminateProcess     0000000180016068     kernel32:KERNEL32.dll
 0002:00000070       __imp_Sleep                0000000180016070     kernel32:KERNEL32.dll
 0002:00000078       __imp_DecodePointer        0000000180016078     kernel32:KERNEL32.dll
 0002:00000080       __imp_EncodePointer        0000000180016080     kernel32:KERNEL32.dll
 0002:00000088       \177KERNEL32_NULL_THUNK_DATA 0000000180016088     kernel32:KERNEL32.dll
 0002:00000090       __imp__onexit              0000000180016090     MSVCRT:MSVCR100.dll
 0002:00000098       __imp__lock                0000000180016098     MSVCRT:MSVCR100.dll
 0002:000000a0       __imp___dllonexit          00000001800160a0     MSVCRT:MSVCR100.dll
 0002:000000a8       __imp__unlock              00000001800160a8     MSVCRT:MSVCR100.dll
 0002:000000b0       __imp___clean_type_info_names_internal 00000001800160b0     MSVCRT:MSVCR100.dll
 0002:000000b8       __imp___crt_debugger_hook  00000001800160b8     MSVCRT:MSVCR100.dll
 0002:000000c0       __imp___CppXcptFilter      00000001800160c0     MSVCRT:MSVCR100.dll
 0002:000000c8       __imp___C_specific_handler 00000001800160c8     MSVCRT:MSVCR100.dll
 0002:000000d0       __imp__amsg_exit           00000001800160d0     MSVCRT:MSVCR100.dll
 0002:000000d8       __imp__encoded_null        00000001800160d8     MSVCRT:MSVCR100.dll
 0002:000000e0       __imp__initterm_e          00000001800160e0     MSVCRT:MSVCR100.dll
 0002:000000e8       __imp__initterm            00000001800160e8     MSVCRT:MSVCR100.dll
 0002:000000f0       __imp__malloc_crt          00000001800160f0     MSVCRT:MSVCR100.dll
 0002:000000f8       __imp_memcpy               00000001800160f8     MSVCRT:MSVCR100.dll
 0002:00000100       __imp_strcat               0000000180016100     MSVCRT:MSVCR100.dll
 0002:00000108       __imp_strlen               0000000180016108     MSVCRT:MSVCR100.dll
 0002:00000110       __imp_malloc               0000000180016110     MSVCRT:MSVCR100.dll
 0002:00000118       __imp_sprintf              0000000180016118     MSVCRT:MSVCR100.dll
 0002:00000120       __imp_free                 0000000180016120     MSVCRT:MSVCR100.dll
 0002:00000128       __imp_memset               0000000180016128     MSVCRT:MSVCR100.dll
 0002:00000130       __imp_strcmp               0000000180016130     MSVCRT:MSVCR100.dll
 0002:00000138       \177MSVCR100_NULL_THUNK_DATA 0000000180016138     MSVCRT:MSVCR100.dll
 0002:00000140       __imp_mexLock              0000000180016140     libmex:libmex.dll
 0002:00000148       __imp_mexErrMsgTxt         0000000180016148     libmex:libmex.dll
 0002:00000150       __imp_mexCallMATLABWithObject 0000000180016150     libmex:libmex.dll
 0002:00000158       __imp_mexWarnMsgTxt        0000000180016158     libmex:libmex.dll
 0002:00000160       __imp_mexIsLocked          0000000180016160     libmex:libmex.dll
 0002:00000168       __imp_mexUnlock            0000000180016168     libmex:libmex.dll
 0002:00000170       __imp_mexMakeArrayPersistent 0000000180016170     libmex:libmex.dll
 0002:00000178       \177libmex_NULL_THUNK_DATA 0000000180016178     libmex:libmex.dll
 0002:00000180       __imp_mxCalloc             0000000180016180     libmx:libmx.dll
 0002:00000188       __imp_mxGetM               0000000180016188     libmx:libmx.dll
 0002:00000190       __imp_mxGetN               0000000180016190     libmx:libmx.dll
 0002:00000198       __imp_mxIsComplex          0000000180016198     libmx:libmx.dll
 0002:000001a0       __imp_mxIsNumeric          00000001800161a0     libmx:libmx.dll
 0002:000001a8       __imp_mxGetClassID         00000001800161a8     libmx:libmx.dll
 0002:000001b0       __imp_mxCreateStructArray_730 00000001800161b0     libmx:libmx.dll
 0002:000001b8       __imp_mxCreateCellArray_730 00000001800161b8     libmx:libmx.dll
 0002:000001c0       __imp_mxCreateCellMatrix_730 00000001800161c0     libmx:libmx.dll
 0002:000001c8       __imp_mxCreateStructMatrix_730 00000001800161c8     libmx:libmx.dll
 0002:000001d0       __imp_mxCreateString       00000001800161d0     libmx:libmx.dll
 0002:000001d8       __imp_mxSetField_730       00000001800161d8     libmx:libmx.dll
 0002:000001e0       __imp_mxCreateDoubleScalar 00000001800161e0     libmx:libmx.dll
 0002:000001e8       __imp_mxDuplicateArray     00000001800161e8     libmx:libmx.dll
 0002:000001f0       __imp_mxDestroyArray       00000001800161f0     libmx:libmx.dll
 0002:000001f8       __imp_mxIsChar             00000001800161f8     libmx:libmx.dll
 0002:00000200       __imp_mxGetString_730      0000000180016200     libmx:libmx.dll
 0002:00000208       __imp_mxCreateLogicalScalar 0000000180016208     libmx:libmx.dll
 0002:00000210       __imp_mxGetScalar          0000000180016210     libmx:libmx.dll
 0002:00000218       __imp_mxGetPr              0000000180016218     libmx:libmx.dll
 0002:00000220       __imp_mxCreateDoubleMatrix_730 0000000180016220     libmx:libmx.dll
 0002:00000228       \177libmx_NULL_THUNK_DATA  0000000180016228     libmx:libmx.dll
 0002:00000230       __imp_utMalloc             0000000180016230     libut:libut.dll
 0002:00000238       __imp_utFree               0000000180016238     libut:libut.dll
 0002:00000240       \177libut_NULL_THUNK_DATA  0000000180016240     libut:libut.dll
 0002:00000248       __imp_call_sf_machine_global_method_dispatcher 0000000180016248     sf_runtime:sf_runtime.dll
 0002:00000250       __imp_callMdlMethodAndReportError 0000000180016250     sf_runtime:sf_runtime.dll
 0002:00000258       __imp_sf_debug_api         0000000180016258     sf_runtime:sf_runtime.dll
 0002:00000260       __imp_sf_debug_create_debug_instance_struct 0000000180016260     sf_runtime:sf_runtime.dll
 0002:00000268       __imp_sf_debug_terminate   0000000180016268     sf_runtime:sf_runtime.dll
 0002:00000270       __imp_sf_clear_rtw_identifier 0000000180016270     sf_runtime:sf_runtime.dll
 0002:00000278       __imp_sf_mex_getcell       0000000180016278     sf_runtime:sf_runtime.dll
 0002:00000280       __imp_sf_mex_createcellmatrix 0000000180016280     sf_runtime:sf_runtime.dll
 0002:00000288       __imp_sf_mex_setcell       0000000180016288     sf_runtime:sf_runtime.dll
 0002:00000290       __imp_sf_mex_check_struct  0000000180016290     sf_runtime:sf_runtime.dll
 0002:00000298       __imp_sf_mex_getfield      0000000180016298     sf_runtime:sf_runtime.dll
 0002:000002a0       __imp_sf_clear_error_manager_info 00000001800162a0     sf_runtime:sf_runtime.dll
 0002:000002a8       __imp_sf_mex_addfield      00000001800162a8     sf_runtime:sf_runtime.dll
 0002:000002b0       __imp_sf_debug_symbol_scope_push_eml 00000001800162b0     sf_runtime:sf_runtime.dll
 0002:000002b8       __imp_sf_debug_symbol_scope_add_eml_importable 00000001800162b8     sf_runtime:sf_runtime.dll
 0002:000002c0       __imp_sf_debug_symbol_scope_add_eml 00000001800162c0     sf_runtime:sf_runtime.dll
 0002:000002c8       __imp_cv_eml_eval          00000001800162c8     sf_runtime:sf_runtime.dll
 0002:000002d0       __imp_eml_debug_line_call  00000001800162d0     sf_runtime:sf_runtime.dll
 0002:000002d8       __imp_sf_mex_call_debug    00000001800162d8     sf_runtime:sf_runtime.dll
 0002:000002e0       __imp_sf_debug_symbol_scope_push 00000001800162e0     sf_runtime:sf_runtime.dll
 0002:000002e8       __imp_sf_debug_call        00000001800162e8     sf_runtime:sf_runtime.dll
 0002:000002f0       __imp_sf_debug_data_range_wrapper 00000001800162f0     sf_runtime:sf_runtime.dll
 0002:000002f8       __imp_sf_debug_symbol_scope_pop 00000001800162f8     sf_runtime:sf_runtime.dll
 0002:00000300       __imp_sf_mex_error_direct_call 0000000180016300     sf_runtime:sf_runtime.dll
 0002:00000308       __imp_sf_mex_createstruct  0000000180016308     sf_runtime:sf_runtime.dll
 0002:00000310       __imp_sf_debug_check_for_state_inconsistency 0000000180016310     sf_runtime:sf_runtime.dll
 0002:00000318       __imp_sf_debug_set_instance_data_value_ptr 0000000180016318     sf_runtime:sf_runtime.dll
 0002:00000320       __imp_sf_is_first_init_cond 0000000180016320     sf_runtime:sf_runtime.dll
 0002:00000328       __imp_sf_get_time          0000000180016328     sf_runtime:sf_runtime.dll
 0002:00000330       __imp_sf_mex_import        0000000180016330     sf_runtime:sf_runtime.dll
 0002:00000338       __imp_sf_mex_dup           0000000180016338     sf_runtime:sf_runtime.dll
 0002:00000340       __imp_sf_mex_destroy       0000000180016340     sf_runtime:sf_runtime.dll
 0002:00000348       __imp_sf_debug_initialize_chart 0000000180016348     sf_runtime:sf_runtime.dll
 0002:00000350       __imp_sf_debug_set_chart_disable_implicit_casting 0000000180016350     sf_runtime:sf_runtime.dll
 0002:00000358       __imp_sf_debug_set_chart_event_thresholds 0000000180016358     sf_runtime:sf_runtime.dll
 0002:00000360       __imp_sf_debug_set_chart_data_props 0000000180016360     sf_runtime:sf_runtime.dll
 0002:00000368       __imp_sf_debug_set_chart_state_info 0000000180016368     sf_runtime:sf_runtime.dll
 0002:00000370       __imp_sf_debug_set_chart_substate_count 0000000180016370     sf_runtime:sf_runtime.dll
 0002:00000378       __imp_sf_debug_set_chart_decomposition 0000000180016378     sf_runtime:sf_runtime.dll
 0002:00000380       __imp_sf_debug_cv_init_chart 0000000180016380     sf_runtime:sf_runtime.dll
 0002:00000388       __imp_sf_debug_cv_init_state 0000000180016388     sf_runtime:sf_runtime.dll
 0002:00000390       __imp_sf_debug_cv_init_trans 0000000180016390     sf_runtime:sf_runtime.dll
 0002:00000398       __imp_cv_eml_init_script   0000000180016398     sf_runtime:sf_runtime.dll
 0002:000003a0       __imp_cv_eml_init_fcn      00000001800163a0     sf_runtime:sf_runtime.dll
 0002:000003a8       __imp_sf_debug_set_chart_data_compiled_props 00000001800163a8     sf_runtime:sf_runtime.dll
 0002:000003b0       __imp_sf_debug_reset_current_state_configuration 00000001800163b0     sf_runtime:sf_runtime.dll
 0002:000003b8       __imp_sf_mex_decode_encoded_mx_struct_array 00000001800163b8     sf_runtime:sf_runtime.dll
 0002:000003c0       __imp_ssGetInputPortSignal_wrapper 00000001800163c0     sf_runtime:sf_runtime.dll
 0002:000003c8       __imp_ssGetOutputPortSignal_wrapper 00000001800163c8     sf_runtime:sf_runtime.dll
 0002:000003d0       __imp_sf_runtime_overflow_check_is_on 00000001800163d0     sf_runtime:sf_runtime.dll
 0002:000003d8       __imp_sim_mode_is_rtw_gen  00000001800163d8     sf_runtime:sf_runtime.dll
 0002:000003e0       __imp_sim_mode_is_external 00000001800163e0     sf_runtime:sf_runtime.dll
 0002:000003e8       __imp_sf_is_chart_inlinable 00000001800163e8     sf_runtime:sf_runtime.dll
 0002:000003f0       __imp_sf_rtw_info_uint_prop 00000001800163f0     sf_runtime:sf_runtime.dll
 0002:000003f8       __imp_sf_update_buildInfo  00000001800163f8     sf_runtime:sf_runtime.dll
 0002:00000400       __imp_sf_mark_chart_expressionable_inputs 0000000180016400     sf_runtime:sf_runtime.dll
 0002:00000408       __imp_sf_mark_chart_reusable_outputs 0000000180016408     sf_runtime:sf_runtime.dll
 0002:00000410       __imp_sf_set_rtw_dwork_info 0000000180016410     sf_runtime:sf_runtime.dll
 0002:00000418       __imp_sf_mex_error_message 0000000180016418     sf_runtime:sf_runtime.dll
 0002:00000420       __imp_sf_mex_create        0000000180016420     sf_runtime:sf_runtime.dll
 0002:00000428       __imp_sf_mex_assign        0000000180016428     sf_runtime:sf_runtime.dll
 0002:00000430       __imp_sf_load_rtw_optimization_info 0000000180016430     sf_runtime:sf_runtime.dll
 0002:00000438       __imp_sf_debug_initialize_machine 0000000180016438     sf_runtime:sf_runtime.dll
 0002:00000440       __imp_sf_debug_set_machine_event_thresholds 0000000180016440     sf_runtime:sf_runtime.dll
 0002:00000448       __imp_sf_debug_set_machine_data_thresholds 0000000180016448     sf_runtime:sf_runtime.dll
 0002:00000450       \177sf_runtime_NULL_THUNK_DATA 0000000180016450     sf_runtime:sf_runtime.dll
 0002:00000458       __xc_a                     0000000180016458     MSVCRT:cinitexe.obj
 0002:00000460       __xc_z                     0000000180016460     MSVCRT:cinitexe.obj
 0002:00000468       __xi_a                     0000000180016468     MSVCRT:cinitexe.obj
 0002:00000478       __xi_z                     0000000180016478     MSVCRT:cinitexe.obj
 0002:00000480       __real@41e4ff2cb7600000    0000000180016480     mpc_aircraft_sfun.obj
 0002:00000488       __real@41cbd083c7000000    0000000180016488     mpc_aircraft_sfun.obj
 0002:00000490       __real@41d996bb10800000    0000000180016490     mpc_aircraft_sfun.obj
 0002:00000498       __real@41e370fd6a200000    0000000180016498     mpc_aircraft_sfun.obj
 0002:000004a0       __real@41b48881c0000000    00000001800164a0     mpc_aircraft_sfun.obj
 0002:000004a8       __real@41e439a0c9c00000    00000001800164a8     mpc_aircraft_sfun.obj
 0002:000004b0       __real@41e8cffe7aa00000    00000001800164b0     mpc_aircraft_sfun.obj
 0002:000004b8       __real@41e8583dfc000000    00000001800164b8     mpc_aircraft_sfun.obj
 0002:000004c0       __real@41ea3c169de00000    00000001800164c0     mpc_aircraft_sfun.obj
 0002:000004c8       __real@41e78cf946e00000    00000001800164c8     mpc_aircraft_sfun.obj
 0002:000004d0       __real@41d83730eb800000    00000001800164d0     mpc_aircraft_sfun.obj
 0002:000004d8       __real@41ee71fd63800000    00000001800164d8     mpc_aircraft_sfun.obj
 0002:000004e0       __real@41e1e97273a00000    00000001800164e0     c1_mpc_aircraft.obj
 0002:000004e8       __real@41e1f1d6e9000000    00000001800164e8     c1_mpc_aircraft.obj
 0002:000004f0       __real@41d0de7f84400000    00000001800164f0     c1_mpc_aircraft.obj
 0002:000004f8       __real@41e949c4c5000000    00000001800164f8     c1_mpc_aircraft.obj
 0002:00000500       __real@4000000000000000    0000000180016500     c1_mpc_aircraft.obj
 0002:00000508       __real@4028000000000000    0000000180016508     c1_mpc_aircraft.obj
 0002:00000510       __real@4014000000000000    0000000180016510     c1_mpc_aircraft.obj
 0002:00000518       __real@4024000000000000    0000000180016518     c1_mpc_aircraft.obj
 0002:00000520       __real@3ff0000000000000    0000000180016520     c1_mpc_aircraft.obj
 0002:00000528       __real@4018000000000000    0000000180016528     c1_mpc_aircraft.obj
 0002:00000530       __mask@@NegDouble@         0000000180016530     c1_mpc_aircraft.obj
 0002:00000540       __real@3d719799812dea11    0000000180016540     c1_mpc_aircraft.obj
 0002:00000548       __real@408f400000000000    0000000180016548     c1_mpc_aircraft.obj
 0002:00000550       DYNAMIC_DIMENSION_DEF      0000000180016550     mpc_aircraft_sfun_registry.obj
 0002:00000570       _ssBadLevel2InputAccessMsg 0000000180016570     mpc_aircraft_sfun_registry.obj
 0002:00000700       _ssBadLevel2DirectFeedMsg  0000000180016700     mpc_aircraft_sfun_registry.obj
 0002:00000840       _ssBadLevel2DirectFeedSolutionMsg 0000000180016840     mpc_aircraft_sfun_registry.obj
 0002:000008b0       _ssBadLevel2ZeroDirectFeedMsg 00000001800168b0     mpc_aircraft_sfun_registry.obj
 0002:000009f0       _ssBadLevel2ZeroDirectFeedMsg2 00000001800169f0     mpc_aircraft_sfun_registry.obj
 0002:00000ad8       __real@0000000000000000    0000000180016ad8     mpc_aircraft_sfun_registry.obj
 0002:00000ae0       __real@bff0000000000000    0000000180016ae0     mpc_aircraft_sfun_registry.obj
 0002:00000ae8       __real@41602cbca0000000    0000000180016ae8     mpc_aircraft_sfun_registry.obj
 0002:00000af0       _pDefaultRawDllMain        0000000180016af0     MSVCRT:crtdll.obj
 0002:00000af0       _pRawDllMain               0000000180016af0     MSVCRT:crtdll.obj
 0002:00000b08       ?ProcessDetach@NativeDll@<CrtImplementationDetails>@@0IB 0000000180016b08     MSVCRT:tncleanup.obj
 0002:00000b0c       ?ProcessAttach@NativeDll@<CrtImplementationDetails>@@0IB 0000000180016b0c     MSVCRT:tncleanup.obj
 0002:00000b10       ?ThreadAttach@NativeDll@<CrtImplementationDetails>@@0IB 0000000180016b10     MSVCRT:tncleanup.obj
 0002:00000b14       ?ThreadDetach@NativeDll@<CrtImplementationDetails>@@0IB 0000000180016b14     MSVCRT:tncleanup.obj
 0002:00000b18       ?ProcessVerifier@NativeDll@<CrtImplementationDetails>@@0IB 0000000180016b18     MSVCRT:tncleanup.obj
 0002:00000b20       __rtc_iaa                  0000000180016b20     MSVCRT:_initsect_.obj
 0002:00000b28       __rtc_izz                  0000000180016b28     MSVCRT:_initsect_.obj
 0002:00000b30       __rtc_taa                  0000000180016b30     MSVCRT:_initsect_.obj
 0002:00000b38       __rtc_tzz                  0000000180016b38     MSVCRT:_initsect_.obj
 0002:0000142c       __IMPORT_DESCRIPTOR_sf_runtime 000000018001742c     sf_runtime:sf_runtime.dll
 0002:00001440       __IMPORT_DESCRIPTOR_libmx  0000000180017440     libmx:libmx.dll
 0002:00001454       __IMPORT_DESCRIPTOR_libmex 0000000180017454     libmex:libmex.dll
 0002:00001468       __IMPORT_DESCRIPTOR_libut  0000000180017468     libut:libut.dll
 0002:0000147c       __IMPORT_DESCRIPTOR_MSVCR100 000000018001747c     MSVCRT:MSVCR100.dll
 0002:00001490       __IMPORT_DESCRIPTOR_KERNEL32 0000000180017490     kernel32:KERNEL32.dll
 0002:000014a4       __NULL_IMPORT_DESCRIPTOR   00000001800174a4     sf_runtime:sf_runtime.dll
 0003:00001840       DYNAMIC_DIMENSION          000000018001a840     mpc_aircraft_sfun_registry.obj
 0003:000024d8       __security_cookie          000000018001b4d8     MSVCRT:gs_cookie.obj
 0003:000024e0       __security_cookie_complement 000000018001b4e0     MSVCRT:gs_cookie.obj
 0003:000024e8       _fltused                   000000018001b4e8     MSVCRT:dllsupp.obj
 0003:000024f0       __native_dllmain_reason    000000018001b4f0     MSVCRT:natstart.obj
 0003:000024f4       __native_vcclrit_reason    000000018001b4f4     MSVCRT:natstart.obj
 0003:000025e8       sfGlobalDebugInstanceStruct 000000018001b5e8     mpc_aircraft_sfun_registry.obj
 0003:00002b70       ?__type_info_root_node@@3U__type_info_node@@A 000000018001bb70     MSVCRT:tncleanup.obj
 0003:00002b80       _mpc_aircraftMachineNumber_ 000000018001bb80     <common>
 0003:00002b84       __native_startup_state     000000018001bb84     <common>
 0003:00002b88       __native_startup_lock      000000018001bb88     <common>
 0003:00002b90       __onexitend                000000018001bb90     <common>
 0003:00002b98       __onexitbegin              000000018001bb98     <common>
 0003:00002ba0       __dyn_tls_init_callback    000000018001bba0     <common>

 entry point at        0001:000145e8

 Static symbols

 0001:00002b50       mdlProcessParameters_c1_mpc_aircraft 0000000180003b50 f   c1_mpc_aircraft.obj
 0001:00002c30       initialize_params_c1_mpc_aircraft 0000000180003c30 f   c1_mpc_aircraft.obj
 0001:00002c40       mdlSetWorkWidths_c1_mpc_aircraft 0000000180003c40 f   c1_mpc_aircraft.obj
 0001:00003350       sf_get_instance_specialization 0000000180004350 f   c1_mpc_aircraft.obj
 0001:00003360       mdlStart_c1_mpc_aircraft   0000000180004360 f   c1_mpc_aircraft.obj
 0001:000035e0       init_dsm_address_info      00000001800045e0 f   c1_mpc_aircraft.obj
 0001:000035f0       init_simulink_io_address   00000001800045f0 f   c1_mpc_aircraft.obj
 0001:00003800       sf_get_sim_state_info_c1_mpc_aircraft 0000000180004800 f   c1_mpc_aircraft.obj
 0001:000038c0       chart_debug_initialization 00000001800048c0 f   c1_mpc_aircraft.obj
 0001:00004ed0       init_script_number_translation 0000000180005ed0 f   c1_mpc_aircraft.obj
 0001:00004ef0       c1_sf_marshallOut          0000000180005ef0 f   c1_mpc_aircraft.obj
 0001:00004fa0       c1_sf_marshallIn           0000000180005fa0 f   c1_mpc_aircraft.obj
 0001:00005040       c1_b_sf_marshallOut        0000000180006040 f   c1_mpc_aircraft.obj
 0001:00005170       c1_b_sf_marshallIn         0000000180006170 f   c1_mpc_aircraft.obj
 0001:00005280       c1_b_emlrt_marshallIn      0000000180006280 f   c1_mpc_aircraft.obj
 0001:00005380       c1_c_sf_marshallOut        0000000180006380 f   c1_mpc_aircraft.obj
 0001:000054b0       c1_c_sf_marshallIn         00000001800064b0 f   c1_mpc_aircraft.obj
 0001:000055c0       c1_d_emlrt_marshallIn      00000001800065c0 f   c1_mpc_aircraft.obj
 0001:000056c0       c1_d_sf_marshallOut        00000001800066c0 f   c1_mpc_aircraft.obj
 0001:000057b0       c1_d_sf_marshallIn         00000001800067b0 f   c1_mpc_aircraft.obj
 0001:00005880       c1_f_emlrt_marshallIn      0000000180006880 f   c1_mpc_aircraft.obj
 0001:00005950       c1_e_sf_marshallOut        0000000180006950 f   c1_mpc_aircraft.obj
 0001:00005ad0       c1_f_sf_marshallOut        0000000180006ad0 f   c1_mpc_aircraft.obj
 0001:00005c50       c1_g_sf_marshallOut        0000000180006c50 f   c1_mpc_aircraft.obj
 0001:00005de0       c1_h_sf_marshallOut        0000000180006de0 f   c1_mpc_aircraft.obj
 0001:00005f60       c1_i_sf_marshallOut        0000000180006f60 f   c1_mpc_aircraft.obj
 0001:000060e0       c1_j_sf_marshallOut        00000001800070e0 f   c1_mpc_aircraft.obj
 0001:00006270       c1_k_sf_marshallOut        0000000180007270 f   c1_mpc_aircraft.obj
 0001:000063f0       c1_n_emlrt_marshallIn      00000001800073f0 f   c1_mpc_aircraft.obj
 0001:00006480       sf_opaque_initialize_c1_mpc_aircraft 0000000180007480 f   c1_mpc_aircraft.obj
 0001:000064c0       initialize_c1_mpc_aircraft 00000001800074c0 f   c1_mpc_aircraft.obj
 0001:00006530       initSimStructsc1_mpc_aircraft 0000000180007530 f   c1_mpc_aircraft.obj
 0001:00006540       chart_debug_initialize_data_addresses 0000000180007540 f   c1_mpc_aircraft.obj
 0001:00006ad0       sf_opaque_enable_c1_mpc_aircraft 0000000180007ad0 f   c1_mpc_aircraft.obj
 0001:00006af0       enable_c1_mpc_aircraft     0000000180007af0 f   c1_mpc_aircraft.obj
 0001:00006b20       sf_opaque_disable_c1_mpc_aircraft 0000000180007b20 f   c1_mpc_aircraft.obj
 0001:00006b40       disable_c1_mpc_aircraft    0000000180007b40 f   c1_mpc_aircraft.obj
 0001:00006b70       sf_opaque_gateway_c1_mpc_aircraft 0000000180007b70 f   c1_mpc_aircraft.obj
 0001:00006b90       sf_gateway_c1_mpc_aircraft 0000000180007b90 f   c1_mpc_aircraft.obj
 0001:000078c0       c1_chartstep_c1_mpc_aircraft 00000001800088c0 f   c1_mpc_aircraft.obj
 0001:0000ac20       c1_l_sf_marshallOut        000000018000bc20 f   c1_mpc_aircraft.obj
 0001:0000ad40       c1_e_sf_marshallIn         000000018000bd40 f   c1_mpc_aircraft.obj
 0001:0000ae40       c1_m_sf_marshallOut        000000018000be40 f   c1_mpc_aircraft.obj
 0001:0000af60       c1_f_sf_marshallIn         000000018000bf60 f   c1_mpc_aircraft.obj
 0001:0000b070       c1_g_emlrt_marshallIn      000000018000c070 f   c1_mpc_aircraft.obj
 0001:0000b160       c1_n_sf_marshallOut        000000018000c160 f   c1_mpc_aircraft.obj
 0001:0000b670       c1_g_sf_marshallIn         000000018000c670 f   c1_mpc_aircraft.obj
 0001:0000b790       c1_h_emlrt_marshallIn      000000018000c790 f   c1_mpc_aircraft.obj
 0001:0000ba20       c1_i_emlrt_marshallIn      000000018000ca20 f   c1_mpc_aircraft.obj
 0001:0000bb20       c1_j_emlrt_marshallIn      000000018000cb20 f   c1_mpc_aircraft.obj
 0001:0000bbf0       c1_eml_scalar_eg           000000018000cbf0 f   c1_mpc_aircraft.obj
 0001:0000bc00       c1_threshold               000000018000cc00 f   c1_mpc_aircraft.obj
 0001:0000bc10       c1_b_eml_scalar_eg         000000018000cc10 f   c1_mpc_aircraft.obj
 0001:0000bc20       c1_c_eml_scalar_eg         000000018000cc20 f   c1_mpc_aircraft.obj
 0001:0000bc30       c1_d_eml_scalar_eg         000000018000cc30 f   c1_mpc_aircraft.obj
 0001:0000bc40       c1_e_eml_scalar_eg         000000018000cc40 f   c1_mpc_aircraft.obj
 0001:0000bc50       c1_f_eml_scalar_eg         000000018000cc50 f   c1_mpc_aircraft.obj
 0001:0000bc60       c1_k_emlrt_marshallIn      000000018000cc60 f   c1_mpc_aircraft.obj
 0001:0000bcd0       c1_l_emlrt_marshallIn      000000018000ccd0 f   c1_mpc_aircraft.obj
 0001:0000bdc0       c1_m_emlrt_marshallIn      000000018000cdc0 f   c1_mpc_aircraft.obj
 0001:0000be30       sf_opaque_get_sim_state_c1_mpc_aircraft 000000018000ce30 f   c1_mpc_aircraft.obj
 0001:0000be80       get_sim_state_c1_mpc_aircraft 000000018000ce80 f   c1_mpc_aircraft.obj
 0001:0000c250       sf_opaque_set_sim_state_c1_mpc_aircraft 000000018000d250 f   c1_mpc_aircraft.obj
 0001:0000c2a0       set_sim_state_c1_mpc_aircraft 000000018000d2a0 f   c1_mpc_aircraft.obj
 0001:0000c5c0       c1_update_debugger_state_c1_mpc_aircraft 000000018000d5c0 f   c1_mpc_aircraft.obj
 0001:0000c5d0       c1_emlrt_marshallIn        000000018000d5d0 f   c1_mpc_aircraft.obj
 0001:0000c640       c1_c_emlrt_marshallIn      000000018000d640 f   c1_mpc_aircraft.obj
 0001:0000c6b0       c1_e_emlrt_marshallIn      000000018000d6b0 f   c1_mpc_aircraft.obj
 0001:0000c720       c1_p_emlrt_marshallIn      000000018000d720 f   c1_mpc_aircraft.obj
 0001:0000c780       c1_q_emlrt_marshallIn      000000018000d780 f   c1_mpc_aircraft.obj
 0001:0000c810       sf_opaque_terminate_c1_mpc_aircraft 000000018000d810 f   c1_mpc_aircraft.obj
 0001:0000c8b0       finalize_c1_mpc_aircraft   000000018000d8b0 f   c1_mpc_aircraft.obj
 0001:0000c8c0       mdlRTW_c1_mpc_aircraft     000000018000d8c0 f   c1_mpc_aircraft.obj
 0001:0000d670       getChartInfoFromSimStruct  000000018000e670 f   mpc_aircraft_sfun_registry.obj
 0001:0000f590       _ssFatalError              0000000180010590 f   mpc_aircraft_sfun_registry.obj
 0001:00012860       ProcessMexSfunctionCmdLineCall 0000000180013860 f   mpc_aircraft_sfun_registry.obj
 0001:00012a00       sf_debug_api_wrapper       0000000180013a00 f   mpc_aircraft_sfun_registry.obj
 0001:00012a50       mdlStart                   0000000180013a50 f   mpc_aircraft_sfun_registry.obj
 0001:00012a80       mdl_start_processing       0000000180013a80 f   mpc_aircraft_sfun_registry.obj
 0001:00012b40       mdlTerminate               0000000180013b40 f   mpc_aircraft_sfun_registry.obj
 0001:00012b70       mdl_terminate_processing   0000000180013b70 f   mpc_aircraft_sfun_registry.obj
 0001:00012bf0       mdlInitializeSampleTimes   0000000180013bf0 f   mpc_aircraft_sfun_registry.obj
 0001:00012c20       mdlZeroCrossings           0000000180013c20 f   mpc_aircraft_sfun_registry.obj
 0001:00012c50       mdl_zeroCrossings_processing 0000000180013c50 f   mpc_aircraft_sfun_registry.obj
 0001:00012c90       mdlDerivatives             0000000180013c90 f   mpc_aircraft_sfun_registry.obj
 0001:00012cc0       mdl_derivatives_processing 0000000180013cc0 f   mpc_aircraft_sfun_registry.obj
 0001:00012d10       mdlInitializeConditions    0000000180013d10 f   mpc_aircraft_sfun_registry.obj
 0001:00012d40       mdl_initialize_conditions_processing 0000000180013d40 f   mpc_aircraft_sfun_registry.obj
 0001:00012d90       mdlEnable                  0000000180013d90 f   mpc_aircraft_sfun_registry.obj
 0001:00012dc0       mdl_enable_processing      0000000180013dc0 f   mpc_aircraft_sfun_registry.obj
 0001:00012e00       mdlDisable                 0000000180013e00 f   mpc_aircraft_sfun_registry.obj
 0001:00012e30       mdl_disable_processing     0000000180013e30 f   mpc_aircraft_sfun_registry.obj
 0001:00012e70       mdlOutputs                 0000000180013e70 f   mpc_aircraft_sfun_registry.obj
 0001:00012ea0       mdl_outputs_processing     0000000180013ea0 f   mpc_aircraft_sfun_registry.obj
 0001:00012fc0       mdl_outputs_continuous_legacy 0000000180013fc0 f   mpc_aircraft_sfun_registry.obj
 0001:000130b0       mdlUpdate                  00000001800140b0 f   mpc_aircraft_sfun_registry.obj
 0001:000130e0       mdl_update_processing      00000001800140e0 f   mpc_aircraft_sfun_registry.obj
 0001:00013140       mdlGetTimeOfNextVarHit     0000000180014140 f   mpc_aircraft_sfun_registry.obj
 0001:00013190       _ProcessMexSfunctionCmdLineCall 0000000180014190 f   mpc_aircraft_sfun_registry.obj
 0001:000138f0       mdlSetWorkWidths           00000001800148f0 f   mpc_aircraft_sfun_registry.obj
 0001:00013920       mdlProcessParameters       0000000180014920 f   mpc_aircraft_sfun_registry.obj
 0001:00013950       mdlInitializeSizes         0000000180014950 f   mpc_aircraft_sfun_registry.obj
 0001:00013980       mdlExtModeExec             0000000180014980 f   mpc_aircraft_sfun_registry.obj
 0001:000139b0       mdl_ext_mode_exec_processing 00000001800149b0 f   mpc_aircraft_sfun_registry.obj
 0001:000139f0       mdlRTW                     00000001800149f0 f   mpc_aircraft_sfun_registry.obj
 0001:00013a30       _CreateSimStruct           0000000180014a30 f   mpc_aircraft_sfun_registry.obj
 0001:00013bc0       _RegNumInputPortsCB        0000000180014bc0 f   mpc_aircraft_sfun_registry.obj
 0001:00013c40       _RegNumOutputPortsCB       0000000180014c40 f   mpc_aircraft_sfun_registry.obj
 0001:000141f0       pre_c_init                 00000001800151f0 f   MSVCRT:crtdll.obj
 0001:000144ac       __DllMainCRTStartup        00000001800154ac f   MSVCRT:crtdll.obj
 0001:00014b10       __DllMainCRTStartup$filt$0 0000000180015b10 f   MSVCRT:crtdll.obj
 0001:00014b40       __DllMainCRTStartup$fin$1  0000000180015b40 f   MSVCRT:crtdll.obj
 0001:00014b5a       _onexit$fin$0              0000000180015b5a f   MSVCRT:atonexit.obj
 0001:00014b80       _IsNonwritableInCurrentImage$filt$0 0000000180015b80 f   MSVCRT:pesect.obj
